2026-05-21T15:46:11.280Z [DEBUG] [config.AppConfig    ] [Config] Carregado: station.properties
2026-05-21T15:46:11.283Z [DEBUG] [config.AppConfig    ] [Config] Carregado: station-local.properties
2026-05-21T15:46:11.284Z [INFO ] [config.AppConfig    ] [Config] station-local.properties carregado — sobrescrevendo valores base.
2026-05-21T15:46:11.284Z [INFO ] [config.AppConfig    ] ╔══════════════════════════════════════════╗
2026-05-21T15:46:11.284Z [INFO ] [config.AppConfig    ] ║       Configuração Carregada             ║
2026-05-21T15:46:11.285Z [INFO ] [config.AppConfig    ] ╠══════════════════════════════════════════╣
2026-05-21T15:46:11.285Z [INFO ] [config.AppConfig    ] ║ Estação ID : estacao_01
2026-05-21T15:46:11.285Z [INFO ] [config.AppConfig    ] ║ Broker     : localhost:1883
2026-05-21T15:46:11.285Z [INFO ] [config.AppConfig    ] ║ Tópico     : ambiente/estacao/estacao_01/telemetria
2026-05-21T15:46:11.285Z [INFO ] [config.AppConfig    ] ║ Status     : ambiente/estacao/estacao_01/status
2026-05-21T15:46:11.285Z [INFO ] [config.AppConfig    ] ║ Intervalo  : 10000 ms
2026-05-21T15:46:11.285Z [INFO ] [config.AppConfig    ] ║ QoS        : 1
2026-05-21T15:46:11.285Z [INFO ] [config.AppConfig    ] ║ Lat/Lon    : -5.207645788981328, -37.32216460818565
2026-05-21T15:46:11.286Z [INFO ] [config.AppConfig    ] ║ Seed       : 42
2026-05-21T15:46:11.286Z [INFO ] [config.AppConfig    ] ╚══════════════════════════════════════════╝
2026-05-21T15:46:11.400Z [INFO ] [sensor.SensorSim    ] [Sensor] Inicializado | seed=42 | temp_base=29.0°C | hum_base=71.0%
2026-05-21T15:46:11.439Z [DEBUG] [mqtt.MqttPublisher  ] [MQTT] LWT configurado: ambiente/estacao/estacao_01/status
2026-05-21T15:46:11.439Z [INFO ] [mqtt.MqttPublisher  ] [MQTT] Conectando ao broker: tcp://localhost:1883 | clientId: estacao_01_1779378371401
2026-05-21T15:46:11.755Z [DEBUG] [mqtt.MqttPublisher  ] [MQTT] connectComplete (conexão inicial): tcp://localhost:1883
2026-05-21T15:46:11.755Z [INFO ] [mqtt.MqttPublisher  ] [MQTT] Conectado com sucesso!
2026-05-21T15:46:11.759Z [INFO ] [mqtt.MqttPublisher  ] [MQTT] Status publicado: online=true
2026-05-21T15:46:11.781Z [INFO ] [mqtt.MqttPublisher  ] [MQTT] Status publicado: online=false
2026-05-21T15:46:11.783Z [INFO ] [mqtt.MqttPublisher  ] [MQTT] Desconectado graciosamente.
2026-05-21T15:50:05.225Z [DEBUG] [config.AppConfig    ] [Config] Carregado: station.properties
2026-05-21T15:50:05.226Z [DEBUG] [config.AppConfig    ] [Config] Carregado: station-local.properties
2026-05-21T15:50:05.227Z [INFO ] [config.AppConfig    ] [Config] station-local.properties carregado — sobrescrevendo valores base.
2026-05-21T15:50:05.227Z [INFO ] [config.AppConfig    ] ╔══════════════════════════════════════════╗
2026-05-21T15:50:05.227Z [INFO ] [config.AppConfig    ] ║       Configuração Carregada             ║
2026-05-21T15:50:05.228Z [INFO ] [config.AppConfig    ] ╠══════════════════════════════════════════╣
2026-05-21T15:50:05.228Z [INFO ] [config.AppConfig    ] ║ Estação ID : estacao_01
2026-05-21T15:50:05.228Z [INFO ] [config.AppConfig    ] ║ Broker     : localhost:1883
2026-05-21T15:50:05.228Z [INFO ] [config.AppConfig    ] ║ Tópico     : ambiente/estacao/estacao_01/telemetria
2026-05-21T15:50:05.228Z [INFO ] [config.AppConfig    ] ║ Status     : ambiente/estacao/estacao_01/status
2026-05-21T15:50:05.228Z [INFO ] [config.AppConfig    ] ║ Intervalo  : 10000 ms
2026-05-21T15:50:05.228Z [INFO ] [config.AppConfig    ] ║ QoS        : 1
2026-05-21T15:50:05.228Z [INFO ] [config.AppConfig    ] ║ Lat/Lon    : -5.207645788981328, -37.32216460818565
2026-05-21T15:50:05.228Z [INFO ] [config.AppConfig    ] ║ Seed       : 42
2026-05-21T15:50:05.228Z [INFO ] [config.AppConfig    ] ╚══════════════════════════════════════════╝
2026-05-21T15:50:05.315Z [INFO ] [sensor.SensorSim    ] [Sensor] Inicializado | seed=42 | temp_base=29.0°C | hum_base=71.0%
2026-05-21T15:50:05.361Z [DEBUG] [mqtt.MqttPublisher  ] [MQTT] LWT configurado: ambiente/estacao/estacao_01/status
2026-05-21T15:50:05.361Z [INFO ] [mqtt.MqttPublisher  ] [MQTT] Conectando ao broker: tcp://localhost:1883 | clientId: estacao_01_1779378605315
2026-05-21T15:50:05.679Z [INFO ] [mqtt.MqttPublisher  ] [MQTT] Conectado com sucesso!
2026-05-21T15:50:05.679Z [DEBUG] [mqtt.MqttPublisher  ] [MQTT] connectComplete (conexão inicial): tcp://localhost:1883
2026-05-21T15:50:05.683Z [INFO ] [mqtt.MqttPublisher  ] [MQTT] Status publicado: online=true
2026-05-21T15:50:05.700Z [DEBUG] [sensor.SensorSim    ] [Sensor] seq=1 | tmp=29.46 | hum=71.5 | pres=1012.9 | co2=412.2 | uv=3.6 | rssi=-47
2026-05-21T15:50:05.722Z [DEBUG] [p.PayloadBuilder    ] [Payload] seq=1 | 178 bytes | {"id":"estacao_01","ts":"2026-05-21T15:50:05.699Z","lat":-5.207645788981328,"lon":-37.32216460818565,"tmp":29.46,"hum":71.5,"pres":1012.9,"co2":412.2,"uv":3.6,"rssi":-47,"seq":1}
2026-05-21T15:50:05.724Z [DEBUG] [mqtt.MqttPublisher  ] [MQTT] Publicado | msgId=2 | topic=ambiente/estacao/estacao_01/telemetria | 178 bytes | QoS=1
2026-05-21T15:50:05.725Z [DEBUG] [mqtt.MqttPublisher  ] [MQTT] PUBACK | msgId=2 | latência=1 ms
2026-05-21T15:50:05.727Z [INFO ] [mqtt.MqttPublisher  ] [MQTT] Status publicado: online=false
2026-05-21T15:50:05.730Z [INFO ] [mqtt.MqttPublisher  ] [MQTT] Desconectado graciosamente.
2026-05-21T15:53:51.082Z [DEBUG] [config.AppConfig    ] [Config] Carregado: station.properties
2026-05-21T15:53:51.083Z [DEBUG] [config.AppConfig    ] [Config] Carregado: station-local.properties
2026-05-21T15:53:51.083Z [INFO ] [config.AppConfig    ] [Config] station-local.properties carregado — sobrescrevendo valores base.
2026-05-21T15:53:51.084Z [INFO ] [config.AppConfig    ] ╔══════════════════════════════════════════╗
2026-05-21T15:53:51.084Z [INFO ] [config.AppConfig    ] ║       Configuração Carregada             ║
2026-05-21T15:53:51.084Z [INFO ] [config.AppConfig    ] ╠══════════════════════════════════════════╣
2026-05-21T15:53:51.084Z [INFO ] [config.AppConfig    ] ║ Estação ID : estacao_01
2026-05-21T15:53:51.084Z [INFO ] [config.AppConfig    ] ║ Broker     : localhost:1883
2026-05-21T15:53:51.084Z [INFO ] [config.AppConfig    ] ║ Tópico     : ambiente/estacao/estacao_01/telemetria
2026-05-21T15:53:51.084Z [INFO ] [config.AppConfig    ] ║ Status     : ambiente/estacao/estacao_01/status
2026-05-21T15:53:51.084Z [INFO ] [config.AppConfig    ] ║ Intervalo  : 10000 ms
2026-05-21T15:53:51.084Z [INFO ] [config.AppConfig    ] ║ QoS        : 1
2026-05-21T15:53:51.084Z [INFO ] [config.AppConfig    ] ║ Lat/Lon    : -5.207645788981328, -37.32216460818565
2026-05-21T15:53:51.085Z [INFO ] [config.AppConfig    ] ║ Seed       : 42
2026-05-21T15:53:51.085Z [INFO ] [config.AppConfig    ] ╚══════════════════════════════════════════╝
2026-05-21T15:53:51.164Z [INFO ] [sensor.SensorSim    ] [Sensor] Inicializado | seed=42 | temp_base=29.0°C | hum_base=71.0%
2026-05-21T15:53:51.211Z [DEBUG] [mqtt.MqttPublisher  ] [MQTT] LWT configurado: ambiente/estacao/estacao_01/status
2026-05-21T15:53:51.211Z [INFO ] [mqtt.MqttPublisher  ] [MQTT] Conectando ao broker: tcp://localhost:1883 | clientId: estacao_01_1779378831164
2026-05-21T15:53:51.528Z [INFO ] [mqtt.MqttPublisher  ] [MQTT] Conectado com sucesso!
2026-05-21T15:53:51.528Z [DEBUG] [mqtt.MqttPublisher  ] [MQTT] connectComplete (conexão inicial): tcp://localhost:1883
2026-05-21T15:53:51.533Z [INFO ] [mqtt.MqttPublisher  ] [MQTT] Status publicado: online=true
2026-05-21T15:53:51.543Z [DEBUG] [sensor.SensorSim    ] [Sensor] seq=1 | tmp=29.46 | hum=71.5 | pres=1012.92 | co2=412.2 | uv=3.6 | rssi=-47
2026-05-21T15:53:51.560Z [DEBUG] [p.PayloadBuilder    ] [Payload] seq=1 | 179 bytes | {"id":"estacao_01","ts":"2026-05-21T15:53:51.542Z","lat":-5.207645788981328,"lon":-37.32216460818565,"tmp":29.46,"hum":71.5,"pres":1012.92,"co2":412.2,"uv":3.6,"rssi":-47,"seq":1}
2026-05-21T15:53:51.560Z [DEBUG] [mqtt.MqttPublisher  ] [MQTT] Publicado | msgId=2 | topic=ambiente/estacao/estacao_01/telemetria | 179 bytes | QoS=1
2026-05-21T15:53:51.561Z [DEBUG] [sensor.SensorSim    ] [Sensor] seq=2 | tmp=28.67 | hum=70.0 | pres=1013.14 | co2=418.7 | uv=3.8 | rssi=-52
2026-05-21T15:53:51.561Z [DEBUG] [p.PayloadBuilder    ] [Payload] seq=2 | 179 bytes | {"id":"estacao_01","ts":"2026-05-21T15:53:51.561Z","lat":-5.207645788981328,"lon":-37.32216460818565,"tmp":28.67,"hum":70.0,"pres":1013.14,"co2":418.7,"uv":3.8,"rssi":-52,"seq":2}
2026-05-21T15:53:51.561Z [DEBUG] [mqtt.MqttPublisher  ] [MQTT] PUBACK | msgId=2 | latência=1 ms
2026-05-21T15:53:51.561Z [DEBUG] [mqtt.MqttPublisher  ] [MQTT] Publicado | msgId=3 | topic=ambiente/estacao/estacao_01/telemetria | 179 bytes | QoS=1
2026-05-21T15:53:51.561Z [DEBUG] [sensor.SensorSim    ] [Sensor] seq=3 | tmp=29.56 | hum=70.2 | pres=1012.84 | co2=415.9 | uv=3.4 | rssi=-48
2026-05-21T15:53:51.562Z [DEBUG] [p.PayloadBuilder    ] [Payload] seq=3 | 179 bytes | {"id":"estacao_01","ts":"2026-05-21T15:53:51.561Z","lat":-5.207645788981328,"lon":-37.32216460818565,"tmp":29.56,"hum":70.2,"pres":1012.84,"co2":415.9,"uv":3.4,"rssi":-48,"seq":3}
2026-05-21T15:53:51.562Z [DEBUG] [mqtt.MqttPublisher  ] [MQTT] Publicado | msgId=4 | topic=ambiente/estacao/estacao_01/telemetria | 179 bytes | QoS=1
2026-05-21T15:53:51.562Z [DEBUG] [sensor.SensorSim    ] [Sensor] seq=4 | tmp=28.52 | hum=71.5 | pres=1013.67 | co2=416.1 | uv=3.7 | rssi=-40
2026-05-21T15:53:51.563Z [DEBUG] [p.PayloadBuilder    ] [Payload] seq=4 | 179 bytes | {"id":"estacao_01","ts":"2026-05-21T15:53:51.562Z","lat":-5.207645788981328,"lon":-37.32216460818565,"tmp":28.52,"hum":71.5,"pres":1013.67,"co2":416.1,"uv":3.7,"rssi":-40,"seq":4}
2026-05-21T15:53:51.563Z [DEBUG] [mqtt.MqttPublisher  ] [MQTT] Publicado | msgId=5 | topic=ambiente/estacao/estacao_01/telemetria | 179 bytes | QoS=1
2026-05-21T15:53:51.564Z [DEBUG] [sensor.SensorSim    ] [Sensor] seq=5 | tmp=28.89 | hum=71.0 | pres=1013.58 | co2=414.2 | uv=3.5 | rssi=-66
2026-05-21T15:53:51.564Z [DEBUG] [mqtt.MqttPublisher  ] [MQTT] PUBACK | msgId=3 | latência=3 ms
2026-05-21T15:53:51.564Z [DEBUG] [p.PayloadBuilder    ] [Payload] seq=5 | 179 bytes | {"id":"estacao_01","ts":"2026-05-21T15:53:51.563Z","lat":-5.207645788981328,"lon":-37.32216460818565,"tmp":28.89,"hum":71.0,"pres":1013.58,"co2":414.2,"uv":3.5,"rssi":-66,"seq":5}
2026-05-21T15:53:51.564Z [DEBUG] [mqtt.MqttPublisher  ] [MQTT] PUBACK | msgId=4 | latência=2 ms
2026-05-21T15:53:51.564Z [DEBUG] [mqtt.MqttPublisher  ] [MQTT] PUBACK | msgId=5 | latência=1 ms
2026-05-21T15:53:51.564Z [DEBUG] [mqtt.MqttPublisher  ] [MQTT] Publicado | msgId=6 | topic=ambiente/estacao/estacao_01/telemetria | 179 bytes | QoS=1
2026-05-21T15:53:51.565Z [DEBUG] [mqtt.MqttPublisher  ] [MQTT] PUBACK | msgId=6 | latência=1 ms
2026-05-21T15:53:54.573Z [INFO ] [mqtt.MqttPublisher  ] [MQTT] Status publicado: online=false
2026-05-21T15:53:54.576Z [INFO ] [mqtt.MqttPublisher  ] [MQTT] Desconectado graciosamente.
2026-05-21T15:56:33.669Z [DEBUG] [config.AppConfig    ] [Config] Carregado: station.properties
2026-05-21T15:56:33.670Z [DEBUG] [config.AppConfig    ] [Config] Carregado: station-local.properties
2026-05-21T15:56:33.670Z [INFO ] [config.AppConfig    ] [Config] station-local.properties carregado — sobrescrevendo valores base.
2026-05-21T15:56:33.671Z [INFO ] [config.AppConfig    ] ╔══════════════════════════════════════════╗
2026-05-21T15:56:33.671Z [INFO ] [config.AppConfig    ] ║       Configuração Carregada             ║
2026-05-21T15:56:33.671Z [INFO ] [config.AppConfig    ] ╠══════════════════════════════════════════╣
2026-05-21T15:56:33.671Z [INFO ] [config.AppConfig    ] ║ Estação ID : estacao_01
2026-05-21T15:56:33.671Z [INFO ] [config.AppConfig    ] ║ Broker     : localhost:1883
2026-05-21T15:56:33.672Z [INFO ] [config.AppConfig    ] ║ Tópico     : ambiente/estacao/estacao_01/telemetria
2026-05-21T15:56:33.672Z [INFO ] [config.AppConfig    ] ║ Status     : ambiente/estacao/estacao_01/status
2026-05-21T15:56:33.672Z [INFO ] [config.AppConfig    ] ║ Intervalo  : 10000 ms
2026-05-21T15:56:33.672Z [INFO ] [config.AppConfig    ] ║ QoS        : 1
2026-05-21T15:56:33.672Z [INFO ] [config.AppConfig    ] ║ Lat/Lon    : -5.207645788981328, -37.32216460818565
2026-05-21T15:56:33.672Z [INFO ] [config.AppConfig    ] ║ Seed       : 42
2026-05-21T15:56:33.672Z [INFO ] [config.AppConfig    ] ╚══════════════════════════════════════════╝
2026-05-21T15:56:33.753Z [INFO ] [sensor.SensorSim    ] [Sensor] Inicializado | seed=42 | temp_base=29.0°C | hum_base=71.0%
2026-05-21T15:56:33.796Z [DEBUG] [mqtt.MqttPublisher  ] [MQTT] LWT configurado: ambiente/estacao/estacao_01/status
2026-05-21T15:56:33.796Z [INFO ] [mqtt.MqttPublisher  ] [MQTT] Conectando ao broker: tcp://localhost:1883 | clientId: estacao_01_1779378993754
2026-05-21T15:56:34.112Z [INFO ] [mqtt.MqttPublisher  ] [MQTT] Conectado com sucesso!
2026-05-21T15:56:34.112Z [DEBUG] [mqtt.MqttPublisher  ] [MQTT] connectComplete (conexão inicial): tcp://localhost:1883
2026-05-21T15:56:34.117Z [INFO ] [mqtt.MqttPublisher  ] [MQTT] Status publicado: online=true
2026-05-21T15:56:34.133Z [DEBUG] [sensor.SensorSim    ] [Sensor] seq=1 | tmp=29.46 | hum=71.5 | pres=1012.94 | co2=412.2 | uv=3.6 | rssi=-47
2026-05-21T15:56:34.149Z [DEBUG] [p.PayloadBuilder    ] [Payload] seq=1 | 179 bytes | {"id":"estacao_01","ts":"2026-05-21T15:56:34.133Z","lat":-5.207645788981328,"lon":-37.32216460818565,"tmp":29.46,"hum":71.5,"pres":1012.94,"co2":412.2,"uv":3.6,"rssi":-47,"seq":1}
2026-05-21T15:56:34.149Z [DEBUG] [mqtt.MqttPublisher  ] [MQTT] Publicado | msgId=2 | topic=ambiente/estacao/estacao_01/telemetria | 179 bytes | QoS=1
2026-05-21T15:56:34.149Z [DEBUG] [sensor.SensorSim    ] [Sensor] seq=2 | tmp=28.67 | hum=70.0 | pres=1013.16 | co2=418.7 | uv=3.8 | rssi=-52
2026-05-21T15:56:34.150Z [DEBUG] [p.PayloadBuilder    ] [Payload] seq=2 | 179 bytes | {"id":"estacao_01","ts":"2026-05-21T15:56:34.149Z","lat":-5.207645788981328,"lon":-37.32216460818565,"tmp":28.67,"hum":70.0,"pres":1013.16,"co2":418.7,"uv":3.8,"rssi":-52,"seq":2}
2026-05-21T15:56:34.150Z [DEBUG] [mqtt.MqttPublisher  ] [MQTT] Publicado | msgId=3 | topic=ambiente/estacao/estacao_01/telemetria | 179 bytes | QoS=1
2026-05-21T15:56:34.150Z [DEBUG] [sensor.SensorSim    ] [Sensor] seq=3 | tmp=29.56 | hum=70.2 | pres=1012.86 | co2=415.9 | uv=3.4 | rssi=-48
2026-05-21T15:56:34.150Z [DEBUG] [mqtt.MqttPublisher  ] [MQTT] PUBACK | msgId=2 | latência=1 ms
2026-05-21T15:56:34.150Z [DEBUG] [p.PayloadBuilder    ] [Payload] seq=3 | 179 bytes | {"id":"estacao_01","ts":"2026-05-21T15:56:34.150Z","lat":-5.207645788981328,"lon":-37.32216460818565,"tmp":29.56,"hum":70.2,"pres":1012.86,"co2":415.9,"uv":3.4,"rssi":-48,"seq":3}
2026-05-21T15:56:34.150Z [DEBUG] [mqtt.MqttPublisher  ] [MQTT] PUBACK | msgId=3 | latência=0 ms
2026-05-21T15:56:34.150Z [DEBUG] [mqtt.MqttPublisher  ] [MQTT] Publicado | msgId=4 | topic=ambiente/estacao/estacao_01/telemetria | 179 bytes | QoS=1
2026-05-21T15:56:34.151Z [DEBUG] [sensor.SensorSim    ] [Sensor] seq=4 | tmp=28.52 | hum=71.5 | pres=1013.69 | co2=416.1 | uv=3.7 | rssi=-40
2026-05-21T15:56:34.151Z [DEBUG] [mqtt.MqttPublisher  ] [MQTT] PUBACK | msgId=4 | latência=1 ms
2026-05-21T15:56:34.151Z [DEBUG] [p.PayloadBuilder    ] [Payload] seq=4 | 179 bytes | {"id":"estacao_01","ts":"2026-05-21T15:56:34.151Z","lat":-5.207645788981328,"lon":-37.32216460818565,"tmp":28.52,"hum":71.5,"pres":1013.69,"co2":416.1,"uv":3.7,"rssi":-40,"seq":4}
2026-05-21T15:56:34.151Z [DEBUG] [mqtt.MqttPublisher  ] [MQTT] Publicado | msgId=5 | topic=ambiente/estacao/estacao_01/telemetria | 179 bytes | QoS=1
2026-05-21T15:56:34.151Z [DEBUG] [sensor.SensorSim    ] [Sensor] seq=5 | tmp=28.89 | hum=71.0 | pres=1013.6 | co2=414.2 | uv=3.5 | rssi=-66
2026-05-21T15:56:34.151Z [DEBUG] [p.PayloadBuilder    ] [Payload] seq=5 | 178 bytes | {"id":"estacao_01","ts":"2026-05-21T15:56:34.151Z","lat":-5.207645788981328,"lon":-37.32216460818565,"tmp":28.89,"hum":71.0,"pres":1013.6,"co2":414.2,"uv":3.5,"rssi":-66,"seq":5}
2026-05-21T15:56:34.151Z [DEBUG] [mqtt.MqttPublisher  ] [MQTT] PUBACK | msgId=5 | latência=0 ms
2026-05-21T15:56:34.152Z [DEBUG] [mqtt.MqttPublisher  ] [MQTT] Publicado | msgId=6 | topic=ambiente/estacao/estacao_01/telemetria | 178 bytes | QoS=1
2026-05-21T15:56:34.152Z [DEBUG] [mqtt.MqttPublisher  ] [MQTT] PUBACK | msgId=6 | latência=1 ms
2026-05-21T15:56:37.164Z [INFO ] [mqtt.MqttPublisher  ] [MQTT] Status publicado: online=false
2026-05-21T15:56:37.169Z [INFO ] [mqtt.MqttPublisher  ] [MQTT] Desconectado graciosamente.
2026-05-21T15:57:19.326Z [DEBUG] [config.AppConfig    ] [Config] Carregado: station.properties
2026-05-21T15:57:19.328Z [DEBUG] [config.AppConfig    ] [Config] Carregado: station-local.properties
2026-05-21T15:57:19.328Z [INFO ] [config.AppConfig    ] [Config] station-local.properties carregado — sobrescrevendo valores base.
2026-05-21T15:57:19.329Z [INFO ] [config.AppConfig    ] ╔══════════════════════════════════════════╗
2026-05-21T15:57:19.329Z [INFO ] [config.AppConfig    ] ║       Configuração Carregada             ║
2026-05-21T15:57:19.329Z [INFO ] [config.AppConfig    ] ╠══════════════════════════════════════════╣
2026-05-21T15:57:19.329Z [INFO ] [config.AppConfig    ] ║ Estação ID : estacao_01
2026-05-21T15:57:19.329Z [INFO ] [config.AppConfig    ] ║ Broker     : localhost:1883
2026-05-21T15:57:19.329Z [INFO ] [config.AppConfig    ] ║ Tópico     : ambiente/estacao/estacao_01/telemetria
2026-05-21T15:57:19.329Z [INFO ] [config.AppConfig    ] ║ Status     : ambiente/estacao/estacao_01/status
2026-05-21T15:57:19.329Z [INFO ] [config.AppConfig    ] ║ Intervalo  : 10000 ms
2026-05-21T15:57:19.329Z [INFO ] [config.AppConfig    ] ║ QoS        : 1
2026-05-21T15:57:19.329Z [INFO ] [config.AppConfig    ] ║ Lat/Lon    : -5.207645788981328, -37.32216460818565
2026-05-21T15:57:19.330Z [INFO ] [config.AppConfig    ] ║ Seed       : 42
2026-05-21T15:57:19.330Z [INFO ] [config.AppConfig    ] ╚══════════════════════════════════════════╝
2026-05-21T15:57:19.429Z [INFO ] [sensor.SensorSim    ] [Sensor] Inicializado | seed=42 | temp_base=29.0°C | hum_base=71.0%
2026-05-21T15:57:19.484Z [DEBUG] [mqtt.MqttPublisher  ] [MQTT] LWT configurado: ambiente/estacao/estacao_01/status
2026-05-21T15:57:19.484Z [INFO ] [mqtt.MqttPublisher  ] [MQTT] Conectando ao broker: tcp://localhost:1883 | clientId: estacao_01_1779379039430
2026-05-21T15:57:19.803Z [DEBUG] [mqtt.MqttPublisher  ] [MQTT] connectComplete (conexão inicial): tcp://localhost:1883
2026-05-21T15:57:19.803Z [INFO ] [mqtt.MqttPublisher  ] [MQTT] Conectado com sucesso!
2026-05-21T15:57:19.808Z [INFO ] [mqtt.MqttPublisher  ] [MQTT] Status publicado: online=true
2026-05-21T15:57:20.129Z [DEBUG] [sensor.SensorSim    ] [Sensor] seq=1 | tmp=29.46 | hum=71.5 | pres=1012.94 | co2=412.2 | uv=3.6 | rssi=-47
2026-05-21T15:57:20.149Z [DEBUG] [p.PayloadBuilder    ] [Payload] seq=1 | 179 bytes | {"id":"estacao_01","ts":"2026-05-21T15:57:20.128Z","lat":-5.207645788981328,"lon":-37.32216460818565,"tmp":29.46,"hum":71.5,"pres":1012.94,"co2":412.2,"uv":3.6,"rssi":-47,"seq":1}
2026-05-21T15:57:20.150Z [DEBUG] [mqtt.MqttPublisher  ] [MQTT] Publicado | msgId=2 | topic=ambiente/estacao/estacao_01/telemetria | 179 bytes | QoS=1
2026-05-21T15:57:20.150Z [DEBUG] [mqtt.MqttPublisher  ] [MQTT] PUBACK | msgId=2 | latência=0 ms
2026-05-21T15:57:20.175Z [INFO ] [mqtt.MqttPublisher  ] [MQTT] Status publicado: online=false
2026-05-21T15:57:20.181Z [INFO ] [mqtt.MqttPublisher  ] [MQTT] Desconectado graciosamente.
2026-05-21T15:58:03.905Z [DEBUG] [config.AppConfig    ] [Config] Carregado: station.properties
2026-05-21T15:58:03.908Z [DEBUG] [config.AppConfig    ] [Config] Carregado: station-local.properties
2026-05-21T15:58:03.908Z [INFO ] [config.AppConfig    ] [Config] station-local.properties carregado — sobrescrevendo valores base.
2026-05-21T15:58:03.909Z [INFO ] [config.AppConfig    ] ╔══════════════════════════════════════════╗
2026-05-21T15:58:03.909Z [INFO ] [config.AppConfig    ] ║       Configuração Carregada             ║
2026-05-21T15:58:03.909Z [INFO ] [config.AppConfig    ] ╠══════════════════════════════════════════╣
2026-05-21T15:58:03.909Z [INFO ] [config.AppConfig    ] ║ Estação ID : estacao_01
2026-05-21T15:58:03.909Z [INFO ] [config.AppConfig    ] ║ Broker     : localhost:1883
2026-05-21T15:58:03.909Z [INFO ] [config.AppConfig    ] ║ Tópico     : ambiente/estacao/estacao_01/telemetria
2026-05-21T15:58:03.909Z [INFO ] [config.AppConfig    ] ║ Status     : ambiente/estacao/estacao_01/status
2026-05-21T15:58:03.909Z [INFO ] [config.AppConfig    ] ║ Intervalo  : 10000 ms
2026-05-21T15:58:03.909Z [INFO ] [config.AppConfig    ] ║ QoS        : 1
2026-05-21T15:58:03.910Z [INFO ] [config.AppConfig    ] ║ Lat/Lon    : -5.207645788981328, -37.32216460818565
2026-05-21T15:58:03.910Z [INFO ] [config.AppConfig    ] ║ Seed       : 42
2026-05-21T15:58:03.910Z [INFO ] [config.AppConfig    ] ╚══════════════════════════════════════════╝
2026-05-21T15:58:03.996Z [INFO ] [sensor.SensorSim    ] [Sensor] Inicializado | seed=42 | temp_base=29.0°C | hum_base=71.0%
2026-05-21T15:58:04.042Z [DEBUG] [mqtt.MqttPublisher  ] [MQTT] LWT configurado: ambiente/estacao/estacao_01/status
2026-05-21T15:58:04.043Z [INFO ] [mqtt.MqttPublisher  ] [MQTT] Conectando ao broker: tcp://localhost:1883 | clientId: estacao_01_1779379083997
2026-05-21T15:58:04.358Z [DEBUG] [mqtt.MqttPublisher  ] [MQTT] connectComplete (conexão inicial): tcp://localhost:1883
2026-05-21T15:58:04.358Z [INFO ] [mqtt.MqttPublisher  ] [MQTT] Conectado com sucesso!
2026-05-21T15:58:04.364Z [INFO ] [mqtt.MqttPublisher  ] [MQTT] Status publicado: online=true
2026-05-21T15:58:04.742Z [INFO ] [mqtt.MqttPublisher  ] [MQTT] Status publicado: online=false
2026-05-21T15:58:04.744Z [INFO ] [mqtt.MqttPublisher  ] [MQTT] Desconectado graciosamente.
2026-05-21T15:58:25.593Z [DEBUG] [config.AppConfig    ] [Config] Carregado: station.properties
2026-05-21T15:58:25.595Z [DEBUG] [config.AppConfig    ] [Config] Carregado: station-local.properties
2026-05-21T15:58:25.595Z [INFO ] [config.AppConfig    ] [Config] station-local.properties carregado — sobrescrevendo valores base.
2026-05-21T15:58:25.596Z [INFO ] [config.AppConfig    ] ╔══════════════════════════════════════════╗
2026-05-21T15:58:25.596Z [INFO ] [config.AppConfig    ] ║       Configuração Carregada             ║
2026-05-21T15:58:25.596Z [INFO ] [config.AppConfig    ] ╠══════════════════════════════════════════╣
2026-05-21T15:58:25.596Z [INFO ] [config.AppConfig    ] ║ Estação ID : estacao_01
2026-05-21T15:58:25.596Z [INFO ] [config.AppConfig    ] ║ Broker     : localhost:1883
2026-05-21T15:58:25.596Z [INFO ] [config.AppConfig    ] ║ Tópico     : ambiente/estacao/estacao_01/telemetria
2026-05-21T15:58:25.597Z [INFO ] [config.AppConfig    ] ║ Status     : ambiente/estacao/estacao_01/status
2026-05-21T15:58:25.597Z [INFO ] [config.AppConfig    ] ║ Intervalo  : 10000 ms
2026-05-21T15:58:25.597Z [INFO ] [config.AppConfig    ] ║ QoS        : 1
2026-05-21T15:58:25.597Z [INFO ] [config.AppConfig    ] ║ Lat/Lon    : -5.207645788981328, -37.32216460818565
2026-05-21T15:58:25.597Z [INFO ] [config.AppConfig    ] ║ Seed       : 42
2026-05-21T15:58:25.597Z [INFO ] [config.AppConfig    ] ╚══════════════════════════════════════════╝
2026-05-21T15:58:25.704Z [INFO ] [sensor.SensorSim    ] [Sensor] Inicializado | seed=42 | temp_base=29.0°C | hum_base=71.0%
2026-05-21T15:58:25.752Z [DEBUG] [mqtt.MqttPublisher  ] [MQTT] LWT configurado: ambiente/estacao/estacao_01/status
2026-05-21T15:58:25.752Z [INFO ] [mqtt.MqttPublisher  ] [MQTT] Conectando ao broker: tcp://localhost:1883 | clientId: estacao_01_1779379105704
2026-05-21T15:58:26.068Z [INFO ] [mqtt.MqttPublisher  ] [MQTT] Conectado com sucesso!
2026-05-21T15:58:26.068Z [DEBUG] [mqtt.MqttPublisher  ] [MQTT] connectComplete (conexão inicial): tcp://localhost:1883
2026-05-21T15:58:26.072Z [INFO ] [mqtt.MqttPublisher  ] [MQTT] Status publicado: online=true
2026-05-21T15:58:26.080Z [DEBUG] [sensor.SensorSim    ] [Sensor] seq=1 | tmp=29.46 | hum=71.5 | pres=1012.95 | co2=412.2 | uv=3.6 | rssi=-47
2026-05-21T15:58:26.098Z [DEBUG] [p.PayloadBuilder    ] [Payload] seq=1 | 179 bytes | {"id":"estacao_01","ts":"2026-05-21T15:58:26.080Z","lat":-5.207645788981328,"lon":-37.32216460818565,"tmp":29.46,"hum":71.5,"pres":1012.95,"co2":412.2,"uv":3.6,"rssi":-47,"seq":1}
2026-05-21T15:58:26.098Z [DEBUG] [mqtt.MqttPublisher  ] [MQTT] Publicado | msgId=2 | topic=ambiente/estacao/estacao_01/telemetria | 179 bytes | QoS=1
2026-05-21T15:58:26.099Z [DEBUG] [mqtt.MqttPublisher  ] [MQTT] PUBACK | msgId=2 | latência=1 ms
2026-05-21T15:58:26.298Z [DEBUG] [sensor.SensorSim    ] [Sensor] seq=2 | tmp=28.67 | hum=70.0 | pres=1013.18 | co2=418.7 | uv=3.8 | rssi=-52
2026-05-21T15:58:26.299Z [DEBUG] [p.PayloadBuilder    ] [Payload] seq=2 | 179 bytes | {"id":"estacao_01","ts":"2026-05-21T15:58:26.298Z","lat":-5.207645788981328,"lon":-37.32216460818565,"tmp":28.67,"hum":70.0,"pres":1013.18,"co2":418.7,"uv":3.8,"rssi":-52,"seq":2}
2026-05-21T15:58:26.299Z [DEBUG] [mqtt.MqttPublisher  ] [MQTT] Publicado | msgId=3 | topic=ambiente/estacao/estacao_01/telemetria | 179 bytes | QoS=1
2026-05-21T15:58:26.300Z [DEBUG] [mqtt.MqttPublisher  ] [MQTT] PUBACK | msgId=3 | latência=1 ms
2026-05-21T15:58:26.500Z [DEBUG] [sensor.SensorSim    ] [Sensor] seq=3 | tmp=29.56 | hum=70.2 | pres=1012.87 | co2=415.9 | uv=3.4 | rssi=-48
2026-05-21T15:58:26.501Z [DEBUG] [p.PayloadBuilder    ] [Payload] seq=3 | 179 bytes | {"id":"estacao_01","ts":"2026-05-21T15:58:26.499Z","lat":-5.207645788981328,"lon":-37.32216460818565,"tmp":29.56,"hum":70.2,"pres":1012.87,"co2":415.9,"uv":3.4,"rssi":-48,"seq":3}
2026-05-21T15:58:26.502Z [DEBUG] [mqtt.MqttPublisher  ] [MQTT] Publicado | msgId=4 | topic=ambiente/estacao/estacao_01/telemetria | 179 bytes | QoS=1
2026-05-21T15:58:26.503Z [DEBUG] [mqtt.MqttPublisher  ] [MQTT] PUBACK | msgId=4 | latência=2 ms
2026-05-21T15:58:26.703Z [DEBUG] [sensor.SensorSim    ] [Sensor] seq=4 | tmp=28.52 | hum=71.5 | pres=1013.7 | co2=416.1 | uv=3.7 | rssi=-40
2026-05-21T15:58:26.704Z [DEBUG] [p.PayloadBuilder    ] [Payload] seq=4 | 178 bytes | {"id":"estacao_01","ts":"2026-05-21T15:58:26.702Z","lat":-5.207645788981328,"lon":-37.32216460818565,"tmp":28.52,"hum":71.5,"pres":1013.7,"co2":416.1,"uv":3.7,"rssi":-40,"seq":4}
2026-05-21T15:58:26.705Z [DEBUG] [mqtt.MqttPublisher  ] [MQTT] Publicado | msgId=5 | topic=ambiente/estacao/estacao_01/telemetria | 178 bytes | QoS=1
2026-05-21T15:58:26.706Z [DEBUG] [mqtt.MqttPublisher  ] [MQTT] PUBACK | msgId=5 | latência=2 ms
2026-05-21T15:58:26.905Z [DEBUG] [sensor.SensorSim    ] [Sensor] seq=5 | tmp=28.89 | hum=71.0 | pres=1013.61 | co2=414.2 | uv=3.5 | rssi=-66
2026-05-21T15:58:26.907Z [DEBUG] [p.PayloadBuilder    ] [Payload] seq=5 | 179 bytes | {"id":"estacao_01","ts":"2026-05-21T15:58:26.905Z","lat":-5.207645788981328,"lon":-37.32216460818565,"tmp":28.89,"hum":71.0,"pres":1013.61,"co2":414.2,"uv":3.5,"rssi":-66,"seq":5}
2026-05-21T15:58:26.907Z [DEBUG] [mqtt.MqttPublisher  ] [MQTT] Publicado | msgId=6 | topic=ambiente/estacao/estacao_01/telemetria | 179 bytes | QoS=1
2026-05-21T15:58:26.909Z [DEBUG] [mqtt.MqttPublisher  ] [MQTT] PUBACK | msgId=6 | latência=2 ms
2026-05-21T15:58:27.108Z [DEBUG] [sensor.SensorSim    ] [Sensor] seq=6 | tmp=29.57 | hum=69.6 | pres=1012.65 | co2=412.7 | uv=2.8 | rssi=-65
2026-05-21T15:58:27.109Z [DEBUG] [p.PayloadBuilder    ] [Payload] seq=6 | 179 bytes | {"id":"estacao_01","ts":"2026-05-21T15:58:27.108Z","lat":-5.207645788981328,"lon":-37.32216460818565,"tmp":29.57,"hum":69.6,"pres":1012.65,"co2":412.7,"uv":2.8,"rssi":-65,"seq":6}
2026-05-21T15:58:27.110Z [DEBUG] [mqtt.MqttPublisher  ] [MQTT] Publicado | msgId=7 | topic=ambiente/estacao/estacao_01/telemetria | 179 bytes | QoS=1
2026-05-21T15:58:27.112Z [DEBUG] [mqtt.MqttPublisher  ] [MQTT] PUBACK | msgId=7 | latência=2 ms
2026-05-21T15:58:27.311Z [DEBUG] [sensor.SensorSim    ] [Sensor] seq=7 | tmp=28.95 | hum=72.1 | pres=1013.16 | co2=415.7 | uv=3.4 | rssi=-66
2026-05-21T15:58:27.312Z [DEBUG] [p.PayloadBuilder    ] [Payload] seq=7 | 179 bytes | {"id":"estacao_01","ts":"2026-05-21T15:58:27.311Z","lat":-5.207645788981328,"lon":-37.32216460818565,"tmp":28.95,"hum":72.1,"pres":1013.16,"co2":415.7,"uv":3.4,"rssi":-66,"seq":7}
2026-05-21T15:58:27.313Z [DEBUG] [mqtt.MqttPublisher  ] [MQTT] Publicado | msgId=8 | topic=ambiente/estacao/estacao_01/telemetria | 179 bytes | QoS=1
2026-05-21T15:58:27.314Z [DEBUG] [mqtt.MqttPublisher  ] [MQTT] PUBACK | msgId=8 | latência=2 ms
2026-05-21T15:58:27.514Z [DEBUG] [sensor.SensorSim    ] [Sensor] seq=8 | tmp=28.81 | hum=70.7 | pres=1013.57 | co2=414.9 | uv=3.2 | rssi=-38
2026-05-21T15:58:27.515Z [DEBUG] [p.PayloadBuilder    ] [Payload] seq=8 | 179 bytes | {"id":"estacao_01","ts":"2026-05-21T15:58:27.513Z","lat":-5.207645788981328,"lon":-37.32216460818565,"tmp":28.81,"hum":70.7,"pres":1013.57,"co2":414.9,"uv":3.2,"rssi":-38,"seq":8}
2026-05-21T15:58:27.515Z [DEBUG] [mqtt.MqttPublisher  ] [MQTT] Publicado | msgId=9 | topic=ambiente/estacao/estacao_01/telemetria | 179 bytes | QoS=1
2026-05-21T15:58:27.517Z [DEBUG] [mqtt.MqttPublisher  ] [MQTT] PUBACK | msgId=9 | latência=2 ms
2026-05-21T15:58:27.716Z [DEBUG] [sensor.SensorSim    ] [Sensor] seq=9 | tmp=29.46 | hum=69.9 | pres=1013.56 | co2=410.2 | uv=3.6 | rssi=-51
2026-05-21T15:58:27.717Z [DEBUG] [p.PayloadBuilder    ] [Payload] seq=9 | 179 bytes | {"id":"estacao_01","ts":"2026-05-21T15:58:27.716Z","lat":-5.207645788981328,"lon":-37.32216460818565,"tmp":29.46,"hum":69.9,"pres":1013.56,"co2":410.2,"uv":3.6,"rssi":-51,"seq":9}
2026-05-21T15:58:27.718Z [DEBUG] [mqtt.MqttPublisher  ] [MQTT] Publicado | msgId=10 | topic=ambiente/estacao/estacao_01/telemetria | 179 bytes | QoS=1
2026-05-21T15:58:27.719Z [DEBUG] [mqtt.MqttPublisher  ] [MQTT] PUBACK | msgId=10 | latência=2 ms
2026-05-21T15:58:27.918Z [DEBUG] [sensor.SensorSim    ] [Sensor] seq=10 | tmp=29.56 | hum=69.5 | pres=1013.32 | co2=416.4 | uv=3.4 | rssi=-48
2026-05-21T15:58:27.920Z [DEBUG] [p.PayloadBuilder    ] [Payload] seq=10 | 180 bytes | {"id":"estacao_01","ts":"2026-05-21T15:58:27.918Z","lat":-5.207645788981328,"lon":-37.32216460818565,"tmp":29.56,"hum":69.5,"pres":1013.32,"co2":416.4,"uv":3.4,"rssi":-48,"seq":10}
2026-05-21T15:58:27.920Z [DEBUG] [mqtt.MqttPublisher  ] [MQTT] Publicado | msgId=11 | topic=ambiente/estacao/estacao_01/telemetria | 180 bytes | QoS=1
2026-05-21T15:58:27.922Z [DEBUG] [mqtt.MqttPublisher  ] [MQTT] PUBACK | msgId=11 | latência=2 ms
2026-05-21T15:58:30.132Z [INFO ] [mqtt.MqttPublisher  ] [MQTT] Status publicado: online=false
2026-05-21T15:58:30.134Z [INFO ] [mqtt.MqttPublisher  ] [MQTT] Desconectado graciosamente.
2026-05-21T16:00:44.359Z [DEBUG] [config.AppConfig    ] [Config] Carregado: station.properties
2026-05-21T16:00:44.360Z [DEBUG] [config.AppConfig    ] [Config] Carregado: station-local.properties
2026-05-21T16:00:44.361Z [INFO ] [config.AppConfig    ] [Config] station-local.properties carregado — sobrescrevendo valores base.
2026-05-21T16:00:44.362Z [INFO ] [config.AppConfig    ] ╔══════════════════════════════════════════╗
2026-05-21T16:00:44.362Z [INFO ] [config.AppConfig    ] ║       Configuração Carregada             ║
2026-05-21T16:00:44.362Z [INFO ] [config.AppConfig    ] ╠══════════════════════════════════════════╣
2026-05-21T16:00:44.362Z [INFO ] [config.AppConfig    ] ║ Estação ID : estacao_01
2026-05-21T16:00:44.362Z [INFO ] [config.AppConfig    ] ║ Broker     : localhost:1883
2026-05-21T16:00:44.362Z [INFO ] [config.AppConfig    ] ║ Tópico     : ambiente/estacao/estacao_01/telemetria
2026-05-21T16:00:44.362Z [INFO ] [config.AppConfig    ] ║ Status     : ambiente/estacao/estacao_01/status
2026-05-21T16:00:44.362Z [INFO ] [config.AppConfig    ] ║ Intervalo  : 10000 ms
2026-05-21T16:00:44.362Z [INFO ] [config.AppConfig    ] ║ QoS        : 1
2026-05-21T16:00:44.362Z [INFO ] [config.AppConfig    ] ║ Lat/Lon    : -5.207645788981328, -37.32216460818565
2026-05-21T16:00:44.363Z [INFO ] [config.AppConfig    ] ║ Seed       : 42
2026-05-21T16:00:44.363Z [INFO ] [config.AppConfig    ] ╚══════════════════════════════════════════╝
2026-05-21T16:00:44.450Z [INFO ] [sensor.SensorSim    ] [Sensor] Inicializado | seed=42 | temp_base=29.0°C | hum_base=71.0%
2026-05-21T16:00:44.496Z [DEBUG] [mqtt.MqttPublisher  ] [MQTT] LWT configurado: ambiente/estacao/estacao_01/status
2026-05-21T16:00:44.496Z [INFO ] [mqtt.MqttPublisher  ] [MQTT] Conectando ao broker: tcp://localhost:1883 | clientId: estacao_01_1779379244451
2026-05-21T16:00:44.813Z [INFO ] [mqtt.MqttPublisher  ] [MQTT] Conectado com sucesso!
2026-05-21T16:00:44.813Z [DEBUG] [mqtt.MqttPublisher  ] [MQTT] connectComplete (conexão inicial): tcp://localhost:1883
2026-05-21T16:00:44.817Z [INFO ] [mqtt.MqttPublisher  ] [MQTT] Status publicado: online=true
2026-05-21T16:00:44.826Z [DEBUG] [sensor.SensorSim    ] [Sensor] seq=1 | tmp=29.46 | hum=71.5 | pres=1012.97 | co2=412.2 | uv=2.6 | rssi=-47
2026-05-21T16:00:44.841Z [DEBUG] [p.PayloadBuilder    ] [Payload] seq=1 | 179 bytes | {"id":"estacao_01","ts":"2026-05-21T16:00:44.826Z","lat":-5.207645788981328,"lon":-37.32216460818565,"tmp":29.46,"hum":71.5,"pres":1012.97,"co2":412.2,"uv":2.6,"rssi":-47,"seq":1}
2026-05-21T16:00:44.841Z [DEBUG] [mqtt.MqttPublisher  ] [MQTT] Publicado | msgId=2 | topic=ambiente/estacao/estacao_01/telemetria | 179 bytes | QoS=1
2026-05-21T16:00:44.841Z [DEBUG] [sensor.SensorSim    ] [Sensor] seq=2 | tmp=28.67 | hum=70.0 | pres=1013.19 | co2=418.7 | uv=2.7 | rssi=-52
2026-05-21T16:00:44.841Z [DEBUG] [p.PayloadBuilder    ] [Payload] seq=2 | 179 bytes | {"id":"estacao_01","ts":"2026-05-21T16:00:44.841Z","lat":-5.207645788981328,"lon":-37.32216460818565,"tmp":28.67,"hum":70.0,"pres":1013.19,"co2":418.7,"uv":2.7,"rssi":-52,"seq":2}
2026-05-21T16:00:44.842Z [DEBUG] [mqtt.MqttPublisher  ] [MQTT] Publicado | msgId=3 | topic=ambiente/estacao/estacao_01/telemetria | 179 bytes | QoS=1
2026-05-21T16:00:44.842Z [DEBUG] [mqtt.MqttPublisher  ] [MQTT] PUBACK | msgId=2 | latência=1 ms
2026-05-21T16:00:44.842Z [DEBUG] [sensor.SensorSim    ] [Sensor] seq=3 | tmp=29.56 | hum=70.2 | pres=1012.89 | co2=415.9 | uv=2.4 | rssi=-48
2026-05-21T16:00:44.842Z [DEBUG] [mqtt.MqttPublisher  ] [MQTT] PUBACK | msgId=3 | latência=0 ms
2026-05-21T16:00:44.842Z [DEBUG] [p.PayloadBuilder    ] [Payload] seq=3 | 179 bytes | {"id":"estacao_01","ts":"2026-05-21T16:00:44.842Z","lat":-5.207645788981328,"lon":-37.32216460818565,"tmp":29.56,"hum":70.2,"pres":1012.89,"co2":415.9,"uv":2.4,"rssi":-48,"seq":3}
2026-05-21T16:00:44.842Z [DEBUG] [mqtt.MqttPublisher  ] [MQTT] Publicado | msgId=4 | topic=ambiente/estacao/estacao_01/telemetria | 179 bytes | QoS=1
2026-05-21T16:00:44.842Z [DEBUG] [sensor.SensorSim    ] [Sensor] seq=4 | tmp=28.52 | hum=71.5 | pres=1013.72 | co2=416.1 | uv=2.6 | rssi=-40
2026-05-21T16:00:44.843Z [DEBUG] [p.PayloadBuilder    ] [Payload] seq=4 | 179 bytes | {"id":"estacao_01","ts":"2026-05-21T16:00:44.842Z","lat":-5.207645788981328,"lon":-37.32216460818565,"tmp":28.52,"hum":71.5,"pres":1013.72,"co2":416.1,"uv":2.6,"rssi":-40,"seq":4}
2026-05-21T16:00:44.843Z [DEBUG] [mqtt.MqttPublisher  ] [MQTT] PUBACK | msgId=4 | latência=1 ms
2026-05-21T16:00:44.843Z [DEBUG] [mqtt.MqttPublisher  ] [MQTT] Publicado | msgId=5 | topic=ambiente/estacao/estacao_01/telemetria | 179 bytes | QoS=1
2026-05-21T16:00:44.843Z [DEBUG] [sensor.SensorSim    ] [Sensor] seq=5 | tmp=28.89 | hum=71.0 | pres=1013.63 | co2=414.2 | uv=2.4 | rssi=-66
2026-05-21T16:00:44.843Z [DEBUG] [mqtt.MqttPublisher  ] [MQTT] PUBACK | msgId=5 | latência=0 ms
2026-05-21T16:00:44.843Z [DEBUG] [p.PayloadBuilder    ] [Payload] seq=5 | 179 bytes | {"id":"estacao_01","ts":"2026-05-21T16:00:44.843Z","lat":-5.207645788981328,"lon":-37.32216460818565,"tmp":28.89,"hum":71.0,"pres":1013.63,"co2":414.2,"uv":2.4,"rssi":-66,"seq":5}
2026-05-21T16:00:44.843Z [DEBUG] [mqtt.MqttPublisher  ] [MQTT] Publicado | msgId=6 | topic=ambiente/estacao/estacao_01/telemetria | 179 bytes | QoS=1
2026-05-21T16:00:44.844Z [DEBUG] [mqtt.MqttPublisher  ] [MQTT] PUBACK | msgId=6 | latência=1 ms
2026-05-21T16:00:47.863Z [INFO ] [mqtt.MqttPublisher  ] [MQTT] Status publicado: online=false
2026-05-21T16:00:47.865Z [INFO ] [mqtt.MqttPublisher  ] [MQTT] Desconectado graciosamente.
2026-05-21T16:07:29.787Z [DEBUG] [config.AppConfig    ] [Config] Carregado: station.properties
2026-05-21T16:07:29.789Z [DEBUG] [config.AppConfig    ] [Config] Carregado: station-local.properties
2026-05-21T16:07:29.790Z [INFO ] [config.AppConfig    ] [Config] station-local.properties carregado — sobrescrevendo valores base.
2026-05-21T16:07:29.790Z [INFO ] [config.AppConfig    ] ╔══════════════════════════════════════════╗
2026-05-21T16:07:29.791Z [INFO ] [config.AppConfig    ] ║       Configuração Carregada             ║
2026-05-21T16:07:29.791Z [INFO ] [config.AppConfig    ] ╠══════════════════════════════════════════╣
2026-05-21T16:07:29.791Z [INFO ] [config.AppConfig    ] ║ Estação ID : estacao_01
2026-05-21T16:07:29.791Z [INFO ] [config.AppConfig    ] ║ Broker     : localhost:1883
2026-05-21T16:07:29.791Z [INFO ] [config.AppConfig    ] ║ Tópico     : ambiente/estacao/estacao_01/telemetria
2026-05-21T16:07:29.791Z [INFO ] [config.AppConfig    ] ║ Status     : ambiente/estacao/estacao_01/status
2026-05-21T16:07:29.791Z [INFO ] [config.AppConfig    ] ║ Intervalo  : 10000 ms
2026-05-21T16:07:29.791Z [INFO ] [config.AppConfig    ] ║ QoS        : 1
2026-05-21T16:07:29.791Z [INFO ] [config.AppConfig    ] ║ Lat/Lon    : -5.207645788981328, -37.32216460818565
2026-05-21T16:07:29.792Z [INFO ] [config.AppConfig    ] ║ Seed       : 42
2026-05-21T16:07:29.792Z [INFO ] [config.AppConfig    ] ╚══════════════════════════════════════════╝
2026-05-21T16:07:29.885Z [INFO ] [sensor.SensorSim    ] [Sensor] Inicializado | seed=42 | temp_base=29.0°C | hum_base=71.0%
2026-05-21T16:07:29.938Z [DEBUG] [mqtt.MqttPublisher  ] [MQTT] LWT configurado: ambiente/estacao/estacao_01/status
2026-05-21T16:07:29.939Z [INFO ] [mqtt.MqttPublisher  ] [MQTT] Conectando ao broker: tcp://localhost:1883 | clientId: estacao_01_1779379649885
2026-05-21T16:07:30.254Z [INFO ] [mqtt.MqttPublisher  ] [MQTT] Conectado com sucesso!
2026-05-21T16:07:30.254Z [DEBUG] [mqtt.MqttPublisher  ] [MQTT] connectComplete (conexão inicial): tcp://localhost:1883
2026-05-21T16:07:30.259Z [INFO ] [mqtt.MqttPublisher  ] [MQTT] Status publicado: online=true
2026-05-21T16:07:30.270Z [DEBUG] [sensor.SensorSim    ] [Sensor] seq=1 | tmp=29.46 | hum=71.5 | pres=1013.01 | co2=412.2 | uv=2.6 | rssi=-47
2026-05-21T16:07:30.286Z [DEBUG] [p.PayloadBuilder    ] [Payload] seq=1 | 179 bytes | {"id":"estacao_01","ts":"2026-05-21T16:07:30.270Z","lat":-5.207645788981328,"lon":-37.32216460818565,"tmp":29.46,"hum":71.5,"pres":1013.01,"co2":412.2,"uv":2.6,"rssi":-47,"seq":1}
2026-05-21T16:07:30.286Z [DEBUG] [mqtt.MqttPublisher  ] [MQTT] Publicado | msgId=2 | topic=ambiente/estacao/estacao_01/telemetria | 179 bytes | QoS=1
2026-05-21T16:07:30.286Z [DEBUG] [sensor.SensorSim    ] [Sensor] seq=2 | tmp=28.67 | hum=70.0 | pres=1013.24 | co2=418.7 | uv=2.7 | rssi=-52
2026-05-21T16:07:30.286Z [DEBUG] [p.PayloadBuilder    ] [Payload] seq=2 | 179 bytes | {"id":"estacao_01","ts":"2026-05-21T16:07:30.286Z","lat":-5.207645788981328,"lon":-37.32216460818565,"tmp":28.67,"hum":70.0,"pres":1013.24,"co2":418.7,"uv":2.7,"rssi":-52,"seq":2}
2026-05-21T16:07:30.286Z [DEBUG] [mqtt.MqttPublisher  ] [MQTT] Publicado | msgId=3 | topic=ambiente/estacao/estacao_01/telemetria | 179 bytes | QoS=1
2026-05-21T16:07:30.287Z [DEBUG] [sensor.SensorSim    ] [Sensor] seq=3 | tmp=29.56 | hum=70.2 | pres=1012.94 | co2=415.9 | uv=2.4 | rssi=-48
2026-05-21T16:07:30.287Z [DEBUG] [mqtt.MqttPublisher  ] [MQTT] PUBACK | msgId=2 | latência=1 ms
2026-05-21T16:07:30.287Z [DEBUG] [p.PayloadBuilder    ] [Payload] seq=3 | 179 bytes | {"id":"estacao_01","ts":"2026-05-21T16:07:30.287Z","lat":-5.207645788981328,"lon":-37.32216460818565,"tmp":29.56,"hum":70.2,"pres":1012.94,"co2":415.9,"uv":2.4,"rssi":-48,"seq":3}
2026-05-21T16:07:30.287Z [DEBUG] [mqtt.MqttPublisher  ] [MQTT] Publicado | msgId=4 | topic=ambiente/estacao/estacao_01/telemetria | 179 bytes | QoS=1
2026-05-21T16:07:30.287Z [DEBUG] [mqtt.MqttPublisher  ] [MQTT] PUBACK | msgId=3 | latência=1 ms
2026-05-21T16:07:30.287Z [DEBUG] [sensor.SensorSim    ] [Sensor] seq=4 | tmp=28.52 | hum=71.5 | pres=1013.76 | co2=416.1 | uv=2.6 | rssi=-40
2026-05-21T16:07:30.288Z [DEBUG] [p.PayloadBuilder    ] [Payload] seq=4 | 179 bytes | {"id":"estacao_01","ts":"2026-05-21T16:07:30.287Z","lat":-5.207645788981328,"lon":-37.32216460818565,"tmp":28.52,"hum":71.5,"pres":1013.76,"co2":416.1,"uv":2.6,"rssi":-40,"seq":4}
2026-05-21T16:07:30.288Z [DEBUG] [mqtt.MqttPublisher  ] [MQTT] PUBACK | msgId=4 | latência=1 ms
2026-05-21T16:07:30.288Z [DEBUG] [mqtt.MqttPublisher  ] [MQTT] Publicado | msgId=5 | topic=ambiente/estacao/estacao_01/telemetria | 179 bytes | QoS=1
2026-05-21T16:07:30.288Z [DEBUG] [sensor.SensorSim    ] [Sensor] seq=5 | tmp=28.89 | hum=71.0 | pres=1013.68 | co2=414.2 | uv=2.4 | rssi=-66
2026-05-21T16:07:30.288Z [DEBUG] [mqtt.MqttPublisher  ] [MQTT] PUBACK | msgId=5 | latência=0 ms
2026-05-21T16:07:30.288Z [DEBUG] [p.PayloadBuilder    ] [Payload] seq=5 | 179 bytes | {"id":"estacao_01","ts":"2026-05-21T16:07:30.288Z","lat":-5.207645788981328,"lon":-37.32216460818565,"tmp":28.89,"hum":71.0,"pres":1013.68,"co2":414.2,"uv":2.4,"rssi":-66,"seq":5}
2026-05-21T16:07:30.288Z [DEBUG] [mqtt.MqttPublisher  ] [MQTT] Publicado | msgId=6 | topic=ambiente/estacao/estacao_01/telemetria | 179 bytes | QoS=1
2026-05-21T16:07:30.289Z [DEBUG] [mqtt.MqttPublisher  ] [MQTT] PUBACK | msgId=6 | latência=1 ms
2026-05-21T16:07:33.306Z [INFO ] [mqtt.MqttPublisher  ] [MQTT] Status publicado: online=false
2026-05-21T16:07:33.310Z [INFO ] [mqtt.MqttPublisher  ] [MQTT] Desconectado graciosamente.
2026-05-21T16:07:54.053Z [DEBUG] [config.AppConfig    ] [Config] Carregado: station.properties
2026-05-21T16:07:54.054Z [DEBUG] [config.AppConfig    ] [Config] Carregado: station-local.properties
2026-05-21T16:07:54.055Z [INFO ] [config.AppConfig    ] [Config] station-local.properties carregado — sobrescrevendo valores base.
2026-05-21T16:07:54.055Z [INFO ] [config.AppConfig    ] ╔══════════════════════════════════════════╗
2026-05-21T16:07:54.056Z [INFO ] [config.AppConfig    ] ║       Configuração Carregada             ║
2026-05-21T16:07:54.056Z [INFO ] [config.AppConfig    ] ╠══════════════════════════════════════════╣
2026-05-21T16:07:54.056Z [INFO ] [config.AppConfig    ] ║ Estação ID : estacao_01
2026-05-21T16:07:54.056Z [INFO ] [config.AppConfig    ] ║ Broker     : localhost:1883
2026-05-21T16:07:54.056Z [INFO ] [config.AppConfig    ] ║ Tópico     : ambiente/estacao/estacao_01/telemetria
2026-05-21T16:07:54.056Z [INFO ] [config.AppConfig    ] ║ Status     : ambiente/estacao/estacao_01/status
2026-05-21T16:07:54.056Z [INFO ] [config.AppConfig    ] ║ Intervalo  : 10000 ms
2026-05-21T16:07:54.056Z [INFO ] [config.AppConfig    ] ║ QoS        : 1
2026-05-21T16:07:54.056Z [INFO ] [config.AppConfig    ] ║ Lat/Lon    : -5.207645788981328, -37.32216460818565
2026-05-21T16:07:54.057Z [INFO ] [config.AppConfig    ] ║ Seed       : 42
2026-05-21T16:07:54.057Z [INFO ] [config.AppConfig    ] ╚══════════════════════════════════════════╝
2026-05-21T16:07:54.147Z [INFO ] [sensor.SensorSim    ] [Sensor] Inicializado | seed=42 | temp_base=29.0°C | hum_base=71.0%
2026-05-21T16:07:54.198Z [DEBUG] [mqtt.MqttPublisher  ] [MQTT] LWT configurado: ambiente/estacao/estacao_01/status
2026-05-21T16:07:54.199Z [INFO ] [mqtt.MqttPublisher  ] [MQTT] Conectando ao broker: tcp://localhost:1883 | clientId: estacao_01_1779379674147
2026-05-21T16:07:54.514Z [INFO ] [mqtt.MqttPublisher  ] [MQTT] Conectado com sucesso!
2026-05-21T16:07:54.514Z [DEBUG] [mqtt.MqttPublisher  ] [MQTT] connectComplete (conexão inicial): tcp://localhost:1883
2026-05-21T16:07:54.519Z [INFO ] [mqtt.MqttPublisher  ] [MQTT] Status publicado: online=true
2026-05-21T16:07:54.528Z [DEBUG] [sensor.SensorSim    ] [Sensor] seq=1 | tmp=29.46 | hum=71.5 | pres=1013.01 | co2=412.2 | uv=2.6 | rssi=-47
2026-05-21T16:07:54.543Z [DEBUG] [p.PayloadBuilder    ] [Payload] seq=1 | 179 bytes | {"id":"estacao_01","ts":"2026-05-21T16:07:54.527Z","lat":-5.207645788981328,"lon":-37.32216460818565,"tmp":29.46,"hum":71.5,"pres":1013.01,"co2":412.2,"uv":2.6,"rssi":-47,"seq":1}
2026-05-21T16:07:54.543Z [DEBUG] [mqtt.MqttPublisher  ] [MQTT] Publicado | msgId=2 | topic=ambiente/estacao/estacao_01/telemetria | 179 bytes | QoS=1
2026-05-21T16:07:54.544Z [DEBUG] [mqtt.MqttPublisher  ] [MQTT] PUBACK | msgId=2 | latência=1 ms
2026-05-21T16:07:54.744Z [DEBUG] [sensor.SensorSim    ] [Sensor] seq=2 | tmp=28.67 | hum=70.0 | pres=1013.24 | co2=418.7 | uv=2.7 | rssi=-52
2026-05-21T16:07:54.745Z [DEBUG] [p.PayloadBuilder    ] [Payload] seq=2 | 179 bytes | {"id":"estacao_01","ts":"2026-05-21T16:07:54.744Z","lat":-5.207645788981328,"lon":-37.32216460818565,"tmp":28.67,"hum":70.0,"pres":1013.24,"co2":418.7,"uv":2.7,"rssi":-52,"seq":2}
2026-05-21T16:07:54.745Z [DEBUG] [mqtt.MqttPublisher  ] [MQTT] Publicado | msgId=3 | topic=ambiente/estacao/estacao_01/telemetria | 179 bytes | QoS=1
2026-05-21T16:07:54.746Z [DEBUG] [mqtt.MqttPublisher  ] [MQTT] PUBACK | msgId=3 | latência=1 ms
2026-05-21T16:07:54.946Z [DEBUG] [sensor.SensorSim    ] [Sensor] seq=3 | tmp=29.56 | hum=70.2 | pres=1012.94 | co2=415.9 | uv=2.4 | rssi=-48
2026-05-21T16:07:54.947Z [DEBUG] [p.PayloadBuilder    ] [Payload] seq=3 | 179 bytes | {"id":"estacao_01","ts":"2026-05-21T16:07:54.945Z","lat":-5.207645788981328,"lon":-37.32216460818565,"tmp":29.56,"hum":70.2,"pres":1012.94,"co2":415.9,"uv":2.4,"rssi":-48,"seq":3}
2026-05-21T16:07:54.948Z [DEBUG] [mqtt.MqttPublisher  ] [MQTT] Publicado | msgId=4 | topic=ambiente/estacao/estacao_01/telemetria | 179 bytes | QoS=1
2026-05-21T16:07:54.949Z [DEBUG] [mqtt.MqttPublisher  ] [MQTT] PUBACK | msgId=4 | latência=2 ms
2026-05-21T16:07:55.149Z [DEBUG] [sensor.SensorSim    ] [Sensor] seq=4 | tmp=28.52 | hum=71.5 | pres=1013.76 | co2=416.1 | uv=2.6 | rssi=-40
2026-05-21T16:07:55.150Z [DEBUG] [p.PayloadBuilder    ] [Payload] seq=4 | 179 bytes | {"id":"estacao_01","ts":"2026-05-21T16:07:55.149Z","lat":-5.207645788981328,"lon":-37.32216460818565,"tmp":28.52,"hum":71.5,"pres":1013.76,"co2":416.1,"uv":2.6,"rssi":-40,"seq":4}
2026-05-21T16:07:55.150Z [DEBUG] [mqtt.MqttPublisher  ] [MQTT] Publicado | msgId=5 | topic=ambiente/estacao/estacao_01/telemetria | 179 bytes | QoS=1
2026-05-21T16:07:55.151Z [DEBUG] [mqtt.MqttPublisher  ] [MQTT] PUBACK | msgId=5 | latência=1 ms
2026-05-21T16:07:55.350Z [DEBUG] [sensor.SensorSim    ] [Sensor] seq=5 | tmp=28.89 | hum=71.0 | pres=1013.68 | co2=414.2 | uv=2.4 | rssi=-66
2026-05-21T16:07:55.351Z [DEBUG] [p.PayloadBuilder    ] [Payload] seq=5 | 179 bytes | {"id":"estacao_01","ts":"2026-05-21T16:07:55.350Z","lat":-5.207645788981328,"lon":-37.32216460818565,"tmp":28.89,"hum":71.0,"pres":1013.68,"co2":414.2,"uv":2.4,"rssi":-66,"seq":5}
2026-05-21T16:07:55.352Z [DEBUG] [mqtt.MqttPublisher  ] [MQTT] Publicado | msgId=6 | topic=ambiente/estacao/estacao_01/telemetria | 179 bytes | QoS=1
2026-05-21T16:07:55.354Z [DEBUG] [mqtt.MqttPublisher  ] [MQTT] PUBACK | msgId=6 | latência=2 ms
2026-05-21T16:07:55.553Z [DEBUG] [sensor.SensorSim    ] [Sensor] seq=6 | tmp=29.57 | hum=69.6 | pres=1012.71 | co2=412.7 | uv=1.7 | rssi=-65
2026-05-21T16:07:55.554Z [DEBUG] [p.PayloadBuilder    ] [Payload] seq=6 | 179 bytes | {"id":"estacao_01","ts":"2026-05-21T16:07:55.553Z","lat":-5.207645788981328,"lon":-37.32216460818565,"tmp":29.57,"hum":69.6,"pres":1012.71,"co2":412.7,"uv":1.7,"rssi":-65,"seq":6}
2026-05-21T16:07:55.555Z [DEBUG] [mqtt.MqttPublisher  ] [MQTT] Publicado | msgId=7 | topic=ambiente/estacao/estacao_01/telemetria | 179 bytes | QoS=1
2026-05-21T16:07:55.556Z [DEBUG] [mqtt.MqttPublisher  ] [MQTT] PUBACK | msgId=7 | latência=2 ms
2026-05-21T16:07:55.755Z [DEBUG] [sensor.SensorSim    ] [Sensor] seq=7 | tmp=28.95 | hum=72.1 | pres=1013.22 | co2=415.7 | uv=2.4 | rssi=-66
2026-05-21T16:07:55.756Z [DEBUG] [p.PayloadBuilder    ] [Payload] seq=7 | 179 bytes | {"id":"estacao_01","ts":"2026-05-21T16:07:55.755Z","lat":-5.207645788981328,"lon":-37.32216460818565,"tmp":28.95,"hum":72.1,"pres":1013.22,"co2":415.7,"uv":2.4,"rssi":-66,"seq":7}
2026-05-21T16:07:55.756Z [DEBUG] [mqtt.MqttPublisher  ] [MQTT] Publicado | msgId=8 | topic=ambiente/estacao/estacao_01/telemetria | 179 bytes | QoS=1
2026-05-21T16:07:55.757Z [DEBUG] [mqtt.MqttPublisher  ] [MQTT] PUBACK | msgId=8 | latência=1 ms
2026-05-21T16:07:55.957Z [DEBUG] [sensor.SensorSim    ] [Sensor] seq=8 | tmp=28.81 | hum=70.7 | pres=1013.63 | co2=414.9 | uv=2.2 | rssi=-38
2026-05-21T16:07:55.958Z [DEBUG] [p.PayloadBuilder    ] [Payload] seq=8 | 179 bytes | {"id":"estacao_01","ts":"2026-05-21T16:07:55.957Z","lat":-5.207645788981328,"lon":-37.32216460818565,"tmp":28.81,"hum":70.7,"pres":1013.63,"co2":414.9,"uv":2.2,"rssi":-38,"seq":8}
2026-05-21T16:07:55.959Z [DEBUG] [mqtt.MqttPublisher  ] [MQTT] Publicado | msgId=9 | topic=ambiente/estacao/estacao_01/telemetria | 179 bytes | QoS=1
2026-05-21T16:07:55.960Z [DEBUG] [mqtt.MqttPublisher  ] [MQTT] PUBACK | msgId=9 | latência=2 ms
2026-05-21T16:07:56.160Z [DEBUG] [sensor.SensorSim    ] [Sensor] seq=9 | tmp=29.46 | hum=69.9 | pres=1013.62 | co2=410.2 | uv=2.6 | rssi=-51
2026-05-21T16:07:56.161Z [DEBUG] [p.PayloadBuilder    ] [Payload] seq=9 | 179 bytes | {"id":"estacao_01","ts":"2026-05-21T16:07:56.159Z","lat":-5.207645788981328,"lon":-37.32216460818565,"tmp":29.46,"hum":69.9,"pres":1013.62,"co2":410.2,"uv":2.6,"rssi":-51,"seq":9}
2026-05-21T16:07:56.162Z [DEBUG] [mqtt.MqttPublisher  ] [MQTT] Publicado | msgId=10 | topic=ambiente/estacao/estacao_01/telemetria | 179 bytes | QoS=1
2026-05-21T16:07:56.163Z [DEBUG] [mqtt.MqttPublisher  ] [MQTT] PUBACK | msgId=10 | latência=2 ms
2026-05-21T16:07:56.363Z [DEBUG] [sensor.SensorSim    ] [Sensor] seq=10 | tmp=29.56 | hum=69.5 | pres=1013.38 | co2=416.4 | uv=2.3 | rssi=-48
2026-05-21T16:07:56.364Z [DEBUG] [p.PayloadBuilder    ] [Payload] seq=10 | 180 bytes | {"id":"estacao_01","ts":"2026-05-21T16:07:56.362Z","lat":-5.207645788981328,"lon":-37.32216460818565,"tmp":29.56,"hum":69.5,"pres":1013.38,"co2":416.4,"uv":2.3,"rssi":-48,"seq":10}
2026-05-21T16:07:56.364Z [DEBUG] [mqtt.MqttPublisher  ] [MQTT] Publicado | msgId=11 | topic=ambiente/estacao/estacao_01/telemetria | 180 bytes | QoS=1
2026-05-21T16:07:56.366Z [DEBUG] [mqtt.MqttPublisher  ] [MQTT] PUBACK | msgId=11 | latência=2 ms
2026-05-21T16:07:58.583Z [INFO ] [mqtt.MqttPublisher  ] [MQTT] Status publicado: online=false
2026-05-21T16:07:58.586Z [INFO ] [mqtt.MqttPublisher  ] [MQTT] Desconectado graciosamente.
2026-05-21T16:07:58.594Z [DEBUG] [config.AppConfig    ] [Config] Carregado: station.properties
2026-05-21T16:07:58.594Z [DEBUG] [config.AppConfig    ] [Config] Carregado: station-local.properties
2026-05-21T16:07:58.594Z [INFO ] [config.AppConfig    ] [Config] station-local.properties carregado — sobrescrevendo valores base.
2026-05-21T16:07:58.594Z [INFO ] [config.AppConfig    ] ╔══════════════════════════════════════════╗
2026-05-21T16:07:58.594Z [INFO ] [config.AppConfig    ] ║       Configuração Carregada             ║
2026-05-21T16:07:58.594Z [INFO ] [config.AppConfig    ] ╠══════════════════════════════════════════╣
2026-05-21T16:07:58.595Z [INFO ] [config.AppConfig    ] ║ Estação ID : estacao_01
2026-05-21T16:07:58.595Z [INFO ] [config.AppConfig    ] ║ Broker     : localhost:1883
2026-05-21T16:07:58.595Z [INFO ] [config.AppConfig    ] ║ Tópico     : ambiente/estacao/estacao_01/telemetria
2026-05-21T16:07:58.595Z [INFO ] [config.AppConfig    ] ║ Status     : ambiente/estacao/estacao_01/status
2026-05-21T16:07:58.595Z [INFO ] [config.AppConfig    ] ║ Intervalo  : 10000 ms
2026-05-21T16:07:58.595Z [INFO ] [config.AppConfig    ] ║ QoS        : 1
2026-05-21T16:07:58.595Z [INFO ] [config.AppConfig    ] ║ Lat/Lon    : -5.207645788981328, -37.32216460818565
2026-05-21T16:07:58.595Z [INFO ] [config.AppConfig    ] ║ Seed       : 42
2026-05-21T16:07:58.595Z [INFO ] [config.AppConfig    ] ╚══════════════════════════════════════════╝
2026-05-21T16:07:58.595Z [INFO ] [sensor.SensorSim    ] [Sensor] Inicializado | seed=42 | temp_base=29.0°C | hum_base=71.0%
2026-05-21T16:07:58.597Z [DEBUG] [mqtt.MqttPublisher  ] [MQTT] LWT configurado: ambiente/estacao/estacao_01/status
2026-05-21T16:07:58.597Z [INFO ] [mqtt.MqttPublisher  ] [MQTT] Conectando ao broker: tcp://localhost:1883 | clientId: estacao_01_1779379678595
2026-05-21T16:07:58.900Z [INFO ] [mqtt.MqttPublisher  ] [MQTT] Conectado com sucesso!
2026-05-21T16:07:58.900Z [DEBUG] [mqtt.MqttPublisher  ] [MQTT] connectComplete (conexão inicial): tcp://localhost:1883
2026-05-21T16:07:58.901Z [INFO ] [mqtt.MqttPublisher  ] [MQTT] Status publicado: online=true
2026-05-21T16:07:59.261Z [INFO ] [mqtt.MqttPublisher  ] [MQTT] Status publicado: online=false
2026-05-21T16:07:59.262Z [INFO ] [mqtt.MqttPublisher  ] [MQTT] Desconectado graciosamente.
2026-05-21T16:07:59.267Z [DEBUG] [config.AppConfig    ] [Config] Carregado: station.properties
2026-05-21T16:07:59.268Z [DEBUG] [config.AppConfig    ] [Config] Carregado: station-local.properties
2026-05-21T16:07:59.268Z [INFO ] [config.AppConfig    ] [Config] station-local.properties carregado — sobrescrevendo valores base.
2026-05-21T16:07:59.269Z [INFO ] [config.AppConfig    ] ╔══════════════════════════════════════════╗
2026-05-21T16:07:59.269Z [INFO ] [config.AppConfig    ] ║       Configuração Carregada             ║
2026-05-21T16:07:59.269Z [INFO ] [config.AppConfig    ] ╠══════════════════════════════════════════╣
2026-05-21T16:07:59.269Z [INFO ] [config.AppConfig    ] ║ Estação ID : estacao_01
2026-05-21T16:07:59.269Z [INFO ] [config.AppConfig    ] ║ Broker     : localhost:1883
2026-05-21T16:07:59.269Z [INFO ] [config.AppConfig    ] ║ Tópico     : ambiente/estacao/estacao_01/telemetria
2026-05-21T16:07:59.269Z [INFO ] [config.AppConfig    ] ║ Status     : ambiente/estacao/estacao_01/status
2026-05-21T16:07:59.269Z [INFO ] [config.AppConfig    ] ║ Intervalo  : 10000 ms
2026-05-21T16:07:59.270Z [INFO ] [config.AppConfig    ] ║ QoS        : 1
2026-05-21T16:07:59.270Z [INFO ] [config.AppConfig    ] ║ Lat/Lon    : -5.207645788981328, -37.32216460818565
2026-05-21T16:07:59.270Z [INFO ] [config.AppConfig    ] ║ Seed       : 42
2026-05-21T16:07:59.270Z [INFO ] [config.AppConfig    ] ╚══════════════════════════════════════════╝
2026-05-21T16:07:59.270Z [INFO ] [sensor.SensorSim    ] [Sensor] Inicializado | seed=42 | temp_base=29.0°C | hum_base=71.0%
2026-05-21T16:07:59.273Z [DEBUG] [mqtt.MqttPublisher  ] [MQTT] LWT configurado: ambiente/estacao/estacao_01/status
2026-05-21T16:07:59.273Z [INFO ] [mqtt.MqttPublisher  ] [MQTT] Conectando ao broker: tcp://localhost:1883 | clientId: estacao_01_1779379679271
2026-05-21T16:07:59.577Z [INFO ] [mqtt.MqttPublisher  ] [MQTT] Conectado com sucesso!
2026-05-21T16:07:59.577Z [DEBUG] [mqtt.MqttPublisher  ] [MQTT] connectComplete (conexão inicial): tcp://localhost:1883
2026-05-21T16:07:59.578Z [INFO ] [mqtt.MqttPublisher  ] [MQTT] Status publicado: online=true
2026-05-21T16:07:59.579Z [INFO ] [mqtt.MqttPublisher  ] [MQTT] Status publicado: online=false
2026-05-21T16:07:59.579Z [INFO ] [mqtt.MqttPublisher  ] [MQTT] Desconectado graciosamente.
2026-05-21T16:07:59.581Z [DEBUG] [config.AppConfig    ] [Config] Carregado: station.properties
2026-05-21T16:07:59.581Z [DEBUG] [config.AppConfig    ] [Config] Carregado: station-local.properties
2026-05-21T16:07:59.581Z [INFO ] [config.AppConfig    ] [Config] station-local.properties carregado — sobrescrevendo valores base.
2026-05-21T16:07:59.581Z [INFO ] [config.AppConfig    ] ╔══════════════════════════════════════════╗
2026-05-21T16:07:59.581Z [INFO ] [config.AppConfig    ] ║       Configuração Carregada             ║
2026-05-21T16:07:59.581Z [INFO ] [config.AppConfig    ] ╠══════════════════════════════════════════╣
2026-05-21T16:07:59.581Z [INFO ] [config.AppConfig    ] ║ Estação ID : estacao_01
2026-05-21T16:07:59.581Z [INFO ] [config.AppConfig    ] ║ Broker     : localhost:1883
2026-05-21T16:07:59.581Z [INFO ] [config.AppConfig    ] ║ Tópico     : ambiente/estacao/estacao_01/telemetria
2026-05-21T16:07:59.581Z [INFO ] [config.AppConfig    ] ║ Status     : ambiente/estacao/estacao_01/status
2026-05-21T16:07:59.581Z [INFO ] [config.AppConfig    ] ║ Intervalo  : 10000 ms
2026-05-21T16:07:59.581Z [INFO ] [config.AppConfig    ] ║ QoS        : 1
2026-05-21T16:07:59.582Z [INFO ] [config.AppConfig    ] ║ Lat/Lon    : -5.207645788981328, -37.32216460818565
2026-05-21T16:07:59.582Z [INFO ] [config.AppConfig    ] ║ Seed       : 42
2026-05-21T16:07:59.582Z [INFO ] [config.AppConfig    ] ╚══════════════════════════════════════════╝
2026-05-21T16:07:59.582Z [INFO ] [sensor.SensorSim    ] [Sensor] Inicializado | seed=42 | temp_base=29.0°C | hum_base=71.0%
2026-05-21T16:07:59.583Z [DEBUG] [mqtt.MqttPublisher  ] [MQTT] LWT configurado: ambiente/estacao/estacao_01/status
2026-05-21T16:07:59.583Z [INFO ] [mqtt.MqttPublisher  ] [MQTT] Conectando ao broker: tcp://localhost:1883 | clientId: estacao_01_1779379679582
2026-05-21T16:07:59.886Z [INFO ] [mqtt.MqttPublisher  ] [MQTT] Conectado com sucesso!
2026-05-21T16:07:59.886Z [DEBUG] [mqtt.MqttPublisher  ] [MQTT] connectComplete (conexão inicial): tcp://localhost:1883
2026-05-21T16:07:59.887Z [INFO ] [mqtt.MqttPublisher  ] [MQTT] Status publicado: online=true
2026-05-21T16:07:59.888Z [DEBUG] [sensor.SensorSim    ] [Sensor] seq=1 | tmp=29.46 | hum=71.5 | pres=1013.01 | co2=412.2 | uv=2.6 | rssi=-47
2026-05-21T16:07:59.890Z [DEBUG] [p.PayloadBuilder    ] [Payload] seq=1 | 179 bytes | {"id":"estacao_01","ts":"2026-05-21T16:07:59.888Z","lat":-5.207645788981328,"lon":-37.32216460818565,"tmp":29.46,"hum":71.5,"pres":1013.01,"co2":412.2,"uv":2.6,"rssi":-47,"seq":1}
2026-05-21T16:07:59.891Z [DEBUG] [mqtt.MqttPublisher  ] [MQTT] Publicado | msgId=2 | topic=ambiente/estacao/estacao_01/telemetria | 179 bytes | QoS=1
2026-05-21T16:07:59.891Z [DEBUG] [mqtt.MqttPublisher  ] [MQTT] PUBACK | msgId=2 | latência=0 ms
2026-05-21T16:07:59.891Z [INFO ] [mqtt.MqttPublisher  ] [MQTT] Status publicado: online=false
2026-05-21T16:07:59.892Z [INFO ] [mqtt.MqttPublisher  ] [MQTT] Desconectado graciosamente.
2026-05-21T16:07:59.894Z [DEBUG] [config.AppConfig    ] [Config] Carregado: station.properties
2026-05-21T16:07:59.894Z [DEBUG] [config.AppConfig    ] [Config] Carregado: station-local.properties
2026-05-21T16:07:59.894Z [INFO ] [config.AppConfig    ] [Config] station-local.properties carregado — sobrescrevendo valores base.
2026-05-21T16:07:59.894Z [INFO ] [config.AppConfig    ] ╔══════════════════════════════════════════╗
2026-05-21T16:07:59.894Z [INFO ] [config.AppConfig    ] ║       Configuração Carregada             ║
2026-05-21T16:07:59.894Z [INFO ] [config.AppConfig    ] ╠══════════════════════════════════════════╣
2026-05-21T16:07:59.894Z [INFO ] [config.AppConfig    ] ║ Estação ID : estacao_01
2026-05-21T16:07:59.894Z [INFO ] [config.AppConfig    ] ║ Broker     : localhost:1883
2026-05-21T16:07:59.894Z [INFO ] [config.AppConfig    ] ║ Tópico     : ambiente/estacao/estacao_01/telemetria
2026-05-21T16:07:59.894Z [INFO ] [config.AppConfig    ] ║ Status     : ambiente/estacao/estacao_01/status
2026-05-21T16:07:59.894Z [INFO ] [config.AppConfig    ] ║ Intervalo  : 10000 ms
2026-05-21T16:07:59.894Z [INFO ] [config.AppConfig    ] ║ QoS        : 1
2026-05-21T16:07:59.894Z [INFO ] [config.AppConfig    ] ║ Lat/Lon    : -5.207645788981328, -37.32216460818565
2026-05-21T16:07:59.894Z [INFO ] [config.AppConfig    ] ║ Seed       : 42
2026-05-21T16:07:59.894Z [INFO ] [config.AppConfig    ] ╚══════════════════════════════════════════╝
2026-05-21T16:07:59.894Z [INFO ] [sensor.SensorSim    ] [Sensor] Inicializado | seed=42 | temp_base=29.0°C | hum_base=71.0%
2026-05-21T16:07:59.895Z [DEBUG] [mqtt.MqttPublisher  ] [MQTT] LWT configurado: ambiente/estacao/estacao_01/status
2026-05-21T16:07:59.896Z [INFO ] [mqtt.MqttPublisher  ] [MQTT] Conectando ao broker: tcp://localhost:1883 | clientId: estacao_01_1779379679894
2026-05-21T16:08:00.199Z [INFO ] [mqtt.MqttPublisher  ] [MQTT] Conectado com sucesso!
2026-05-21T16:08:00.199Z [DEBUG] [mqtt.MqttPublisher  ] [MQTT] connectComplete (conexão inicial): tcp://localhost:1883
2026-05-21T16:08:00.200Z [INFO ] [mqtt.MqttPublisher  ] [MQTT] Status publicado: online=true
2026-05-21T16:08:00.200Z [DEBUG] [sensor.SensorSim    ] [Sensor] seq=1 | tmp=29.46 | hum=71.5 | pres=1013.02 | co2=412.2 | uv=2.6 | rssi=-47
2026-05-21T16:08:00.202Z [DEBUG] [p.PayloadBuilder    ] [Payload] seq=1 | 179 bytes | {"id":"estacao_01","ts":"2026-05-21T16:08:00.200Z","lat":-5.207645788981328,"lon":-37.32216460818565,"tmp":29.46,"hum":71.5,"pres":1013.02,"co2":412.2,"uv":2.6,"rssi":-47,"seq":1}
2026-05-21T16:08:00.202Z [DEBUG] [mqtt.MqttPublisher  ] [MQTT] Publicado | msgId=2 | topic=ambiente/estacao/estacao_01/telemetria | 179 bytes | QoS=1
2026-05-21T16:08:00.202Z [DEBUG] [sensor.SensorSim    ] [Sensor] seq=2 | tmp=28.67 | hum=70.0 | pres=1013.25 | co2=418.7 | uv=2.7 | rssi=-52
2026-05-21T16:08:00.202Z [DEBUG] [p.PayloadBuilder    ] [Payload] seq=2 | 179 bytes | {"id":"estacao_01","ts":"2026-05-21T16:08:00.202Z","lat":-5.207645788981328,"lon":-37.32216460818565,"tmp":28.67,"hum":70.0,"pres":1013.25,"co2":418.7,"uv":2.7,"rssi":-52,"seq":2}
2026-05-21T16:08:00.202Z [DEBUG] [mqtt.MqttPublisher  ] [MQTT] Publicado | msgId=3 | topic=ambiente/estacao/estacao_01/telemetria | 179 bytes | QoS=1
2026-05-21T16:08:00.202Z [DEBUG] [mqtt.MqttPublisher  ] [MQTT] PUBACK | msgId=2 | latência=0 ms
2026-05-21T16:08:00.203Z [DEBUG] [sensor.SensorSim    ] [Sensor] seq=3 | tmp=29.56 | hum=70.2 | pres=1012.94 | co2=415.9 | uv=2.4 | rssi=-48
2026-05-21T16:08:00.203Z [DEBUG] [mqtt.MqttPublisher  ] [MQTT] PUBACK | msgId=3 | latência=1 ms
2026-05-21T16:08:00.203Z [DEBUG] [p.PayloadBuilder    ] [Payload] seq=3 | 179 bytes | {"id":"estacao_01","ts":"2026-05-21T16:08:00.202Z","lat":-5.207645788981328,"lon":-37.32216460818565,"tmp":29.56,"hum":70.2,"pres":1012.94,"co2":415.9,"uv":2.4,"rssi":-48,"seq":3}
2026-05-21T16:08:00.203Z [DEBUG] [mqtt.MqttPublisher  ] [MQTT] Publicado | msgId=4 | topic=ambiente/estacao/estacao_01/telemetria | 179 bytes | QoS=1
2026-05-21T16:08:00.203Z [DEBUG] [sensor.SensorSim    ] [Sensor] seq=4 | tmp=28.52 | hum=71.5 | pres=1013.77 | co2=416.1 | uv=2.6 | rssi=-40
2026-05-21T16:08:00.203Z [DEBUG] [p.PayloadBuilder    ] [Payload] seq=4 | 179 bytes | {"id":"estacao_01","ts":"2026-05-21T16:08:00.203Z","lat":-5.207645788981328,"lon":-37.32216460818565,"tmp":28.52,"hum":71.5,"pres":1013.77,"co2":416.1,"uv":2.6,"rssi":-40,"seq":4}
2026-05-21T16:08:00.203Z [DEBUG] [mqtt.MqttPublisher  ] [MQTT] PUBACK | msgId=4 | latência=0 ms
2026-05-21T16:08:00.203Z [DEBUG] [mqtt.MqttPublisher  ] [MQTT] Publicado | msgId=5 | topic=ambiente/estacao/estacao_01/telemetria | 179 bytes | QoS=1
2026-05-21T16:08:00.203Z [DEBUG] [sensor.SensorSim    ] [Sensor] seq=5 | tmp=28.89 | hum=71.0 | pres=1013.68 | co2=414.2 | uv=2.4 | rssi=-66
2026-05-21T16:08:00.203Z [DEBUG] [p.PayloadBuilder    ] [Payload] seq=5 | 179 bytes | {"id":"estacao_01","ts":"2026-05-21T16:08:00.203Z","lat":-5.207645788981328,"lon":-37.32216460818565,"tmp":28.89,"hum":71.0,"pres":1013.68,"co2":414.2,"uv":2.4,"rssi":-66,"seq":5}
2026-05-21T16:08:00.204Z [DEBUG] [mqtt.MqttPublisher  ] [MQTT] PUBACK | msgId=5 | latência=1 ms
2026-05-21T16:08:00.204Z [DEBUG] [mqtt.MqttPublisher  ] [MQTT] Publicado | msgId=6 | topic=ambiente/estacao/estacao_01/telemetria | 179 bytes | QoS=1
2026-05-21T16:08:00.204Z [DEBUG] [mqtt.MqttPublisher  ] [MQTT] PUBACK | msgId=6 | latência=0 ms
2026-05-21T16:08:03.208Z [INFO ] [mqtt.MqttPublisher  ] [MQTT] Status publicado: online=false
2026-05-21T16:08:03.209Z [INFO ] [mqtt.MqttPublisher  ] [MQTT] Desconectado graciosamente.
2026-05-21T16:08:03.214Z [DEBUG] [config.AppConfig    ] [Config] Carregado: station.properties
2026-05-21T16:08:03.214Z [DEBUG] [config.AppConfig    ] [Config] Carregado: station-local.properties
2026-05-21T16:08:03.214Z [INFO ] [config.AppConfig    ] [Config] station-local.properties carregado — sobrescrevendo valores base.
2026-05-21T16:08:03.215Z [INFO ] [config.AppConfig    ] ╔══════════════════════════════════════════╗
2026-05-21T16:08:03.215Z [INFO ] [config.AppConfig    ] ║       Configuração Carregada             ║
2026-05-21T16:08:03.215Z [INFO ] [config.AppConfig    ] ╠══════════════════════════════════════════╣
2026-05-21T16:08:03.215Z [INFO ] [config.AppConfig    ] ║ Estação ID : estacao_01
2026-05-21T16:08:03.215Z [INFO ] [config.AppConfig    ] ║ Broker     : localhost:1883
2026-05-21T16:08:03.215Z [INFO ] [config.AppConfig    ] ║ Tópico     : ambiente/estacao/estacao_01/telemetria
2026-05-21T16:08:03.215Z [INFO ] [config.AppConfig    ] ║ Status     : ambiente/estacao/estacao_01/status
2026-05-21T16:08:03.215Z [INFO ] [config.AppConfig    ] ║ Intervalo  : 10000 ms
2026-05-21T16:08:03.215Z [INFO ] [config.AppConfig    ] ║ QoS        : 1
2026-05-21T16:08:03.215Z [INFO ] [config.AppConfig    ] ║ Lat/Lon    : -5.207645788981328, -37.32216460818565
2026-05-21T16:08:03.215Z [INFO ] [config.AppConfig    ] ║ Seed       : 42
2026-05-21T16:08:03.215Z [INFO ] [config.AppConfig    ] ╚══════════════════════════════════════════╝
2026-05-21T16:08:03.215Z [INFO ] [sensor.SensorSim    ] [Sensor] Inicializado | seed=42 | temp_base=29.0°C | hum_base=71.0%
2026-05-21T16:08:03.217Z [DEBUG] [mqtt.MqttPublisher  ] [MQTT] LWT configurado: ambiente/estacao/estacao_01/status
2026-05-21T16:08:03.217Z [INFO ] [mqtt.MqttPublisher  ] [MQTT] Conectando ao broker: tcp://localhost:1883 | clientId: estacao_01_1779379683215
2026-05-21T16:08:03.520Z [INFO ] [mqtt.MqttPublisher  ] [MQTT] Conectado com sucesso!
2026-05-21T16:08:03.520Z [DEBUG] [mqtt.MqttPublisher  ] [MQTT] connectComplete (conexão inicial): tcp://localhost:1883
2026-05-21T16:08:03.521Z [INFO ] [mqtt.MqttPublisher  ] [MQTT] Status publicado: online=true
2026-05-21T16:08:03.833Z [DEBUG] [sensor.SensorSim    ] [Sensor] seq=1 | tmp=29.46 | hum=71.5 | pres=1013.02 | co2=412.2 | uv=2.6 | rssi=-47
2026-05-21T16:08:03.838Z [DEBUG] [p.PayloadBuilder    ] [Payload] seq=1 | 179 bytes | {"id":"estacao_01","ts":"2026-05-21T16:08:03.833Z","lat":-5.207645788981328,"lon":-37.32216460818565,"tmp":29.46,"hum":71.5,"pres":1013.02,"co2":412.2,"uv":2.6,"rssi":-47,"seq":1}
2026-05-21T16:08:03.838Z [DEBUG] [mqtt.MqttPublisher  ] [MQTT] Publicado | msgId=2 | topic=ambiente/estacao/estacao_01/telemetria | 179 bytes | QoS=1
2026-05-21T16:08:03.840Z [DEBUG] [mqtt.MqttPublisher  ] [MQTT] PUBACK | msgId=2 | latência=2 ms
2026-05-21T16:08:03.879Z [INFO ] [mqtt.MqttPublisher  ] [MQTT] Status publicado: online=false
2026-05-21T16:08:03.881Z [INFO ] [mqtt.MqttPublisher  ] [MQTT] Desconectado graciosamente.
2026-05-21T17:04:59.288Z [DEBUG] [config.AppConfig    ] [Config] Carregado: station.properties
2026-05-21T17:04:59.290Z [DEBUG] [config.AppConfig    ] [Config] Carregado: station-local.properties
2026-05-21T17:04:59.290Z [INFO ] [config.AppConfig    ] [Config] station-local.properties carregado — sobrescrevendo valores base.
2026-05-21T17:04:59.290Z [INFO ] [config.AppConfig    ] ╔══════════════════════════════════════════╗
2026-05-21T17:04:59.291Z [INFO ] [config.AppConfig    ] ║       Configuração Carregada             ║
2026-05-21T17:04:59.291Z [INFO ] [config.AppConfig    ] ╠══════════════════════════════════════════╣
2026-05-21T17:04:59.291Z [INFO ] [config.AppConfig    ] ║ Estação ID : estacao_01
2026-05-21T17:04:59.291Z [INFO ] [config.AppConfig    ] ║ Broker     : localhost:1883
2026-05-21T17:04:59.291Z [INFO ] [config.AppConfig    ] ║ Tópico     : ambiente/estacao/estacao_01/telemetria
2026-05-21T17:04:59.291Z [INFO ] [config.AppConfig    ] ║ Status     : ambiente/estacao/estacao_01/status
2026-05-21T17:04:59.291Z [INFO ] [config.AppConfig    ] ║ Intervalo  : 10000 ms
2026-05-21T17:04:59.291Z [INFO ] [config.AppConfig    ] ║ QoS        : 1
2026-05-21T17:04:59.291Z [INFO ] [config.AppConfig    ] ║ Lat/Lon    : -5.207645788981328, -37.32216460818565
2026-05-21T17:04:59.292Z [INFO ] [config.AppConfig    ] ║ Seed       : 42
2026-05-21T17:04:59.292Z [INFO ] [config.AppConfig    ] ╚══════════════════════════════════════════╝
2026-05-21T17:04:59.379Z [INFO ] [sensor.SensorSim    ] [Sensor] Inicializado | seed=42 | temp_base=29.0°C | hum_base=71.0%
2026-05-21T17:04:59.425Z [DEBUG] [mqtt.MqttPublisher  ] [MQTT] LWT configurado: ambiente/estacao/estacao_01/status
2026-05-21T17:04:59.425Z [INFO ] [mqtt.MqttPublisher  ] [MQTT] Conectando ao broker: tcp://localhost:1883 | clientId: estacao_01_1779383099380
2026-05-21T17:04:59.741Z [INFO ] [mqtt.MqttPublisher  ] [MQTT] Conectado com sucesso!
2026-05-21T17:04:59.741Z [DEBUG] [mqtt.MqttPublisher  ] [MQTT] connectComplete (conexão inicial): tcp://localhost:1883
2026-05-21T17:04:59.745Z [INFO ] [mqtt.MqttPublisher  ] [MQTT] Status publicado: online=true
2026-05-21T17:04:59.760Z [DEBUG] [sensor.SensorSim    ] [Sensor] seq=1 | tmp=29.46 | hum=71.5 | pres=1013.39 | co2=412.2 | uv=1.4 | rssi=-47
2026-05-21T17:04:59.776Z [DEBUG] [p.PayloadBuilder    ] [Payload] seq=1 | 179 bytes | {"id":"estacao_01","ts":"2026-05-21T17:04:59.759Z","lat":-5.207645788981328,"lon":-37.32216460818565,"tmp":29.46,"hum":71.5,"pres":1013.39,"co2":412.2,"uv":1.4,"rssi":-47,"seq":1}
2026-05-21T17:04:59.776Z [DEBUG] [mqtt.MqttPublisher  ] [MQTT] Publicado | msgId=2 | topic=ambiente/estacao/estacao_01/telemetria | 179 bytes | QoS=1
2026-05-21T17:04:59.777Z [DEBUG] [mqtt.MqttPublisher  ] [MQTT] PUBACK | msgId=2 | latência=1 ms
2026-05-21T17:04:59.977Z [DEBUG] [sensor.SensorSim    ] [Sensor] seq=2 | tmp=28.67 | hum=70.0 | pres=1013.62 | co2=418.7 | uv=1.5 | rssi=-52
2026-05-21T17:04:59.977Z [DEBUG] [p.PayloadBuilder    ] [Payload] seq=2 | 179 bytes | {"id":"estacao_01","ts":"2026-05-21T17:04:59.976Z","lat":-5.207645788981328,"lon":-37.32216460818565,"tmp":28.67,"hum":70.0,"pres":1013.62,"co2":418.7,"uv":1.5,"rssi":-52,"seq":2}
2026-05-21T17:04:59.978Z [DEBUG] [mqtt.MqttPublisher  ] [MQTT] Publicado | msgId=3 | topic=ambiente/estacao/estacao_01/telemetria | 179 bytes | QoS=1
2026-05-21T17:04:59.978Z [DEBUG] [mqtt.MqttPublisher  ] [MQTT] PUBACK | msgId=3 | latência=1 ms
2026-05-21T17:05:00.178Z [DEBUG] [sensor.SensorSim    ] [Sensor] seq=3 | tmp=29.56 | hum=70.2 | pres=1013.32 | co2=415.9 | uv=1.1 | rssi=-48
2026-05-21T17:05:00.179Z [DEBUG] [p.PayloadBuilder    ] [Payload] seq=3 | 179 bytes | {"id":"estacao_01","ts":"2026-05-21T17:05:00.178Z","lat":-5.207645788981328,"lon":-37.32216460818565,"tmp":29.56,"hum":70.2,"pres":1013.32,"co2":415.9,"uv":1.1,"rssi":-48,"seq":3}
2026-05-21T17:05:00.180Z [DEBUG] [mqtt.MqttPublisher  ] [MQTT] Publicado | msgId=4 | topic=ambiente/estacao/estacao_01/telemetria | 179 bytes | QoS=1
2026-05-21T17:05:00.181Z [DEBUG] [mqtt.MqttPublisher  ] [MQTT] PUBACK | msgId=4 | latência=1 ms
2026-05-21T17:05:00.381Z [DEBUG] [sensor.SensorSim    ] [Sensor] seq=4 | tmp=28.52 | hum=71.5 | pres=1014.15 | co2=416.1 | uv=1.4 | rssi=-40
2026-05-21T17:05:00.382Z [DEBUG] [p.PayloadBuilder    ] [Payload] seq=4 | 179 bytes | {"id":"estacao_01","ts":"2026-05-21T17:05:00.381Z","lat":-5.207645788981328,"lon":-37.32216460818565,"tmp":28.52,"hum":71.5,"pres":1014.15,"co2":416.1,"uv":1.4,"rssi":-40,"seq":4}
2026-05-21T17:05:00.382Z [DEBUG] [mqtt.MqttPublisher  ] [MQTT] Publicado | msgId=5 | topic=ambiente/estacao/estacao_01/telemetria | 179 bytes | QoS=1
2026-05-21T17:05:00.383Z [DEBUG] [mqtt.MqttPublisher  ] [MQTT] PUBACK | msgId=5 | latência=1 ms
2026-05-21T17:05:00.583Z [DEBUG] [sensor.SensorSim    ] [Sensor] seq=5 | tmp=28.89 | hum=71.0 | pres=1014.06 | co2=414.2 | uv=1.2 | rssi=-66
2026-05-21T17:05:00.584Z [DEBUG] [p.PayloadBuilder    ] [Payload] seq=5 | 179 bytes | {"id":"estacao_01","ts":"2026-05-21T17:05:00.582Z","lat":-5.207645788981328,"lon":-37.32216460818565,"tmp":28.89,"hum":71.0,"pres":1014.06,"co2":414.2,"uv":1.2,"rssi":-66,"seq":5}
2026-05-21T17:05:00.584Z [DEBUG] [mqtt.MqttPublisher  ] [MQTT] Publicado | msgId=6 | topic=ambiente/estacao/estacao_01/telemetria | 179 bytes | QoS=1
2026-05-21T17:05:00.586Z [DEBUG] [mqtt.MqttPublisher  ] [MQTT] PUBACK | msgId=6 | latência=2 ms
2026-05-21T17:05:00.785Z [DEBUG] [sensor.SensorSim    ] [Sensor] seq=6 | tmp=29.57 | hum=69.6 | pres=1013.09 | co2=412.7 | uv=0.5 | rssi=-65
2026-05-21T17:05:00.786Z [DEBUG] [p.PayloadBuilder    ] [Payload] seq=6 | 179 bytes | {"id":"estacao_01","ts":"2026-05-21T17:05:00.785Z","lat":-5.207645788981328,"lon":-37.32216460818565,"tmp":29.57,"hum":69.6,"pres":1013.09,"co2":412.7,"uv":0.5,"rssi":-65,"seq":6}
2026-05-21T17:05:00.787Z [DEBUG] [mqtt.MqttPublisher  ] [MQTT] Publicado | msgId=7 | topic=ambiente/estacao/estacao_01/telemetria | 179 bytes | QoS=1
2026-05-21T17:05:00.788Z [DEBUG] [mqtt.MqttPublisher  ] [MQTT] PUBACK | msgId=7 | latência=2 ms
2026-05-21T17:05:00.987Z [DEBUG] [sensor.SensorSim    ] [Sensor] seq=7 | tmp=28.95 | hum=72.1 | pres=1013.6 | co2=415.7 | uv=1.2 | rssi=-66
2026-05-21T17:05:00.988Z [DEBUG] [p.PayloadBuilder    ] [Payload] seq=7 | 178 bytes | {"id":"estacao_01","ts":"2026-05-21T17:05:00.987Z","lat":-5.207645788981328,"lon":-37.32216460818565,"tmp":28.95,"hum":72.1,"pres":1013.6,"co2":415.7,"uv":1.2,"rssi":-66,"seq":7}
2026-05-21T17:05:00.989Z [DEBUG] [mqtt.MqttPublisher  ] [MQTT] Publicado | msgId=8 | topic=ambiente/estacao/estacao_01/telemetria | 178 bytes | QoS=1
2026-05-21T17:05:00.989Z [DEBUG] [mqtt.MqttPublisher  ] [MQTT] PUBACK | msgId=8 | latência=1 ms
2026-05-21T17:05:01.189Z [DEBUG] [sensor.SensorSim    ] [Sensor] seq=8 | tmp=28.81 | hum=70.7 | pres=1014.01 | co2=414.9 | uv=1.0 | rssi=-38
2026-05-21T17:05:01.190Z [DEBUG] [p.PayloadBuilder    ] [Payload] seq=8 | 179 bytes | {"id":"estacao_01","ts":"2026-05-21T17:05:01.189Z","lat":-5.207645788981328,"lon":-37.32216460818565,"tmp":28.81,"hum":70.7,"pres":1014.01,"co2":414.9,"uv":1.0,"rssi":-38,"seq":8}
2026-05-21T17:05:01.191Z [DEBUG] [mqtt.MqttPublisher  ] [MQTT] Publicado | msgId=9 | topic=ambiente/estacao/estacao_01/telemetria | 179 bytes | QoS=1
2026-05-21T17:05:01.193Z [DEBUG] [mqtt.MqttPublisher  ] [MQTT] PUBACK | msgId=9 | latência=2 ms
2026-05-21T17:05:01.392Z [DEBUG] [sensor.SensorSim    ] [Sensor] seq=9 | tmp=29.46 | hum=69.9 | pres=1014.0 | co2=410.2 | uv=1.4 | rssi=-51
2026-05-21T17:05:01.393Z [DEBUG] [p.PayloadBuilder    ] [Payload] seq=9 | 178 bytes | {"id":"estacao_01","ts":"2026-05-21T17:05:01.392Z","lat":-5.207645788981328,"lon":-37.32216460818565,"tmp":29.46,"hum":69.9,"pres":1014.0,"co2":410.2,"uv":1.4,"rssi":-51,"seq":9}
2026-05-21T17:05:01.394Z [DEBUG] [mqtt.MqttPublisher  ] [MQTT] Publicado | msgId=10 | topic=ambiente/estacao/estacao_01/telemetria | 178 bytes | QoS=1
2026-05-21T17:05:01.395Z [DEBUG] [mqtt.MqttPublisher  ] [MQTT] PUBACK | msgId=10 | latência=2 ms
2026-05-21T17:05:01.594Z [DEBUG] [sensor.SensorSim    ] [Sensor] seq=10 | tmp=29.56 | hum=69.5 | pres=1013.76 | co2=416.4 | uv=1.1 | rssi=-48
2026-05-21T17:05:01.595Z [DEBUG] [p.PayloadBuilder    ] [Payload] seq=10 | 180 bytes | {"id":"estacao_01","ts":"2026-05-21T17:05:01.594Z","lat":-5.207645788981328,"lon":-37.32216460818565,"tmp":29.56,"hum":69.5,"pres":1013.76,"co2":416.4,"uv":1.1,"rssi":-48,"seq":10}
2026-05-21T17:05:01.596Z [DEBUG] [mqtt.MqttPublisher  ] [MQTT] Publicado | msgId=11 | topic=ambiente/estacao/estacao_01/telemetria | 180 bytes | QoS=1
2026-05-21T17:05:01.598Z [DEBUG] [mqtt.MqttPublisher  ] [MQTT] PUBACK | msgId=11 | latência=2 ms
2026-05-21T17:05:03.812Z [INFO ] [mqtt.MqttPublisher  ] [MQTT] Status publicado: online=false
2026-05-21T17:05:03.817Z [INFO ] [mqtt.MqttPublisher  ] [MQTT] Desconectado graciosamente.
2026-05-21T17:05:03.829Z [DEBUG] [config.AppConfig    ] [Config] Carregado: station.properties
2026-05-21T17:05:03.829Z [DEBUG] [config.AppConfig    ] [Config] Carregado: station-local.properties
2026-05-21T17:05:03.829Z [INFO ] [config.AppConfig    ] [Config] station-local.properties carregado — sobrescrevendo valores base.
2026-05-21T17:05:03.829Z [INFO ] [config.AppConfig    ] ╔══════════════════════════════════════════╗
2026-05-21T17:05:03.829Z [INFO ] [config.AppConfig    ] ║       Configuração Carregada             ║
2026-05-21T17:05:03.829Z [INFO ] [config.AppConfig    ] ╠══════════════════════════════════════════╣
2026-05-21T17:05:03.829Z [INFO ] [config.AppConfig    ] ║ Estação ID : estacao_01
2026-05-21T17:05:03.829Z [INFO ] [config.AppConfig    ] ║ Broker     : localhost:1883
2026-05-21T17:05:03.829Z [INFO ] [config.AppConfig    ] ║ Tópico     : ambiente/estacao/estacao_01/telemetria
2026-05-21T17:05:03.830Z [INFO ] [config.AppConfig    ] ║ Status     : ambiente/estacao/estacao_01/status
2026-05-21T17:05:03.830Z [INFO ] [config.AppConfig    ] ║ Intervalo  : 10000 ms
2026-05-21T17:05:03.830Z [INFO ] [config.AppConfig    ] ║ QoS        : 1
2026-05-21T17:05:03.830Z [INFO ] [config.AppConfig    ] ║ Lat/Lon    : -5.207645788981328, -37.32216460818565
2026-05-21T17:05:03.830Z [INFO ] [config.AppConfig    ] ║ Seed       : 42
2026-05-21T17:05:03.830Z [INFO ] [config.AppConfig    ] ╚══════════════════════════════════════════╝
2026-05-21T17:05:03.830Z [INFO ] [sensor.SensorSim    ] [Sensor] Inicializado | seed=42 | temp_base=29.0°C | hum_base=71.0%
2026-05-21T17:05:03.831Z [DEBUG] [mqtt.MqttPublisher  ] [MQTT] LWT configurado: ambiente/estacao/estacao_01/status
2026-05-21T17:05:03.832Z [INFO ] [mqtt.MqttPublisher  ] [MQTT] Conectando ao broker: tcp://localhost:1883 | clientId: estacao_01_1779383103830
2026-05-21T17:05:04.135Z [DEBUG] [mqtt.MqttPublisher  ] [MQTT] connectComplete (conexão inicial): tcp://localhost:1883
2026-05-21T17:05:04.135Z [INFO ] [mqtt.MqttPublisher  ] [MQTT] Conectado com sucesso!
2026-05-21T17:05:04.136Z [INFO ] [mqtt.MqttPublisher  ] [MQTT] Status publicado: online=true
2026-05-21T17:05:04.491Z [INFO ] [mqtt.MqttPublisher  ] [MQTT] Status publicado: online=false
2026-05-21T17:05:04.491Z [INFO ] [mqtt.MqttPublisher  ] [MQTT] Desconectado graciosamente.
2026-05-21T17:05:04.493Z [DEBUG] [config.AppConfig    ] [Config] Carregado: station.properties
2026-05-21T17:05:04.494Z [DEBUG] [config.AppConfig    ] [Config] Carregado: station-local.properties
2026-05-21T17:05:04.494Z [INFO ] [config.AppConfig    ] [Config] station-local.properties carregado — sobrescrevendo valores base.
2026-05-21T17:05:04.494Z [INFO ] [config.AppConfig    ] ╔══════════════════════════════════════════╗
2026-05-21T17:05:04.494Z [INFO ] [config.AppConfig    ] ║       Configuração Carregada             ║
2026-05-21T17:05:04.494Z [INFO ] [config.AppConfig    ] ╠══════════════════════════════════════════╣
2026-05-21T17:05:04.494Z [INFO ] [config.AppConfig    ] ║ Estação ID : estacao_01
2026-05-21T17:05:04.494Z [INFO ] [config.AppConfig    ] ║ Broker     : localhost:1883
2026-05-21T17:05:04.494Z [INFO ] [config.AppConfig    ] ║ Tópico     : ambiente/estacao/estacao_01/telemetria
2026-05-21T17:05:04.494Z [INFO ] [config.AppConfig    ] ║ Status     : ambiente/estacao/estacao_01/status
2026-05-21T17:05:04.494Z [INFO ] [config.AppConfig    ] ║ Intervalo  : 10000 ms
2026-05-21T17:05:04.494Z [INFO ] [config.AppConfig    ] ║ QoS        : 1
2026-05-21T17:05:04.494Z [INFO ] [config.AppConfig    ] ║ Lat/Lon    : -5.207645788981328, -37.32216460818565
2026-05-21T17:05:04.494Z [INFO ] [config.AppConfig    ] ║ Seed       : 42
2026-05-21T17:05:04.494Z [INFO ] [config.AppConfig    ] ╚══════════════════════════════════════════╝
2026-05-21T17:05:04.495Z [INFO ] [sensor.SensorSim    ] [Sensor] Inicializado | seed=42 | temp_base=29.0°C | hum_base=71.0%
2026-05-21T17:05:04.496Z [DEBUG] [mqtt.MqttPublisher  ] [MQTT] LWT configurado: ambiente/estacao/estacao_01/status
2026-05-21T17:05:04.496Z [INFO ] [mqtt.MqttPublisher  ] [MQTT] Conectando ao broker: tcp://localhost:1883 | clientId: estacao_01_1779383104495
2026-05-21T17:05:04.799Z [INFO ] [mqtt.MqttPublisher  ] [MQTT] Conectado com sucesso!
2026-05-21T17:05:04.799Z [DEBUG] [mqtt.MqttPublisher  ] [MQTT] connectComplete (conexão inicial): tcp://localhost:1883
2026-05-21T17:05:04.800Z [INFO ] [mqtt.MqttPublisher  ] [MQTT] Status publicado: online=true
2026-05-21T17:05:04.802Z [INFO ] [mqtt.MqttPublisher  ] [MQTT] Status publicado: online=false
2026-05-21T17:05:04.803Z [INFO ] [mqtt.MqttPublisher  ] [MQTT] Desconectado graciosamente.
2026-05-21T17:05:04.805Z [DEBUG] [config.AppConfig    ] [Config] Carregado: station.properties
2026-05-21T17:05:04.805Z [DEBUG] [config.AppConfig    ] [Config] Carregado: station-local.properties
2026-05-21T17:05:04.805Z [INFO ] [config.AppConfig    ] [Config] station-local.properties carregado — sobrescrevendo valores base.
2026-05-21T17:05:04.805Z [INFO ] [config.AppConfig    ] ╔══════════════════════════════════════════╗
2026-05-21T17:05:04.805Z [INFO ] [config.AppConfig    ] ║       Configuração Carregada             ║
2026-05-21T17:05:04.805Z [INFO ] [config.AppConfig    ] ╠══════════════════════════════════════════╣
2026-05-21T17:05:04.805Z [INFO ] [config.AppConfig    ] ║ Estação ID : estacao_01
2026-05-21T17:05:04.806Z [INFO ] [config.AppConfig    ] ║ Broker     : localhost:1883
2026-05-21T17:05:04.806Z [INFO ] [config.AppConfig    ] ║ Tópico     : ambiente/estacao/estacao_01/telemetria
2026-05-21T17:05:04.806Z [INFO ] [config.AppConfig    ] ║ Status     : ambiente/estacao/estacao_01/status
2026-05-21T17:05:04.806Z [INFO ] [config.AppConfig    ] ║ Intervalo  : 10000 ms
2026-05-21T17:05:04.806Z [INFO ] [config.AppConfig    ] ║ QoS        : 1
2026-05-21T17:05:04.806Z [INFO ] [config.AppConfig    ] ║ Lat/Lon    : -5.207645788981328, -37.32216460818565
2026-05-21T17:05:04.806Z [INFO ] [config.AppConfig    ] ║ Seed       : 42
2026-05-21T17:05:04.806Z [INFO ] [config.AppConfig    ] ╚══════════════════════════════════════════╝
2026-05-21T17:05:04.806Z [INFO ] [sensor.SensorSim    ] [Sensor] Inicializado | seed=42 | temp_base=29.0°C | hum_base=71.0%
2026-05-21T17:05:04.808Z [DEBUG] [mqtt.MqttPublisher  ] [MQTT] LWT configurado: ambiente/estacao/estacao_01/status
2026-05-21T17:05:04.808Z [INFO ] [mqtt.MqttPublisher  ] [MQTT] Conectando ao broker: tcp://localhost:1883 | clientId: estacao_01_1779383104806
2026-05-21T17:05:05.111Z [INFO ] [mqtt.MqttPublisher  ] [MQTT] Conectado com sucesso!
2026-05-21T17:05:05.111Z [DEBUG] [mqtt.MqttPublisher  ] [MQTT] connectComplete (conexão inicial): tcp://localhost:1883
2026-05-21T17:05:05.112Z [INFO ] [mqtt.MqttPublisher  ] [MQTT] Status publicado: online=true
2026-05-21T17:05:05.112Z [DEBUG] [sensor.SensorSim    ] [Sensor] seq=1 | tmp=29.46 | hum=71.5 | pres=1013.39 | co2=412.2 | uv=1.4 | rssi=-47
2026-05-21T17:05:05.114Z [DEBUG] [p.PayloadBuilder    ] [Payload] seq=1 | 179 bytes | {"id":"estacao_01","ts":"2026-05-21T17:05:05.112Z","lat":-5.207645788981328,"lon":-37.32216460818565,"tmp":29.46,"hum":71.5,"pres":1013.39,"co2":412.2,"uv":1.4,"rssi":-47,"seq":1}
2026-05-21T17:05:05.116Z [DEBUG] [mqtt.MqttPublisher  ] [MQTT] Publicado | msgId=2 | topic=ambiente/estacao/estacao_01/telemetria | 179 bytes | QoS=1
2026-05-21T17:05:05.117Z [DEBUG] [mqtt.MqttPublisher  ] [MQTT] PUBACK | msgId=2 | latência=1 ms
2026-05-21T17:05:05.117Z [INFO ] [mqtt.MqttPublisher  ] [MQTT] Status publicado: online=false
2026-05-21T17:05:05.118Z [INFO ] [mqtt.MqttPublisher  ] [MQTT] Desconectado graciosamente.
2026-05-21T17:05:05.121Z [DEBUG] [config.AppConfig    ] [Config] Carregado: station.properties
2026-05-21T17:05:05.121Z [DEBUG] [config.AppConfig    ] [Config] Carregado: station-local.properties
2026-05-21T17:05:05.121Z [INFO ] [config.AppConfig    ] [Config] station-local.properties carregado — sobrescrevendo valores base.
2026-05-21T17:05:05.121Z [INFO ] [config.AppConfig    ] ╔══════════════════════════════════════════╗
2026-05-21T17:05:05.121Z [INFO ] [config.AppConfig    ] ║       Configuração Carregada             ║
2026-05-21T17:05:05.121Z [INFO ] [config.AppConfig    ] ╠══════════════════════════════════════════╣
2026-05-21T17:05:05.122Z [INFO ] [config.AppConfig    ] ║ Estação ID : estacao_01
2026-05-21T17:05:05.122Z [INFO ] [config.AppConfig    ] ║ Broker     : localhost:1883
2026-05-21T17:05:05.122Z [INFO ] [config.AppConfig    ] ║ Tópico     : ambiente/estacao/estacao_01/telemetria
2026-05-21T17:05:05.122Z [INFO ] [config.AppConfig    ] ║ Status     : ambiente/estacao/estacao_01/status
2026-05-21T17:05:05.122Z [INFO ] [config.AppConfig    ] ║ Intervalo  : 10000 ms
2026-05-21T17:05:05.122Z [INFO ] [config.AppConfig    ] ║ QoS        : 1
2026-05-21T17:05:05.122Z [INFO ] [config.AppConfig    ] ║ Lat/Lon    : -5.207645788981328, -37.32216460818565
2026-05-21T17:05:05.122Z [INFO ] [config.AppConfig    ] ║ Seed       : 42
2026-05-21T17:05:05.122Z [INFO ] [config.AppConfig    ] ╚══════════════════════════════════════════╝
2026-05-21T17:05:05.122Z [INFO ] [sensor.SensorSim    ] [Sensor] Inicializado | seed=42 | temp_base=29.0°C | hum_base=71.0%
2026-05-21T17:05:05.124Z [DEBUG] [mqtt.MqttPublisher  ] [MQTT] LWT configurado: ambiente/estacao/estacao_01/status
2026-05-21T17:05:05.124Z [INFO ] [mqtt.MqttPublisher  ] [MQTT] Conectando ao broker: tcp://localhost:1883 | clientId: estacao_01_1779383105122
2026-05-21T17:05:05.427Z [INFO ] [mqtt.MqttPublisher  ] [MQTT] Conectado com sucesso!
2026-05-21T17:05:05.427Z [DEBUG] [mqtt.MqttPublisher  ] [MQTT] connectComplete (conexão inicial): tcp://localhost:1883
2026-05-21T17:05:05.428Z [INFO ] [mqtt.MqttPublisher  ] [MQTT] Status publicado: online=true
2026-05-21T17:05:05.428Z [DEBUG] [sensor.SensorSim    ] [Sensor] seq=1 | tmp=29.46 | hum=71.5 | pres=1013.39 | co2=412.2 | uv=1.4 | rssi=-47
2026-05-21T17:05:05.430Z [DEBUG] [p.PayloadBuilder    ] [Payload] seq=1 | 179 bytes | {"id":"estacao_01","ts":"2026-05-21T17:05:05.428Z","lat":-5.207645788981328,"lon":-37.32216460818565,"tmp":29.46,"hum":71.5,"pres":1013.39,"co2":412.2,"uv":1.4,"rssi":-47,"seq":1}
2026-05-21T17:05:05.431Z [DEBUG] [mqtt.MqttPublisher  ] [MQTT] Publicado | msgId=2 | topic=ambiente/estacao/estacao_01/telemetria | 179 bytes | QoS=1
2026-05-21T17:05:05.431Z [DEBUG] [sensor.SensorSim    ] [Sensor] seq=2 | tmp=28.67 | hum=70.0 | pres=1013.62 | co2=418.7 | uv=1.5 | rssi=-52
2026-05-21T17:05:05.431Z [DEBUG] [p.PayloadBuilder    ] [Payload] seq=2 | 179 bytes | {"id":"estacao_01","ts":"2026-05-21T17:05:05.431Z","lat":-5.207645788981328,"lon":-37.32216460818565,"tmp":28.67,"hum":70.0,"pres":1013.62,"co2":418.7,"uv":1.5,"rssi":-52,"seq":2}
2026-05-21T17:05:05.431Z [DEBUG] [mqtt.MqttPublisher  ] [MQTT] PUBACK | msgId=2 | latência=0 ms
2026-05-21T17:05:05.431Z [DEBUG] [mqtt.MqttPublisher  ] [MQTT] Publicado | msgId=3 | topic=ambiente/estacao/estacao_01/telemetria | 179 bytes | QoS=1
2026-05-21T17:05:05.431Z [DEBUG] [sensor.SensorSim    ] [Sensor] seq=3 | tmp=29.56 | hum=70.2 | pres=1013.32 | co2=415.9 | uv=1.1 | rssi=-48
2026-05-21T17:05:05.432Z [DEBUG] [p.PayloadBuilder    ] [Payload] seq=3 | 179 bytes | {"id":"estacao_01","ts":"2026-05-21T17:05:05.431Z","lat":-5.207645788981328,"lon":-37.32216460818565,"tmp":29.56,"hum":70.2,"pres":1013.32,"co2":415.9,"uv":1.1,"rssi":-48,"seq":3}
2026-05-21T17:05:05.432Z [DEBUG] [mqtt.MqttPublisher  ] [MQTT] PUBACK | msgId=3 | latência=1 ms
2026-05-21T17:05:05.432Z [DEBUG] [mqtt.MqttPublisher  ] [MQTT] Publicado | msgId=4 | topic=ambiente/estacao/estacao_01/telemetria | 179 bytes | QoS=1
2026-05-21T17:05:05.432Z [DEBUG] [sensor.SensorSim    ] [Sensor] seq=4 | tmp=28.52 | hum=71.5 | pres=1014.15 | co2=416.1 | uv=1.4 | rssi=-40
2026-05-21T17:05:05.432Z [DEBUG] [p.PayloadBuilder    ] [Payload] seq=4 | 179 bytes | {"id":"estacao_01","ts":"2026-05-21T17:05:05.432Z","lat":-5.207645788981328,"lon":-37.32216460818565,"tmp":28.52,"hum":71.5,"pres":1014.15,"co2":416.1,"uv":1.4,"rssi":-40,"seq":4}
2026-05-21T17:05:05.432Z [DEBUG] [mqtt.MqttPublisher  ] [MQTT] PUBACK | msgId=4 | latência=0 ms
2026-05-21T17:05:05.432Z [DEBUG] [mqtt.MqttPublisher  ] [MQTT] Publicado | msgId=5 | topic=ambiente/estacao/estacao_01/telemetria | 179 bytes | QoS=1
2026-05-21T17:05:05.432Z [DEBUG] [sensor.SensorSim    ] [Sensor] seq=5 | tmp=28.89 | hum=71.0 | pres=1014.06 | co2=414.2 | uv=1.2 | rssi=-66
2026-05-21T17:05:05.432Z [DEBUG] [p.PayloadBuilder    ] [Payload] seq=5 | 179 bytes | {"id":"estacao_01","ts":"2026-05-21T17:05:05.432Z","lat":-5.207645788981328,"lon":-37.32216460818565,"tmp":28.89,"hum":71.0,"pres":1014.06,"co2":414.2,"uv":1.2,"rssi":-66,"seq":5}
2026-05-21T17:05:05.433Z [DEBUG] [mqtt.MqttPublisher  ] [MQTT] Publicado | msgId=6 | topic=ambiente/estacao/estacao_01/telemetria | 179 bytes | QoS=1
2026-05-21T17:05:05.433Z [DEBUG] [mqtt.MqttPublisher  ] [MQTT] PUBACK | msgId=5 | latência=1 ms
2026-05-21T17:05:05.433Z [DEBUG] [mqtt.MqttPublisher  ] [MQTT] PUBACK | msgId=6 | latência=1 ms
2026-05-21T17:05:08.439Z [INFO ] [mqtt.MqttPublisher  ] [MQTT] Status publicado: online=false
2026-05-21T17:05:08.441Z [INFO ] [mqtt.MqttPublisher  ] [MQTT] Desconectado graciosamente.
2026-05-21T17:05:08.448Z [DEBUG] [config.AppConfig    ] [Config] Carregado: station.properties
2026-05-21T17:05:08.449Z [DEBUG] [config.AppConfig    ] [Config] Carregado: station-local.properties
2026-05-21T17:05:08.449Z [INFO ] [config.AppConfig    ] [Config] station-local.properties carregado — sobrescrevendo valores base.
2026-05-21T17:05:08.449Z [INFO ] [config.AppConfig    ] ╔══════════════════════════════════════════╗
2026-05-21T17:05:08.449Z [INFO ] [config.AppConfig    ] ║       Configuração Carregada             ║
2026-05-21T17:05:08.449Z [INFO ] [config.AppConfig    ] ╠══════════════════════════════════════════╣
2026-05-21T17:05:08.450Z [INFO ] [config.AppConfig    ] ║ Estação ID : estacao_01
2026-05-21T17:05:08.450Z [INFO ] [config.AppConfig    ] ║ Broker     : localhost:1883
2026-05-21T17:05:08.450Z [INFO ] [config.AppConfig    ] ║ Tópico     : ambiente/estacao/estacao_01/telemetria
2026-05-21T17:05:08.450Z [INFO ] [config.AppConfig    ] ║ Status     : ambiente/estacao/estacao_01/status
2026-05-21T17:05:08.450Z [INFO ] [config.AppConfig    ] ║ Intervalo  : 10000 ms
2026-05-21T17:05:08.450Z [INFO ] [config.AppConfig    ] ║ QoS        : 1
2026-05-21T17:05:08.450Z [INFO ] [config.AppConfig    ] ║ Lat/Lon    : -5.207645788981328, -37.32216460818565
2026-05-21T17:05:08.451Z [INFO ] [config.AppConfig    ] ║ Seed       : 42
2026-05-21T17:05:08.451Z [INFO ] [config.AppConfig    ] ╚══════════════════════════════════════════╝
2026-05-21T17:05:08.451Z [INFO ] [sensor.SensorSim    ] [Sensor] Inicializado | seed=42 | temp_base=29.0°C | hum_base=71.0%
2026-05-21T17:05:08.454Z [DEBUG] [mqtt.MqttPublisher  ] [MQTT] LWT configurado: ambiente/estacao/estacao_01/status
2026-05-21T17:05:08.454Z [INFO ] [mqtt.MqttPublisher  ] [MQTT] Conectando ao broker: tcp://localhost:1883 | clientId: estacao_01_1779383108451
2026-05-21T17:05:08.758Z [INFO ] [mqtt.MqttPublisher  ] [MQTT] Conectado com sucesso!
2026-05-21T17:05:08.758Z [DEBUG] [mqtt.MqttPublisher  ] [MQTT] connectComplete (conexão inicial): tcp://localhost:1883
2026-05-21T17:05:08.758Z [INFO ] [mqtt.MqttPublisher  ] [MQTT] Status publicado: online=true
2026-05-21T17:05:09.070Z [DEBUG] [sensor.SensorSim    ] [Sensor] seq=1 | tmp=29.46 | hum=71.5 | pres=1013.39 | co2=412.2 | uv=1.4 | rssi=-47
2026-05-21T17:05:09.075Z [DEBUG] [p.PayloadBuilder    ] [Payload] seq=1 | 179 bytes | {"id":"estacao_01","ts":"2026-05-21T17:05:09.070Z","lat":-5.207645788981328,"lon":-37.32216460818565,"tmp":29.46,"hum":71.5,"pres":1013.39,"co2":412.2,"uv":1.4,"rssi":-47,"seq":1}
2026-05-21T17:05:09.075Z [DEBUG] [mqtt.MqttPublisher  ] [MQTT] Publicado | msgId=2 | topic=ambiente/estacao/estacao_01/telemetria | 179 bytes | QoS=1
2026-05-21T17:05:09.076Z [DEBUG] [mqtt.MqttPublisher  ] [MQTT] PUBACK | msgId=2 | latência=1 ms
2026-05-21T17:05:09.115Z [INFO ] [mqtt.MqttPublisher  ] [MQTT] Status publicado: online=false
2026-05-21T17:05:09.117Z [INFO ] [mqtt.MqttPublisher  ] [MQTT] Desconectado graciosamente.
