2026-06-13T11:33:43.743Z [INFO ] [config.AppConfig         ] ╔══════════════════════════════════════════╗
2026-06-13T11:33:43.744Z [INFO ] [config.AppConfig         ] ║     Gateway IoT — Configuração           ║
2026-06-13T11:33:43.744Z [INFO ] [config.AppConfig         ] ╠══════════════════════════════════════════╣
2026-06-13T11:33:43.744Z [INFO ] [config.AppConfig         ] ║ ID          : gateway_01
2026-06-13T11:33:43.745Z [INFO ] [config.AppConfig         ] ║ CoAP porta  : udp/5683
2026-06-13T11:33:43.745Z [INFO ] [config.AppConfig         ] ║ CoAP recurso: /dados/drone
2026-06-13T11:33:43.745Z [INFO ] [config.AppConfig         ] ║ MQTT broker : mosquitto:1883
2026-06-13T11:33:43.745Z [INFO ] [config.AppConfig         ] ║ MQTT telemetria: ambiente/estacao/estacao_01/telemetria
2026-06-13T11:33:43.745Z [INFO ] [config.AppConfig         ] ║ Datacenter  : http://192.168.1.200:8000/ingestao
2026-06-13T11:33:43.745Z [INFO ] [config.AppConfig         ] ╚══════════════════════════════════════════╝
2026-06-13T11:33:43.756Z [INFO ] [config.AppConfig         ] ╔══════════════════════════════════════════╗
2026-06-13T11:33:43.757Z [INFO ] [config.AppConfig         ] ║     Gateway IoT — Configuração           ║
2026-06-13T11:33:43.757Z [INFO ] [config.AppConfig         ] ╠══════════════════════════════════════════╣
2026-06-13T11:33:43.757Z [INFO ] [config.AppConfig         ] ║ ID          : gateway_01
2026-06-13T11:33:43.757Z [INFO ] [config.AppConfig         ] ║ CoAP porta  : udp/5683
2026-06-13T11:33:43.757Z [INFO ] [config.AppConfig         ] ║ CoAP recurso: /dados/drone
2026-06-13T11:33:43.757Z [INFO ] [config.AppConfig         ] ║ MQTT broker : mosquitto:1883
2026-06-13T11:33:43.757Z [INFO ] [config.AppConfig         ] ║ MQTT telemetria: ambiente/estacao/estacao_01/telemetria
2026-06-13T11:33:43.757Z [INFO ] [config.AppConfig         ] ║ Datacenter  : http://192.168.1.200:8000/ingestao
2026-06-13T11:33:43.757Z [INFO ] [config.AppConfig         ] ╚══════════════════════════════════════════╝
2026-06-13T11:33:43.761Z [INFO ] [config.AppConfig         ] ╔══════════════════════════════════════════╗
2026-06-13T11:33:43.761Z [INFO ] [config.AppConfig         ] ║     Gateway IoT — Configuração           ║
2026-06-13T11:33:43.761Z [INFO ] [config.AppConfig         ] ╠══════════════════════════════════════════╣
2026-06-13T11:33:43.761Z [INFO ] [config.AppConfig         ] ║ ID          : gateway_01
2026-06-13T11:33:43.761Z [INFO ] [config.AppConfig         ] ║ CoAP porta  : udp/5683
2026-06-13T11:33:43.762Z [INFO ] [config.AppConfig         ] ║ CoAP recurso: /dados/drone
2026-06-13T11:33:43.762Z [INFO ] [config.AppConfig         ] ║ MQTT broker : mosquitto:1883
2026-06-13T11:33:43.762Z [INFO ] [config.AppConfig         ] ║ MQTT telemetria: ambiente/estacao/estacao_01/telemetria
2026-06-13T11:33:43.762Z [INFO ] [config.AppConfig         ] ║ Datacenter  : http://192.168.1.200:8000/ingestao
2026-06-13T11:33:43.762Z [INFO ] [config.AppConfig         ] ╚══════════════════════════════════════════╝
2026-06-13T11:33:43.765Z [INFO ] [config.AppConfig         ] ╔══════════════════════════════════════════╗
2026-06-13T11:33:43.766Z [INFO ] [config.AppConfig         ] ║     Gateway IoT — Configuração           ║
2026-06-13T11:33:43.766Z [INFO ] [config.AppConfig         ] ╠══════════════════════════════════════════╣
2026-06-13T11:33:43.766Z [INFO ] [config.AppConfig         ] ║ ID          : gateway_01
2026-06-13T11:33:43.766Z [INFO ] [config.AppConfig         ] ║ CoAP porta  : udp/5683
2026-06-13T11:33:43.766Z [INFO ] [config.AppConfig         ] ║ CoAP recurso: /dados/drone
2026-06-13T11:33:43.766Z [INFO ] [config.AppConfig         ] ║ MQTT broker : mosquitto:1883
2026-06-13T11:33:43.766Z [INFO ] [config.AppConfig         ] ║ MQTT telemetria: ambiente/estacao/estacao_01/telemetria
2026-06-13T11:33:43.766Z [INFO ] [config.AppConfig         ] ║ Datacenter  : http://192.168.1.200:8000/ingestao
2026-06-13T11:33:43.766Z [INFO ] [config.AppConfig         ] ╚══════════════════════════════════════════╝
2026-06-13T11:33:43.769Z [INFO ] [config.AppConfig         ] ╔══════════════════════════════════════════╗
2026-06-13T11:33:43.770Z [INFO ] [config.AppConfig         ] ║     Gateway IoT — Configuração           ║
2026-06-13T11:33:43.770Z [INFO ] [config.AppConfig         ] ╠══════════════════════════════════════════╣
2026-06-13T11:33:43.770Z [INFO ] [config.AppConfig         ] ║ ID          : gateway_01
2026-06-13T11:33:43.770Z [INFO ] [config.AppConfig         ] ║ CoAP porta  : udp/5683
2026-06-13T11:33:43.770Z [INFO ] [config.AppConfig         ] ║ CoAP recurso: /dados/drone
2026-06-13T11:33:43.770Z [INFO ] [config.AppConfig         ] ║ MQTT broker : mosquitto:1883
2026-06-13T11:33:43.770Z [INFO ] [config.AppConfig         ] ║ MQTT telemetria: ambiente/estacao/estacao_01/telemetria
2026-06-13T11:33:43.770Z [INFO ] [config.AppConfig         ] ║ Datacenter  : http://192.168.1.200:8000/ingestao
2026-06-13T11:33:43.770Z [INFO ] [config.AppConfig         ] ╚══════════════════════════════════════════╝
2026-06-13T11:33:43.774Z [INFO ] [config.AppConfig         ] ╔══════════════════════════════════════════╗
2026-06-13T11:33:43.774Z [INFO ] [config.AppConfig         ] ║     Gateway IoT — Configuração           ║
2026-06-13T11:33:43.774Z [INFO ] [config.AppConfig         ] ╠══════════════════════════════════════════╣
2026-06-13T11:33:43.774Z [INFO ] [config.AppConfig         ] ║ ID          : gateway_01
2026-06-13T11:33:43.774Z [INFO ] [config.AppConfig         ] ║ CoAP porta  : udp/5683
2026-06-13T11:33:43.774Z [INFO ] [config.AppConfig         ] ║ CoAP recurso: /dados/drone
2026-06-13T11:33:43.774Z [INFO ] [config.AppConfig         ] ║ MQTT broker : mosquitto:1883
2026-06-13T11:33:43.775Z [INFO ] [config.AppConfig         ] ║ MQTT telemetria: ambiente/estacao/estacao_01/telemetria
2026-06-13T11:33:43.775Z [INFO ] [config.AppConfig         ] ║ Datacenter  : http://192.168.1.200:8000/ingestao
2026-06-13T11:33:43.775Z [INFO ] [config.AppConfig         ] ╚══════════════════════════════════════════╝
2026-06-13T11:33:43.778Z [INFO ] [config.AppConfig         ] ╔══════════════════════════════════════════╗
2026-06-13T11:33:43.778Z [INFO ] [config.AppConfig         ] ║     Gateway IoT — Configuração           ║
2026-06-13T11:33:43.778Z [INFO ] [config.AppConfig         ] ╠══════════════════════════════════════════╣
2026-06-13T11:33:43.778Z [INFO ] [config.AppConfig         ] ║ ID          : gateway_01
2026-06-13T11:33:43.779Z [INFO ] [config.AppConfig         ] ║ CoAP porta  : udp/5683
2026-06-13T11:33:43.779Z [INFO ] [config.AppConfig         ] ║ CoAP recurso: /dados/drone
2026-06-13T11:33:43.779Z [INFO ] [config.AppConfig         ] ║ MQTT broker : mosquitto:1883
2026-06-13T11:33:43.779Z [INFO ] [config.AppConfig         ] ║ MQTT telemetria: ambiente/estacao/estacao_01/telemetria
2026-06-13T11:33:43.779Z [INFO ] [config.AppConfig         ] ║ Datacenter  : http://192.168.1.200:8000/ingestao
2026-06-13T11:33:43.779Z [INFO ] [config.AppConfig         ] ╚══════════════════════════════════════════╝
2026-06-13T11:33:43.781Z [INFO ] [config.AppConfig         ] ╔══════════════════════════════════════════╗
2026-06-13T11:33:43.782Z [INFO ] [config.AppConfig         ] ║     Gateway IoT — Configuração           ║
2026-06-13T11:33:43.782Z [INFO ] [config.AppConfig         ] ╠══════════════════════════════════════════╣
2026-06-13T11:33:43.782Z [INFO ] [config.AppConfig         ] ║ ID          : gateway_01
2026-06-13T11:33:43.782Z [INFO ] [config.AppConfig         ] ║ CoAP porta  : udp/5683
2026-06-13T11:33:43.782Z [INFO ] [config.AppConfig         ] ║ CoAP recurso: /dados/drone
2026-06-13T11:33:43.782Z [INFO ] [config.AppConfig         ] ║ MQTT broker : mosquitto:1883
2026-06-13T11:33:43.782Z [INFO ] [config.AppConfig         ] ║ MQTT telemetria: ambiente/estacao/estacao_01/telemetria
2026-06-13T11:33:43.782Z [INFO ] [config.AppConfig         ] ║ Datacenter  : http://192.168.1.200:8000/ingestao
2026-06-13T11:33:43.782Z [INFO ] [config.AppConfig         ] ╚══════════════════════════════════════════╝
2026-06-13T11:33:43.784Z [INFO ] [config.AppConfig         ] ╔══════════════════════════════════════════╗
2026-06-13T11:33:43.785Z [INFO ] [config.AppConfig         ] ║     Gateway IoT — Configuração           ║
2026-06-13T11:33:43.785Z [INFO ] [config.AppConfig         ] ╠══════════════════════════════════════════╣
2026-06-13T11:33:43.785Z [INFO ] [config.AppConfig         ] ║ ID          : gateway_01
2026-06-13T11:33:43.785Z [INFO ] [config.AppConfig         ] ║ CoAP porta  : udp/5683
2026-06-13T11:33:43.785Z [INFO ] [config.AppConfig         ] ║ CoAP recurso: /dados/drone
2026-06-13T11:33:43.785Z [INFO ] [config.AppConfig         ] ║ MQTT broker : mosquitto:1883
2026-06-13T11:33:43.785Z [INFO ] [config.AppConfig         ] ║ MQTT telemetria: ambiente/estacao/estacao_01/telemetria
2026-06-13T11:33:43.785Z [INFO ] [config.AppConfig         ] ║ Datacenter  : http://192.168.1.200:8000/ingestao
2026-06-13T11:33:43.785Z [INFO ] [config.AppConfig         ] ╚══════════════════════════════════════════╝
2026-06-13T11:33:43.787Z [INFO ] [config.AppConfig         ] ╔══════════════════════════════════════════╗
2026-06-13T11:33:43.788Z [INFO ] [config.AppConfig         ] ║     Gateway IoT — Configuração           ║
2026-06-13T11:33:43.788Z [INFO ] [config.AppConfig         ] ╠══════════════════════════════════════════╣
2026-06-13T11:33:43.788Z [INFO ] [config.AppConfig         ] ║ ID          : gateway_01
2026-06-13T11:33:43.788Z [INFO ] [config.AppConfig         ] ║ CoAP porta  : udp/5683
2026-06-13T11:33:43.788Z [INFO ] [config.AppConfig         ] ║ CoAP recurso: /dados/drone
2026-06-13T11:33:43.788Z [INFO ] [config.AppConfig         ] ║ MQTT broker : mosquitto:1883
2026-06-13T11:33:43.788Z [INFO ] [config.AppConfig         ] ║ MQTT telemetria: ambiente/estacao/estacao_01/telemetria
2026-06-13T11:33:43.788Z [INFO ] [config.AppConfig         ] ║ Datacenter  : http://192.168.1.200:8000/ingestao
2026-06-13T11:33:43.788Z [INFO ] [config.AppConfig         ] ╚══════════════════════════════════════════╝
2026-06-13T11:33:43.791Z [INFO ] [config.AppConfig         ] ╔══════════════════════════════════════════╗
2026-06-13T11:33:43.791Z [INFO ] [config.AppConfig         ] ║     Gateway IoT — Configuração           ║
2026-06-13T11:33:43.791Z [INFO ] [config.AppConfig         ] ╠══════════════════════════════════════════╣
2026-06-13T11:33:43.791Z [INFO ] [config.AppConfig         ] ║ ID          : gateway_01
2026-06-13T11:33:43.791Z [INFO ] [config.AppConfig         ] ║ CoAP porta  : udp/5683
2026-06-13T11:33:43.791Z [INFO ] [config.AppConfig         ] ║ CoAP recurso: /dados/drone
2026-06-13T11:33:43.791Z [INFO ] [config.AppConfig         ] ║ MQTT broker : mosquitto:1883
2026-06-13T11:33:43.791Z [INFO ] [config.AppConfig         ] ║ MQTT telemetria: ambiente/estacao/estacao_01/telemetria
2026-06-13T11:33:43.791Z [INFO ] [config.AppConfig         ] ║ Datacenter  : http://192.168.1.200:8000/ingestao
2026-06-13T11:33:43.791Z [INFO ] [config.AppConfig         ] ╚══════════════════════════════════════════╝
2026-06-13T11:48:43.463Z [INFO ] [config.AppConfig         ] ╔══════════════════════════════════════════╗
2026-06-13T11:48:43.464Z [INFO ] [config.AppConfig         ] ║     Gateway IoT — Configuração           ║
2026-06-13T11:48:43.464Z [INFO ] [config.AppConfig         ] ╠══════════════════════════════════════════╣
2026-06-13T11:48:43.464Z [INFO ] [config.AppConfig         ] ║ ID          : gateway_01
2026-06-13T11:48:43.465Z [INFO ] [config.AppConfig         ] ║ CoAP porta  : udp/5683
2026-06-13T11:48:43.465Z [INFO ] [config.AppConfig         ] ║ CoAP recurso: /dados/drone
2026-06-13T11:48:43.465Z [INFO ] [config.AppConfig         ] ║ MQTT broker : mosquitto:1883
2026-06-13T11:48:43.465Z [INFO ] [config.AppConfig         ] ║ MQTT telemetria: ambiente/estacao/estacao_01/telemetria
2026-06-13T11:48:43.465Z [INFO ] [config.AppConfig         ] ║ Datacenter  : http://192.168.1.200:8000/ingestao
2026-06-13T11:48:43.465Z [INFO ] [config.AppConfig         ] ╚══════════════════════════════════════════╝
2026-06-13T11:48:43.498Z [INFO ] [config.AppConfig         ] ╔══════════════════════════════════════════╗
2026-06-13T11:48:43.498Z [INFO ] [config.AppConfig         ] ║     Gateway IoT — Configuração           ║
2026-06-13T11:48:43.499Z [INFO ] [config.AppConfig         ] ╠══════════════════════════════════════════╣
2026-06-13T11:48:43.499Z [INFO ] [config.AppConfig         ] ║ ID          : gateway_01
2026-06-13T11:48:43.499Z [INFO ] [config.AppConfig         ] ║ CoAP porta  : udp/5683
2026-06-13T11:48:43.499Z [INFO ] [config.AppConfig         ] ║ CoAP recurso: /dados/drone
2026-06-13T11:48:43.499Z [INFO ] [config.AppConfig         ] ║ MQTT broker : mosquitto:1883
2026-06-13T11:48:43.499Z [INFO ] [config.AppConfig         ] ║ MQTT telemetria: ambiente/estacao/estacao_01/telemetria
2026-06-13T11:48:43.499Z [INFO ] [config.AppConfig         ] ║ Datacenter  : http://192.168.1.200:8000/ingestao
2026-06-13T11:48:43.499Z [INFO ] [config.AppConfig         ] ╚══════════════════════════════════════════╝
2026-06-13T11:48:43.536Z [INFO ] [config.AppConfig         ] ╔══════════════════════════════════════════╗
2026-06-13T11:48:43.537Z [INFO ] [config.AppConfig         ] ║     Gateway IoT — Configuração           ║
2026-06-13T11:48:43.537Z [INFO ] [config.AppConfig         ] ╠══════════════════════════════════════════╣
2026-06-13T11:48:43.537Z [INFO ] [config.AppConfig         ] ║ ID          : gateway_01
2026-06-13T11:48:43.537Z [INFO ] [config.AppConfig         ] ║ CoAP porta  : udp/5683
2026-06-13T11:48:43.537Z [INFO ] [config.AppConfig         ] ║ CoAP recurso: /dados/drone
2026-06-13T11:48:43.537Z [INFO ] [config.AppConfig         ] ║ MQTT broker : mosquitto:1883
2026-06-13T11:48:43.537Z [INFO ] [config.AppConfig         ] ║ MQTT telemetria: ambiente/estacao/estacao_01/telemetria
2026-06-13T11:48:43.537Z [INFO ] [config.AppConfig         ] ║ Datacenter  : http://192.168.1.200:8000/ingestao
2026-06-13T11:48:43.537Z [INFO ] [config.AppConfig         ] ╚══════════════════════════════════════════╝
2026-06-13T11:48:43.541Z [INFO ] [config.AppConfig         ] ╔══════════════════════════════════════════╗
2026-06-13T11:48:43.541Z [INFO ] [config.AppConfig         ] ║     Gateway IoT — Configuração           ║
2026-06-13T11:48:43.541Z [INFO ] [config.AppConfig         ] ╠══════════════════════════════════════════╣
2026-06-13T11:48:43.541Z [INFO ] [config.AppConfig         ] ║ ID          : gateway_01
2026-06-13T11:48:43.541Z [INFO ] [config.AppConfig         ] ║ CoAP porta  : udp/5683
2026-06-13T11:48:43.541Z [INFO ] [config.AppConfig         ] ║ CoAP recurso: /dados/drone
2026-06-13T11:48:43.541Z [INFO ] [config.AppConfig         ] ║ MQTT broker : mosquitto:1883
2026-06-13T11:48:43.541Z [INFO ] [config.AppConfig         ] ║ MQTT telemetria: ambiente/estacao/estacao_01/telemetria
2026-06-13T11:48:43.541Z [INFO ] [config.AppConfig         ] ║ Datacenter  : http://192.168.1.200:8000/ingestao
2026-06-13T11:48:43.541Z [INFO ] [config.AppConfig         ] ╚══════════════════════════════════════════╝
2026-06-13T11:48:43.545Z [INFO ] [config.AppConfig         ] ╔══════════════════════════════════════════╗
2026-06-13T11:48:43.545Z [INFO ] [config.AppConfig         ] ║     Gateway IoT — Configuração           ║
2026-06-13T11:48:43.545Z [INFO ] [config.AppConfig         ] ╠══════════════════════════════════════════╣
2026-06-13T11:48:43.545Z [INFO ] [config.AppConfig         ] ║ ID          : gateway_01
2026-06-13T11:48:43.545Z [INFO ] [config.AppConfig         ] ║ CoAP porta  : udp/5683
2026-06-13T11:48:43.545Z [INFO ] [config.AppConfig         ] ║ CoAP recurso: /dados/drone
2026-06-13T11:48:43.545Z [INFO ] [config.AppConfig         ] ║ MQTT broker : mosquitto:1883
2026-06-13T11:48:43.545Z [INFO ] [config.AppConfig         ] ║ MQTT telemetria: ambiente/estacao/estacao_01/telemetria
2026-06-13T11:48:43.545Z [INFO ] [config.AppConfig         ] ║ Datacenter  : http://192.168.1.200:8000/ingestao
2026-06-13T11:48:43.545Z [INFO ] [config.AppConfig         ] ╚══════════════════════════════════════════╝
2026-06-13T11:48:43.549Z [INFO ] [config.AppConfig         ] ╔══════════════════════════════════════════╗
2026-06-13T11:48:43.550Z [INFO ] [config.AppConfig         ] ║     Gateway IoT — Configuração           ║
2026-06-13T11:48:43.550Z [INFO ] [config.AppConfig         ] ╠══════════════════════════════════════════╣
2026-06-13T11:48:43.550Z [INFO ] [config.AppConfig         ] ║ ID          : gateway_01
2026-06-13T11:48:43.550Z [INFO ] [config.AppConfig         ] ║ CoAP porta  : udp/5683
2026-06-13T11:48:43.550Z [INFO ] [config.AppConfig         ] ║ CoAP recurso: /dados/drone
2026-06-13T11:48:43.550Z [INFO ] [config.AppConfig         ] ║ MQTT broker : mosquitto:1883
2026-06-13T11:48:43.550Z [INFO ] [config.AppConfig         ] ║ MQTT telemetria: ambiente/estacao/estacao_01/telemetria
2026-06-13T11:48:43.550Z [INFO ] [config.AppConfig         ] ║ Datacenter  : http://192.168.1.200:8000/ingestao
2026-06-13T11:48:43.550Z [INFO ] [config.AppConfig         ] ╚══════════════════════════════════════════╝
2026-06-13T11:48:43.554Z [INFO ] [config.AppConfig         ] ╔══════════════════════════════════════════╗
2026-06-13T11:48:43.554Z [INFO ] [config.AppConfig         ] ║     Gateway IoT — Configuração           ║
2026-06-13T11:48:43.554Z [INFO ] [config.AppConfig         ] ╠══════════════════════════════════════════╣
2026-06-13T11:48:43.554Z [INFO ] [config.AppConfig         ] ║ ID          : gateway_01
2026-06-13T11:48:43.554Z [INFO ] [config.AppConfig         ] ║ CoAP porta  : udp/5683
2026-06-13T11:48:43.554Z [INFO ] [config.AppConfig         ] ║ CoAP recurso: /dados/drone
2026-06-13T11:48:43.554Z [INFO ] [config.AppConfig         ] ║ MQTT broker : mosquitto:1883
2026-06-13T11:48:43.554Z [INFO ] [config.AppConfig         ] ║ MQTT telemetria: ambiente/estacao/estacao_01/telemetria
2026-06-13T11:48:43.554Z [INFO ] [config.AppConfig         ] ║ Datacenter  : http://192.168.1.200:8000/ingestao
2026-06-13T11:48:43.554Z [INFO ] [config.AppConfig         ] ╚══════════════════════════════════════════╝
2026-06-13T11:48:43.557Z [INFO ] [config.AppConfig         ] ╔══════════════════════════════════════════╗
2026-06-13T11:48:43.558Z [INFO ] [config.AppConfig         ] ║     Gateway IoT — Configuração           ║
2026-06-13T11:48:43.558Z [INFO ] [config.AppConfig         ] ╠══════════════════════════════════════════╣
2026-06-13T11:48:43.558Z [INFO ] [config.AppConfig         ] ║ ID          : gateway_01
2026-06-13T11:48:43.558Z [INFO ] [config.AppConfig         ] ║ CoAP porta  : udp/5683
2026-06-13T11:48:43.558Z [INFO ] [config.AppConfig         ] ║ CoAP recurso: /dados/drone
2026-06-13T11:48:43.558Z [INFO ] [config.AppConfig         ] ║ MQTT broker : mosquitto:1883
2026-06-13T11:48:43.558Z [INFO ] [config.AppConfig         ] ║ MQTT telemetria: ambiente/estacao/estacao_01/telemetria
2026-06-13T11:48:43.558Z [INFO ] [config.AppConfig         ] ║ Datacenter  : http://192.168.1.200:8000/ingestao
2026-06-13T11:48:43.558Z [INFO ] [config.AppConfig         ] ╚══════════════════════════════════════════╝
2026-06-13T11:48:43.561Z [INFO ] [config.AppConfig         ] ╔══════════════════════════════════════════╗
2026-06-13T11:48:43.562Z [INFO ] [config.AppConfig         ] ║     Gateway IoT — Configuração           ║
2026-06-13T11:48:43.562Z [INFO ] [config.AppConfig         ] ╠══════════════════════════════════════════╣
2026-06-13T11:48:43.562Z [INFO ] [config.AppConfig         ] ║ ID          : gateway_01
2026-06-13T11:48:43.562Z [INFO ] [config.AppConfig         ] ║ CoAP porta  : udp/5683
2026-06-13T11:48:43.562Z [INFO ] [config.AppConfig         ] ║ CoAP recurso: /dados/drone
2026-06-13T11:48:43.562Z [INFO ] [config.AppConfig         ] ║ MQTT broker : mosquitto:1883
2026-06-13T11:48:43.562Z [INFO ] [config.AppConfig         ] ║ MQTT telemetria: ambiente/estacao/estacao_01/telemetria
2026-06-13T11:48:43.562Z [INFO ] [config.AppConfig         ] ║ Datacenter  : http://192.168.1.200:8000/ingestao
2026-06-13T11:48:43.562Z [INFO ] [config.AppConfig         ] ╚══════════════════════════════════════════╝
2026-06-13T11:48:43.565Z [INFO ] [config.AppConfig         ] ╔══════════════════════════════════════════╗
2026-06-13T11:48:43.565Z [INFO ] [config.AppConfig         ] ║     Gateway IoT — Configuração           ║
2026-06-13T11:48:43.565Z [INFO ] [config.AppConfig         ] ╠══════════════════════════════════════════╣
2026-06-13T11:48:43.565Z [INFO ] [config.AppConfig         ] ║ ID          : gateway_01
2026-06-13T11:48:43.565Z [INFO ] [config.AppConfig         ] ║ CoAP porta  : udp/5683
2026-06-13T11:48:43.565Z [INFO ] [config.AppConfig         ] ║ CoAP recurso: /dados/drone
2026-06-13T11:48:43.565Z [INFO ] [config.AppConfig         ] ║ MQTT broker : mosquitto:1883
2026-06-13T11:48:43.565Z [INFO ] [config.AppConfig         ] ║ MQTT telemetria: ambiente/estacao/estacao_01/telemetria
2026-06-13T11:48:43.565Z [INFO ] [config.AppConfig         ] ║ Datacenter  : http://192.168.1.200:8000/ingestao
2026-06-13T11:48:43.566Z [INFO ] [config.AppConfig         ] ╚══════════════════════════════════════════╝
2026-06-13T11:48:43.568Z [INFO ] [config.AppConfig         ] ╔══════════════════════════════════════════╗
2026-06-13T11:48:43.568Z [INFO ] [config.AppConfig         ] ║     Gateway IoT — Configuração           ║
2026-06-13T11:48:43.568Z [INFO ] [config.AppConfig         ] ╠══════════════════════════════════════════╣
2026-06-13T11:48:43.568Z [INFO ] [config.AppConfig         ] ║ ID          : gateway_01
2026-06-13T11:48:43.568Z [INFO ] [config.AppConfig         ] ║ CoAP porta  : udp/5683
2026-06-13T11:48:43.568Z [INFO ] [config.AppConfig         ] ║ CoAP recurso: /dados/drone
2026-06-13T11:48:43.568Z [INFO ] [config.AppConfig         ] ║ MQTT broker : mosquitto:1883
2026-06-13T11:48:43.568Z [INFO ] [config.AppConfig         ] ║ MQTT telemetria: ambiente/estacao/estacao_01/telemetria
2026-06-13T11:48:43.568Z [INFO ] [config.AppConfig         ] ║ Datacenter  : http://192.168.1.200:8000/ingestao
2026-06-13T11:48:43.569Z [INFO ] [config.AppConfig         ] ╚══════════════════════════════════════════╝
2026-06-13T11:48:43.571Z [INFO ] [config.AppConfig         ] ╔══════════════════════════════════════════╗
2026-06-13T11:48:43.572Z [INFO ] [config.AppConfig         ] ║     Gateway IoT — Configuração           ║
2026-06-13T11:48:43.572Z [INFO ] [config.AppConfig         ] ╠══════════════════════════════════════════╣
2026-06-13T11:48:43.572Z [INFO ] [config.AppConfig         ] ║ ID          : gateway_01
2026-06-13T11:48:43.572Z [INFO ] [config.AppConfig         ] ║ CoAP porta  : udp/5683
2026-06-13T11:48:43.572Z [INFO ] [config.AppConfig         ] ║ CoAP recurso: /dados/drone
2026-06-13T11:48:43.572Z [INFO ] [config.AppConfig         ] ║ MQTT broker : mosquitto:1883
2026-06-13T11:48:43.572Z [INFO ] [config.AppConfig         ] ║ MQTT telemetria: ambiente/estacao/estacao_01/telemetria
2026-06-13T11:48:43.572Z [INFO ] [config.AppConfig         ] ║ Datacenter  : http://192.168.1.200:8000/ingestao
2026-06-13T11:48:43.572Z [INFO ] [config.AppConfig         ] ╚══════════════════════════════════════════╝
2026-06-13T11:48:43.575Z [INFO ] [config.AppConfig         ] ╔══════════════════════════════════════════╗
2026-06-13T11:48:43.576Z [INFO ] [config.AppConfig         ] ║     Gateway IoT — Configuração           ║
2026-06-13T11:48:43.576Z [INFO ] [config.AppConfig         ] ╠══════════════════════════════════════════╣
2026-06-13T11:48:43.576Z [INFO ] [config.AppConfig         ] ║ ID          : gateway_01
2026-06-13T11:48:43.576Z [INFO ] [config.AppConfig         ] ║ CoAP porta  : udp/5683
2026-06-13T11:48:43.576Z [INFO ] [config.AppConfig         ] ║ CoAP recurso: /dados/drone
2026-06-13T11:48:43.576Z [INFO ] [config.AppConfig         ] ║ MQTT broker : mosquitto:1883
2026-06-13T11:48:43.576Z [INFO ] [config.AppConfig         ] ║ MQTT telemetria: ambiente/estacao/estacao_01/telemetria
2026-06-13T11:48:43.576Z [INFO ] [config.AppConfig         ] ║ Datacenter  : http://192.168.1.200:8000/ingestao
2026-06-13T11:48:43.576Z [INFO ] [config.AppConfig         ] ╚══════════════════════════════════════════╝
2026-06-13T11:48:43.579Z [INFO ] [config.AppConfig         ] ╔══════════════════════════════════════════╗
2026-06-13T11:48:43.579Z [INFO ] [config.AppConfig         ] ║     Gateway IoT — Configuração           ║
2026-06-13T11:48:43.579Z [INFO ] [config.AppConfig         ] ╠══════════════════════════════════════════╣
2026-06-13T11:48:43.579Z [INFO ] [config.AppConfig         ] ║ ID          : gateway_01
2026-06-13T11:48:43.580Z [INFO ] [config.AppConfig         ] ║ CoAP porta  : udp/5683
2026-06-13T11:48:43.580Z [INFO ] [config.AppConfig         ] ║ CoAP recurso: /dados/drone
2026-06-13T11:48:43.580Z [INFO ] [config.AppConfig         ] ║ MQTT broker : mosquitto:1883
2026-06-13T11:48:43.580Z [INFO ] [config.AppConfig         ] ║ MQTT telemetria: ambiente/estacao/estacao_01/telemetria
2026-06-13T11:48:43.580Z [INFO ] [config.AppConfig         ] ║ Datacenter  : http://192.168.1.200:8000/ingestao
2026-06-13T11:48:43.580Z [INFO ] [config.AppConfig         ] ╚══════════════════════════════════════════╝
2026-06-13T11:48:43.583Z [INFO ] [config.AppConfig         ] ╔══════════════════════════════════════════╗
2026-06-13T11:48:43.583Z [INFO ] [config.AppConfig         ] ║     Gateway IoT — Configuração           ║
2026-06-13T11:48:43.583Z [INFO ] [config.AppConfig         ] ╠══════════════════════════════════════════╣
2026-06-13T11:48:43.583Z [INFO ] [config.AppConfig         ] ║ ID          : gateway_01
2026-06-13T11:48:43.583Z [INFO ] [config.AppConfig         ] ║ CoAP porta  : udp/5683
2026-06-13T11:48:43.583Z [INFO ] [config.AppConfig         ] ║ CoAP recurso: /dados/drone
2026-06-13T11:48:43.583Z [INFO ] [config.AppConfig         ] ║ MQTT broker : mosquitto:1883
2026-06-13T11:48:43.583Z [INFO ] [config.AppConfig         ] ║ MQTT telemetria: ambiente/estacao/estacao_01/telemetria
2026-06-13T11:48:43.583Z [INFO ] [config.AppConfig         ] ║ Datacenter  : http://192.168.1.200:8000/ingestao
2026-06-13T11:48:43.583Z [INFO ] [config.AppConfig         ] ╚══════════════════════════════════════════╝
2026-06-13T11:48:43.587Z [INFO ] [config.AppConfig         ] ╔══════════════════════════════════════════╗
2026-06-13T11:48:43.587Z [INFO ] [config.AppConfig         ] ║     Gateway IoT — Configuração           ║
2026-06-13T11:48:43.587Z [INFO ] [config.AppConfig         ] ╠══════════════════════════════════════════╣
2026-06-13T11:48:43.587Z [INFO ] [config.AppConfig         ] ║ ID          : gateway_01
2026-06-13T11:48:43.587Z [INFO ] [config.AppConfig         ] ║ CoAP porta  : udp/5683
2026-06-13T11:48:43.587Z [INFO ] [config.AppConfig         ] ║ CoAP recurso: /dados/drone
2026-06-13T11:48:43.587Z [INFO ] [config.AppConfig         ] ║ MQTT broker : mosquitto:1883
2026-06-13T11:48:43.587Z [INFO ] [config.AppConfig         ] ║ MQTT telemetria: ambiente/estacao/estacao_01/telemetria
2026-06-13T11:48:43.587Z [INFO ] [config.AppConfig         ] ║ Datacenter  : http://192.168.1.200:8000/ingestao
2026-06-13T11:48:43.587Z [INFO ] [config.AppConfig         ] ╚══════════════════════════════════════════╝
2026-06-13T11:48:43.590Z [INFO ] [config.AppConfig         ] ╔══════════════════════════════════════════╗
2026-06-13T11:48:43.590Z [INFO ] [config.AppConfig         ] ║     Gateway IoT — Configuração           ║
2026-06-13T11:48:43.591Z [INFO ] [config.AppConfig         ] ╠══════════════════════════════════════════╣
2026-06-13T11:48:43.591Z [INFO ] [config.AppConfig         ] ║ ID          : gateway_01
2026-06-13T11:48:43.591Z [INFO ] [config.AppConfig         ] ║ CoAP porta  : udp/5683
2026-06-13T11:48:43.591Z [INFO ] [config.AppConfig         ] ║ CoAP recurso: /dados/drone
2026-06-13T11:48:43.591Z [INFO ] [config.AppConfig         ] ║ MQTT broker : mosquitto:1883
2026-06-13T11:48:43.591Z [INFO ] [config.AppConfig         ] ║ MQTT telemetria: ambiente/estacao/estacao_01/telemetria
2026-06-13T11:48:43.591Z [INFO ] [config.AppConfig         ] ║ Datacenter  : http://192.168.1.200:8000/ingestao
2026-06-13T11:48:43.591Z [INFO ] [config.AppConfig         ] ╚══════════════════════════════════════════╝
2026-06-13T11:51:57.393Z [INFO ] [config.AppConfig         ] ╔══════════════════════════════════════════╗
2026-06-13T11:51:57.394Z [INFO ] [config.AppConfig         ] ║     Gateway IoT — Configuração           ║
2026-06-13T11:51:57.394Z [INFO ] [config.AppConfig         ] ╠══════════════════════════════════════════╣
2026-06-13T11:51:57.395Z [INFO ] [config.AppConfig         ] ║ ID          : gateway_01
2026-06-13T11:51:57.396Z [INFO ] [config.AppConfig         ] ║ CoAP porta  : udp/5683
2026-06-13T11:51:57.396Z [INFO ] [config.AppConfig         ] ║ CoAP recurso: /dados/drone
2026-06-13T11:51:57.396Z [INFO ] [config.AppConfig         ] ║ MQTT broker : mosquitto:1883
2026-06-13T11:51:57.396Z [INFO ] [config.AppConfig         ] ║ MQTT telemetria: ambiente/estacao/estacao_01/telemetria
2026-06-13T11:51:57.396Z [INFO ] [config.AppConfig         ] ║ Datacenter  : http://192.168.1.200:8000/ingestao
2026-06-13T11:51:57.396Z [INFO ] [config.AppConfig         ] ╚══════════════════════════════════════════╝
2026-06-13T11:51:57.413Z [INFO ] [config.AppConfig         ] ╔══════════════════════════════════════════╗
2026-06-13T11:51:57.413Z [INFO ] [config.AppConfig         ] ║     Gateway IoT — Configuração           ║
2026-06-13T11:51:57.413Z [INFO ] [config.AppConfig         ] ╠══════════════════════════════════════════╣
2026-06-13T11:51:57.413Z [INFO ] [config.AppConfig         ] ║ ID          : gateway_01
2026-06-13T11:51:57.413Z [INFO ] [config.AppConfig         ] ║ CoAP porta  : udp/5683
2026-06-13T11:51:57.413Z [INFO ] [config.AppConfig         ] ║ CoAP recurso: /dados/drone
2026-06-13T11:51:57.414Z [INFO ] [config.AppConfig         ] ║ MQTT broker : mosquitto:1883
2026-06-13T11:51:57.414Z [INFO ] [config.AppConfig         ] ║ MQTT telemetria: ambiente/estacao/estacao_01/telemetria
2026-06-13T11:51:57.414Z [INFO ] [config.AppConfig         ] ║ Datacenter  : http://192.168.1.200:8000/ingestao
2026-06-13T11:51:57.414Z [INFO ] [config.AppConfig         ] ╚══════════════════════════════════════════╝
2026-06-13T11:51:57.419Z [INFO ] [config.AppConfig         ] ╔══════════════════════════════════════════╗
2026-06-13T11:51:57.419Z [INFO ] [config.AppConfig         ] ║     Gateway IoT — Configuração           ║
2026-06-13T11:51:57.420Z [INFO ] [config.AppConfig         ] ╠══════════════════════════════════════════╣
2026-06-13T11:51:57.420Z [INFO ] [config.AppConfig         ] ║ ID          : gateway_01
2026-06-13T11:51:57.420Z [INFO ] [config.AppConfig         ] ║ CoAP porta  : udp/5683
2026-06-13T11:51:57.420Z [INFO ] [config.AppConfig         ] ║ CoAP recurso: /dados/drone
2026-06-13T11:51:57.420Z [INFO ] [config.AppConfig         ] ║ MQTT broker : mosquitto:1883
2026-06-13T11:51:57.420Z [INFO ] [config.AppConfig         ] ║ MQTT telemetria: ambiente/estacao/estacao_01/telemetria
2026-06-13T11:51:57.420Z [INFO ] [config.AppConfig         ] ║ Datacenter  : http://192.168.1.200:8000/ingestao
2026-06-13T11:51:57.420Z [INFO ] [config.AppConfig         ] ╚══════════════════════════════════════════╝
2026-06-13T11:51:57.454Z [INFO ] [config.AppConfig         ] ╔══════════════════════════════════════════╗
2026-06-13T11:51:57.454Z [INFO ] [config.AppConfig         ] ║     Gateway IoT — Configuração           ║
2026-06-13T11:51:57.454Z [INFO ] [config.AppConfig         ] ╠══════════════════════════════════════════╣
2026-06-13T11:51:57.454Z [INFO ] [config.AppConfig         ] ║ ID          : gateway_01
2026-06-13T11:51:57.454Z [INFO ] [config.AppConfig         ] ║ CoAP porta  : udp/5683
2026-06-13T11:51:57.454Z [INFO ] [config.AppConfig         ] ║ CoAP recurso: /dados/drone
2026-06-13T11:51:57.454Z [INFO ] [config.AppConfig         ] ║ MQTT broker : mosquitto:1883
2026-06-13T11:51:57.454Z [INFO ] [config.AppConfig         ] ║ MQTT telemetria: ambiente/estacao/estacao_01/telemetria
2026-06-13T11:51:57.454Z [INFO ] [config.AppConfig         ] ║ Datacenter  : http://192.168.1.200:8000/ingestao
2026-06-13T11:51:57.454Z [INFO ] [config.AppConfig         ] ╚══════════════════════════════════════════╝
2026-06-13T11:51:57.483Z [INFO ] [config.AppConfig         ] ╔══════════════════════════════════════════╗
2026-06-13T11:51:57.483Z [INFO ] [config.AppConfig         ] ║     Gateway IoT — Configuração           ║
2026-06-13T11:51:57.483Z [INFO ] [config.AppConfig         ] ╠══════════════════════════════════════════╣
2026-06-13T11:51:57.483Z [INFO ] [config.AppConfig         ] ║ ID          : gateway_01
2026-06-13T11:51:57.483Z [INFO ] [config.AppConfig         ] ║ CoAP porta  : udp/5683
2026-06-13T11:51:57.483Z [INFO ] [config.AppConfig         ] ║ CoAP recurso: /dados/drone
2026-06-13T11:51:57.483Z [INFO ] [config.AppConfig         ] ║ MQTT broker : mosquitto:1883
2026-06-13T11:51:57.483Z [INFO ] [config.AppConfig         ] ║ MQTT telemetria: ambiente/estacao/estacao_01/telemetria
2026-06-13T11:51:57.483Z [INFO ] [config.AppConfig         ] ║ Datacenter  : http://192.168.1.200:8000/ingestao
2026-06-13T11:51:57.483Z [INFO ] [config.AppConfig         ] ╚══════════════════════════════════════════╝
2026-06-13T11:51:57.486Z [INFO ] [config.AppConfig         ] ╔══════════════════════════════════════════╗
2026-06-13T11:51:57.486Z [INFO ] [config.AppConfig         ] ║     Gateway IoT — Configuração           ║
2026-06-13T11:51:57.486Z [INFO ] [config.AppConfig         ] ╠══════════════════════════════════════════╣
2026-06-13T11:51:57.486Z [INFO ] [config.AppConfig         ] ║ ID          : gateway_01
2026-06-13T11:51:57.486Z [INFO ] [config.AppConfig         ] ║ CoAP porta  : udp/5683
2026-06-13T11:51:57.486Z [INFO ] [config.AppConfig         ] ║ CoAP recurso: /dados/drone
2026-06-13T11:51:57.486Z [INFO ] [config.AppConfig         ] ║ MQTT broker : mosquitto:1883
2026-06-13T11:51:57.487Z [INFO ] [config.AppConfig         ] ║ MQTT telemetria: ambiente/estacao/estacao_01/telemetria
2026-06-13T11:51:57.487Z [INFO ] [config.AppConfig         ] ║ Datacenter  : http://192.168.1.200:8000/ingestao
2026-06-13T11:51:57.487Z [INFO ] [config.AppConfig         ] ╚══════════════════════════════════════════╝
2026-06-13T11:51:57.490Z [INFO ] [config.AppConfig         ] ╔══════════════════════════════════════════╗
2026-06-13T11:51:57.490Z [INFO ] [config.AppConfig         ] ║     Gateway IoT — Configuração           ║
2026-06-13T11:51:57.490Z [INFO ] [config.AppConfig         ] ╠══════════════════════════════════════════╣
2026-06-13T11:51:57.490Z [INFO ] [config.AppConfig         ] ║ ID          : gateway_01
2026-06-13T11:51:57.490Z [INFO ] [config.AppConfig         ] ║ CoAP porta  : udp/5683
2026-06-13T11:51:57.490Z [INFO ] [config.AppConfig         ] ║ CoAP recurso: /dados/drone
2026-06-13T11:51:57.490Z [INFO ] [config.AppConfig         ] ║ MQTT broker : mosquitto:1883
2026-06-13T11:51:57.490Z [INFO ] [config.AppConfig         ] ║ MQTT telemetria: ambiente/estacao/estacao_01/telemetria
2026-06-13T11:51:57.490Z [INFO ] [config.AppConfig         ] ║ Datacenter  : http://192.168.1.200:8000/ingestao
2026-06-13T11:51:57.490Z [INFO ] [config.AppConfig         ] ╚══════════════════════════════════════════╝
2026-06-13T11:51:57.494Z [INFO ] [config.AppConfig         ] ╔══════════════════════════════════════════╗
2026-06-13T11:51:57.494Z [INFO ] [config.AppConfig         ] ║     Gateway IoT — Configuração           ║
2026-06-13T11:51:57.494Z [INFO ] [config.AppConfig         ] ╠══════════════════════════════════════════╣
2026-06-13T11:51:57.494Z [INFO ] [config.AppConfig         ] ║ ID          : gateway_01
2026-06-13T11:51:57.494Z [INFO ] [config.AppConfig         ] ║ CoAP porta  : udp/5683
2026-06-13T11:51:57.494Z [INFO ] [config.AppConfig         ] ║ CoAP recurso: /dados/drone
2026-06-13T11:51:57.494Z [INFO ] [config.AppConfig         ] ║ MQTT broker : mosquitto:1883
2026-06-13T11:51:57.494Z [INFO ] [config.AppConfig         ] ║ MQTT telemetria: ambiente/estacao/estacao_01/telemetria
2026-06-13T11:51:57.494Z [INFO ] [config.AppConfig         ] ║ Datacenter  : http://192.168.1.200:8000/ingestao
2026-06-13T11:51:57.494Z [INFO ] [config.AppConfig         ] ╚══════════════════════════════════════════╝
2026-06-13T11:51:57.497Z [INFO ] [config.AppConfig         ] ╔══════════════════════════════════════════╗
2026-06-13T11:51:57.498Z [INFO ] [config.AppConfig         ] ║     Gateway IoT — Configuração           ║
2026-06-13T11:51:57.498Z [INFO ] [config.AppConfig         ] ╠══════════════════════════════════════════╣
2026-06-13T11:51:57.498Z [INFO ] [config.AppConfig         ] ║ ID          : gateway_01
2026-06-13T11:51:57.498Z [INFO ] [config.AppConfig         ] ║ CoAP porta  : udp/5683
2026-06-13T11:51:57.498Z [INFO ] [config.AppConfig         ] ║ CoAP recurso: /dados/drone
2026-06-13T11:51:57.498Z [INFO ] [config.AppConfig         ] ║ MQTT broker : mosquitto:1883
2026-06-13T11:51:57.498Z [INFO ] [config.AppConfig         ] ║ MQTT telemetria: ambiente/estacao/estacao_01/telemetria
2026-06-13T11:51:57.498Z [INFO ] [config.AppConfig         ] ║ Datacenter  : http://192.168.1.200:8000/ingestao
2026-06-13T11:51:57.498Z [INFO ] [config.AppConfig         ] ╚══════════════════════════════════════════╝
2026-06-13T11:51:57.501Z [INFO ] [config.AppConfig         ] ╔══════════════════════════════════════════╗
2026-06-13T11:51:57.501Z [INFO ] [config.AppConfig         ] ║     Gateway IoT — Configuração           ║
2026-06-13T11:51:57.501Z [INFO ] [config.AppConfig         ] ╠══════════════════════════════════════════╣
2026-06-13T11:51:57.501Z [INFO ] [config.AppConfig         ] ║ ID          : gateway_01
2026-06-13T11:51:57.501Z [INFO ] [config.AppConfig         ] ║ CoAP porta  : udp/5683
2026-06-13T11:51:57.501Z [INFO ] [config.AppConfig         ] ║ CoAP recurso: /dados/drone
2026-06-13T11:51:57.501Z [INFO ] [config.AppConfig         ] ║ MQTT broker : mosquitto:1883
2026-06-13T11:51:57.501Z [INFO ] [config.AppConfig         ] ║ MQTT telemetria: ambiente/estacao/estacao_01/telemetria
2026-06-13T11:51:57.501Z [INFO ] [config.AppConfig         ] ║ Datacenter  : http://192.168.1.200:8000/ingestao
2026-06-13T11:51:57.501Z [INFO ] [config.AppConfig         ] ╚══════════════════════════════════════════╝
2026-06-13T11:51:57.504Z [INFO ] [config.AppConfig         ] ╔══════════════════════════════════════════╗
2026-06-13T11:51:57.504Z [INFO ] [config.AppConfig         ] ║     Gateway IoT — Configuração           ║
2026-06-13T11:51:57.504Z [INFO ] [config.AppConfig         ] ╠══════════════════════════════════════════╣
2026-06-13T11:51:57.504Z [INFO ] [config.AppConfig         ] ║ ID          : gateway_01
2026-06-13T11:51:57.504Z [INFO ] [config.AppConfig         ] ║ CoAP porta  : udp/5683
2026-06-13T11:51:57.504Z [INFO ] [config.AppConfig         ] ║ CoAP recurso: /dados/drone
2026-06-13T11:51:57.504Z [INFO ] [config.AppConfig         ] ║ MQTT broker : mosquitto:1883
2026-06-13T11:51:57.504Z [INFO ] [config.AppConfig         ] ║ MQTT telemetria: ambiente/estacao/estacao_01/telemetria
2026-06-13T11:51:57.504Z [INFO ] [config.AppConfig         ] ║ Datacenter  : http://192.168.1.200:8000/ingestao
2026-06-13T11:51:57.504Z [INFO ] [config.AppConfig         ] ╚══════════════════════════════════════════╝
2026-06-13T11:51:57.509Z [INFO ] [config.AppConfig         ] ╔══════════════════════════════════════════╗
2026-06-13T11:51:57.509Z [INFO ] [config.AppConfig         ] ║     Gateway IoT — Configuração           ║
2026-06-13T11:51:57.509Z [INFO ] [config.AppConfig         ] ╠══════════════════════════════════════════╣
2026-06-13T11:51:57.509Z [INFO ] [config.AppConfig         ] ║ ID          : gateway_01
2026-06-13T11:51:57.509Z [INFO ] [config.AppConfig         ] ║ CoAP porta  : udp/5683
2026-06-13T11:51:57.509Z [INFO ] [config.AppConfig         ] ║ CoAP recurso: /dados/drone
2026-06-13T11:51:57.509Z [INFO ] [config.AppConfig         ] ║ MQTT broker : mosquitto:1883
2026-06-13T11:51:57.509Z [INFO ] [config.AppConfig         ] ║ MQTT telemetria: ambiente/estacao/estacao_01/telemetria
2026-06-13T11:51:57.509Z [INFO ] [config.AppConfig         ] ║ Datacenter  : http://192.168.1.200:8000/ingestao
2026-06-13T11:51:57.509Z [INFO ] [config.AppConfig         ] ╚══════════════════════════════════════════╝
2026-06-13T11:51:57.512Z [INFO ] [config.AppConfig         ] ╔══════════════════════════════════════════╗
2026-06-13T11:51:57.512Z [INFO ] [config.AppConfig         ] ║     Gateway IoT — Configuração           ║
2026-06-13T11:51:57.512Z [INFO ] [config.AppConfig         ] ╠══════════════════════════════════════════╣
2026-06-13T11:51:57.512Z [INFO ] [config.AppConfig         ] ║ ID          : gateway_01
2026-06-13T11:51:57.512Z [INFO ] [config.AppConfig         ] ║ CoAP porta  : udp/5683
2026-06-13T11:51:57.512Z [INFO ] [config.AppConfig         ] ║ CoAP recurso: /dados/drone
2026-06-13T11:51:57.512Z [INFO ] [config.AppConfig         ] ║ MQTT broker : mosquitto:1883
2026-06-13T11:51:57.512Z [INFO ] [config.AppConfig         ] ║ MQTT telemetria: ambiente/estacao/estacao_01/telemetria
2026-06-13T11:51:57.512Z [INFO ] [config.AppConfig         ] ║ Datacenter  : http://192.168.1.200:8000/ingestao
2026-06-13T11:51:57.512Z [INFO ] [config.AppConfig         ] ╚══════════════════════════════════════════╝
2026-06-13T11:51:57.515Z [INFO ] [config.AppConfig         ] ╔══════════════════════════════════════════╗
2026-06-13T11:51:57.515Z [INFO ] [config.AppConfig         ] ║     Gateway IoT — Configuração           ║
2026-06-13T11:51:57.515Z [INFO ] [config.AppConfig         ] ╠══════════════════════════════════════════╣
2026-06-13T11:51:57.515Z [INFO ] [config.AppConfig         ] ║ ID          : gateway_01
2026-06-13T11:51:57.515Z [INFO ] [config.AppConfig         ] ║ CoAP porta  : udp/5683
2026-06-13T11:51:57.515Z [INFO ] [config.AppConfig         ] ║ CoAP recurso: /dados/drone
2026-06-13T11:51:57.515Z [INFO ] [config.AppConfig         ] ║ MQTT broker : mosquitto:1883
2026-06-13T11:51:57.515Z [INFO ] [config.AppConfig         ] ║ MQTT telemetria: ambiente/estacao/estacao_01/telemetria
2026-06-13T11:51:57.515Z [INFO ] [config.AppConfig         ] ║ Datacenter  : http://192.168.1.200:8000/ingestao
2026-06-13T11:51:57.515Z [INFO ] [config.AppConfig         ] ╚══════════════════════════════════════════╝
2026-06-13T11:51:57.517Z [INFO ] [config.AppConfig         ] ╔══════════════════════════════════════════╗
2026-06-13T11:51:57.517Z [INFO ] [config.AppConfig         ] ║     Gateway IoT — Configuração           ║
2026-06-13T11:51:57.517Z [INFO ] [config.AppConfig         ] ╠══════════════════════════════════════════╣
2026-06-13T11:51:57.517Z [INFO ] [config.AppConfig         ] ║ ID          : gateway_01
2026-06-13T11:51:57.517Z [INFO ] [config.AppConfig         ] ║ CoAP porta  : udp/5683
2026-06-13T11:51:57.517Z [INFO ] [config.AppConfig         ] ║ CoAP recurso: /dados/drone
2026-06-13T11:51:57.517Z [INFO ] [config.AppConfig         ] ║ MQTT broker : mosquitto:1883
2026-06-13T11:51:57.517Z [INFO ] [config.AppConfig         ] ║ MQTT telemetria: ambiente/estacao/estacao_01/telemetria
2026-06-13T11:51:57.517Z [INFO ] [config.AppConfig         ] ║ Datacenter  : http://192.168.1.200:8000/ingestao
2026-06-13T11:51:57.517Z [INFO ] [config.AppConfig         ] ╚══════════════════════════════════════════╝
2026-06-13T11:51:57.519Z [INFO ] [config.AppConfig         ] ╔══════════════════════════════════════════╗
2026-06-13T11:51:57.519Z [INFO ] [config.AppConfig         ] ║     Gateway IoT — Configuração           ║
2026-06-13T11:51:57.519Z [INFO ] [config.AppConfig         ] ╠══════════════════════════════════════════╣
2026-06-13T11:51:57.519Z [INFO ] [config.AppConfig         ] ║ ID          : gateway_01
2026-06-13T11:51:57.519Z [INFO ] [config.AppConfig         ] ║ CoAP porta  : udp/5683
2026-06-13T11:51:57.519Z [INFO ] [config.AppConfig         ] ║ CoAP recurso: /dados/drone
2026-06-13T11:51:57.519Z [INFO ] [config.AppConfig         ] ║ MQTT broker : mosquitto:1883
2026-06-13T11:51:57.520Z [INFO ] [config.AppConfig         ] ║ MQTT telemetria: ambiente/estacao/estacao_01/telemetria
2026-06-13T11:51:57.520Z [INFO ] [config.AppConfig         ] ║ Datacenter  : http://192.168.1.200:8000/ingestao
2026-06-13T11:51:57.520Z [INFO ] [config.AppConfig         ] ╚══════════════════════════════════════════╝
2026-06-13T11:51:57.522Z [INFO ] [config.AppConfig         ] ╔══════════════════════════════════════════╗
2026-06-13T11:51:57.522Z [INFO ] [config.AppConfig         ] ║     Gateway IoT — Configuração           ║
2026-06-13T11:51:57.522Z [INFO ] [config.AppConfig         ] ╠══════════════════════════════════════════╣
2026-06-13T11:51:57.522Z [INFO ] [config.AppConfig         ] ║ ID          : gateway_01
2026-06-13T11:51:57.522Z [INFO ] [config.AppConfig         ] ║ CoAP porta  : udp/5683
2026-06-13T11:51:57.522Z [INFO ] [config.AppConfig         ] ║ CoAP recurso: /dados/drone
2026-06-13T11:51:57.522Z [INFO ] [config.AppConfig         ] ║ MQTT broker : mosquitto:1883
2026-06-13T11:51:57.522Z [INFO ] [config.AppConfig         ] ║ MQTT telemetria: ambiente/estacao/estacao_01/telemetria
2026-06-13T11:51:57.522Z [INFO ] [config.AppConfig         ] ║ Datacenter  : http://192.168.1.200:8000/ingestao
2026-06-13T11:51:57.522Z [INFO ] [config.AppConfig         ] ╚══════════════════════════════════════════╝
2026-06-13T12:12:09.190Z [INFO ] [config.AppConfig         ] ╔══════════════════════════════════════════╗
2026-06-13T12:12:09.191Z [INFO ] [config.AppConfig         ] ║     Gateway IoT — Configuração           ║
2026-06-13T12:12:09.191Z [INFO ] [config.AppConfig         ] ╠══════════════════════════════════════════╣
2026-06-13T12:12:09.191Z [INFO ] [config.AppConfig         ] ║ ID          : gateway_01
2026-06-13T12:12:09.192Z [INFO ] [config.AppConfig         ] ║ CoAP porta  : udp/5683
2026-06-13T12:12:09.192Z [INFO ] [config.AppConfig         ] ║ CoAP recurso: /dados/drone
2026-06-13T12:12:09.192Z [INFO ] [config.AppConfig         ] ║ MQTT broker : mosquitto:1883
2026-06-13T12:12:09.192Z [INFO ] [config.AppConfig         ] ║ MQTT telemetria: ambiente/estacao/estacao_01/telemetria
2026-06-13T12:12:09.192Z [INFO ] [config.AppConfig         ] ║ Datacenter  : http://192.168.1.200:8000/ingestao
2026-06-13T12:12:09.192Z [INFO ] [config.AppConfig         ] ╚══════════════════════════════════════════╝
2026-06-13T12:12:09.193Z [INFO ] [config.AppConfig         ] ╔══════════════════════════════════════════╗
2026-06-13T12:12:09.193Z [INFO ] [config.AppConfig         ] ║     Gateway IoT — Configuração           ║
2026-06-13T12:12:09.193Z [INFO ] [config.AppConfig         ] ╠══════════════════════════════════════════╣
2026-06-13T12:12:09.193Z [INFO ] [config.AppConfig         ] ║ ID          : gateway_01
2026-06-13T12:12:09.193Z [INFO ] [config.AppConfig         ] ║ CoAP porta  : udp/5683
2026-06-13T12:12:09.193Z [INFO ] [config.AppConfig         ] ║ CoAP recurso: /dados/drone
2026-06-13T12:12:09.193Z [INFO ] [config.AppConfig         ] ║ MQTT broker : mosquitto:1883
2026-06-13T12:12:09.193Z [INFO ] [config.AppConfig         ] ║ MQTT telemetria: ambiente/estacao/estacao_01/telemetria
2026-06-13T12:12:09.193Z [INFO ] [config.AppConfig         ] ║ Datacenter  : http://192.168.1.200:8000/ingestao
2026-06-13T12:12:09.193Z [INFO ] [config.AppConfig         ] ╚══════════════════════════════════════════╝
2026-06-13T12:12:09.384Z [DEBUG] [forwarder.HttpForwarder  ] [HTTP] Worker de envio iniciado.
2026-06-13T12:12:09.385Z [INFO ] [forwarder.HttpForwarder  ] [HTTP] Forwarder iniciado | destino: http://localhost:18000/ingestao
2026-06-13T12:12:09.568Z [DEBUG] [forwarder.HttpForwarder  ] [HTTP] OK | src=drone_01 seq=42 | 116ms | status=200
2026-06-13T12:12:14.576Z [INFO ] [forwarder.HttpForwarder  ] [HTTP] Forwarder encerrado.
2026-06-13T12:12:14.576Z [INFO ] [forwarder.HttpForwarder  ] ╔══════════════════════════════════════════╗
2026-06-13T12:12:14.576Z [INFO ] [forwarder.HttpForwarder  ] ║       Métricas HTTP Forwarder            ║
2026-06-13T12:12:14.577Z [INFO ] [forwarder.HttpForwarder  ] ╠══════════════════════════════════════════╣
2026-06-13T12:12:14.577Z [INFO ] [forwarder.HttpForwarder  ] ║ Enfileirados : 1
2026-06-13T12:12:14.577Z [INFO ] [forwarder.HttpForwarder  ] ║ Sucesso      : 1
2026-06-13T12:12:14.577Z [INFO ] [forwarder.HttpForwarder  ] ║ Erros        : 0
2026-06-13T12:12:14.577Z [INFO ] [forwarder.HttpForwarder  ] ║ Retries      : 0
2026-06-13T12:12:14.577Z [INFO ] [forwarder.HttpForwarder  ] ║ Descartados  : 0
2026-06-13T12:12:14.578Z [INFO ] [forwarder.HttpForwarder  ] ║ Taxa sucesso : 100.0%
2026-06-13T12:12:14.579Z [INFO ] [forwarder.HttpForwarder  ] ║ Lat. HTTP avg: 116.0 ms
2026-06-13T12:12:14.579Z [INFO ] [forwarder.HttpForwarder  ] ╚══════════════════════════════════════════╝
2026-06-13T12:12:14.600Z [INFO ] [config.AppConfig         ] ╔══════════════════════════════════════════╗
2026-06-13T12:12:14.601Z [INFO ] [config.AppConfig         ] ║     Gateway IoT — Configuração           ║
2026-06-13T12:12:14.601Z [INFO ] [config.AppConfig         ] ╠══════════════════════════════════════════╣
2026-06-13T12:12:14.601Z [INFO ] [config.AppConfig         ] ║ ID          : gateway_01
2026-06-13T12:12:14.601Z [INFO ] [config.AppConfig         ] ║ CoAP porta  : udp/5683
2026-06-13T12:12:14.601Z [INFO ] [config.AppConfig         ] ║ CoAP recurso: /dados/drone
2026-06-13T12:12:14.601Z [INFO ] [config.AppConfig         ] ║ MQTT broker : mosquitto:1883
2026-06-13T12:12:14.601Z [INFO ] [config.AppConfig         ] ║ MQTT telemetria: ambiente/estacao/estacao_01/telemetria
2026-06-13T12:12:14.601Z [INFO ] [config.AppConfig         ] ║ Datacenter  : http://192.168.1.200:8000/ingestao
2026-06-13T12:12:14.601Z [INFO ] [config.AppConfig         ] ╚══════════════════════════════════════════╝
2026-06-13T12:12:14.602Z [INFO ] [config.AppConfig         ] ╔══════════════════════════════════════════╗
2026-06-13T12:12:14.602Z [INFO ] [config.AppConfig         ] ║     Gateway IoT — Configuração           ║
2026-06-13T12:12:14.602Z [INFO ] [config.AppConfig         ] ╠══════════════════════════════════════════╣
2026-06-13T12:12:14.602Z [INFO ] [config.AppConfig         ] ║ ID          : gateway_01
2026-06-13T12:12:14.602Z [INFO ] [config.AppConfig         ] ║ CoAP porta  : udp/5683
2026-06-13T12:12:14.602Z [INFO ] [config.AppConfig         ] ║ CoAP recurso: /dados/drone
2026-06-13T12:12:14.602Z [INFO ] [config.AppConfig         ] ║ MQTT broker : mosquitto:1883
2026-06-13T12:12:14.602Z [INFO ] [config.AppConfig         ] ║ MQTT telemetria: ambiente/estacao/estacao_01/telemetria
2026-06-13T12:12:14.602Z [INFO ] [config.AppConfig         ] ║ Datacenter  : http://192.168.1.200:8000/ingestao
2026-06-13T12:12:14.602Z [INFO ] [config.AppConfig         ] ╚══════════════════════════════════════════╝
2026-06-13T12:12:14.603Z [INFO ] [forwarder.HttpForwarder  ] [HTTP] Forwarder iniciado | destino: http://localhost:18000/ingestao
2026-06-13T12:12:14.603Z [DEBUG] [forwarder.HttpForwarder  ] [HTTP] Worker de envio iniciado.
2026-06-13T12:12:14.609Z [DEBUG] [forwarder.HttpForwarder  ] [HTTP] OK | src=drone_01 seq=1 | 3ms | status=200
2026-06-13T12:12:14.612Z [DEBUG] [forwarder.HttpForwarder  ] [HTTP] OK | src=estacao_01 seq=2 | 2ms | status=200
2026-06-13T12:12:19.612Z [INFO ] [forwarder.HttpForwarder  ] [HTTP] Forwarder encerrado.
2026-06-13T12:12:19.612Z [INFO ] [forwarder.HttpForwarder  ] ╔══════════════════════════════════════════╗
2026-06-13T12:12:19.613Z [INFO ] [forwarder.HttpForwarder  ] ║       Métricas HTTP Forwarder            ║
2026-06-13T12:12:19.613Z [INFO ] [forwarder.HttpForwarder  ] ╠══════════════════════════════════════════╣
2026-06-13T12:12:19.613Z [INFO ] [forwarder.HttpForwarder  ] ║ Enfileirados : 2
2026-06-13T12:12:19.613Z [INFO ] [forwarder.HttpForwarder  ] ║ Sucesso      : 2
2026-06-13T12:12:19.613Z [INFO ] [forwarder.HttpForwarder  ] ║ Erros        : 0
2026-06-13T12:12:19.613Z [INFO ] [forwarder.HttpForwarder  ] ║ Retries      : 0
2026-06-13T12:12:19.613Z [INFO ] [forwarder.HttpForwarder  ] ║ Descartados  : 0
2026-06-13T12:12:19.613Z [INFO ] [forwarder.HttpForwarder  ] ║ Taxa sucesso : 100.0%
2026-06-13T12:12:19.614Z [INFO ] [forwarder.HttpForwarder  ] ║ Lat. HTTP avg: 2.5 ms
2026-06-13T12:12:19.614Z [INFO ] [forwarder.HttpForwarder  ] ╚══════════════════════════════════════════╝
2026-06-13T12:12:19.619Z [INFO ] [config.AppConfig         ] ╔══════════════════════════════════════════╗
2026-06-13T12:12:19.619Z [INFO ] [config.AppConfig         ] ║     Gateway IoT — Configuração           ║
2026-06-13T12:12:19.619Z [INFO ] [config.AppConfig         ] ╠══════════════════════════════════════════╣
2026-06-13T12:12:19.619Z [INFO ] [config.AppConfig         ] ║ ID          : gateway_01
2026-06-13T12:12:19.619Z [INFO ] [config.AppConfig         ] ║ CoAP porta  : udp/5683
2026-06-13T12:12:19.619Z [INFO ] [config.AppConfig         ] ║ CoAP recurso: /dados/drone
2026-06-13T12:12:19.619Z [INFO ] [config.AppConfig         ] ║ MQTT broker : mosquitto:1883
2026-06-13T12:12:19.619Z [INFO ] [config.AppConfig         ] ║ MQTT telemetria: ambiente/estacao/estacao_01/telemetria
2026-06-13T12:12:19.619Z [INFO ] [config.AppConfig         ] ║ Datacenter  : http://192.168.1.200:8000/ingestao
2026-06-13T12:12:19.619Z [INFO ] [config.AppConfig         ] ╚══════════════════════════════════════════╝
2026-06-13T12:12:19.620Z [INFO ] [config.AppConfig         ] ╔══════════════════════════════════════════╗
2026-06-13T12:12:19.620Z [INFO ] [config.AppConfig         ] ║     Gateway IoT — Configuração           ║
2026-06-13T12:12:19.620Z [INFO ] [config.AppConfig         ] ╠══════════════════════════════════════════╣
2026-06-13T12:12:19.620Z [INFO ] [config.AppConfig         ] ║ ID          : gateway_01
2026-06-13T12:12:19.620Z [INFO ] [config.AppConfig         ] ║ CoAP porta  : udp/5683
2026-06-13T12:12:19.620Z [INFO ] [config.AppConfig         ] ║ CoAP recurso: /dados/drone
2026-06-13T12:12:19.620Z [INFO ] [config.AppConfig         ] ║ MQTT broker : mosquitto:1883
2026-06-13T12:12:19.620Z [INFO ] [config.AppConfig         ] ║ MQTT telemetria: ambiente/estacao/estacao_01/telemetria
2026-06-13T12:12:19.620Z [INFO ] [config.AppConfig         ] ║ Datacenter  : http://192.168.1.200:8000/ingestao
2026-06-13T12:12:19.620Z [INFO ] [config.AppConfig         ] ╚══════════════════════════════════════════╝
2026-06-13T12:12:19.621Z [INFO ] [forwarder.HttpForwarder  ] [HTTP] Forwarder iniciado | destino: http://localhost:18000/ingestao
2026-06-13T12:12:19.621Z [DEBUG] [forwarder.HttpForwarder  ] [HTTP] Worker de envio iniciado.
2026-06-13T12:12:19.627Z [DEBUG] [forwarder.HttpForwarder  ] [HTTP] OK | src=drone_01 seq=1 | 3ms | status=200
2026-06-13T12:12:24.627Z [INFO ] [forwarder.HttpForwarder  ] [HTTP] Forwarder encerrado.
2026-06-13T12:12:24.627Z [INFO ] [forwarder.HttpForwarder  ] ╔══════════════════════════════════════════╗
2026-06-13T12:12:24.627Z [INFO ] [forwarder.HttpForwarder  ] ║       Métricas HTTP Forwarder            ║
2026-06-13T12:12:24.627Z [INFO ] [forwarder.HttpForwarder  ] ╠══════════════════════════════════════════╣
2026-06-13T12:12:24.628Z [INFO ] [forwarder.HttpForwarder  ] ║ Enfileirados : 1
2026-06-13T12:12:24.628Z [INFO ] [forwarder.HttpForwarder  ] ║ Sucesso      : 1
2026-06-13T12:12:24.628Z [INFO ] [forwarder.HttpForwarder  ] ║ Erros        : 0
2026-06-13T12:12:24.628Z [INFO ] [forwarder.HttpForwarder  ] ║ Retries      : 0
2026-06-13T12:12:24.628Z [INFO ] [forwarder.HttpForwarder  ] ║ Descartados  : 0
2026-06-13T12:12:24.628Z [INFO ] [forwarder.HttpForwarder  ] ║ Taxa sucesso : 100.0%
2026-06-13T12:12:24.628Z [INFO ] [forwarder.HttpForwarder  ] ║ Lat. HTTP avg: 3.0 ms
2026-06-13T12:12:24.628Z [INFO ] [forwarder.HttpForwarder  ] ╚══════════════════════════════════════════╝
2026-06-13T12:12:24.635Z [INFO ] [config.AppConfig         ] ╔══════════════════════════════════════════╗
2026-06-13T12:12:24.635Z [INFO ] [config.AppConfig         ] ║     Gateway IoT — Configuração           ║
2026-06-13T12:12:24.635Z [INFO ] [config.AppConfig         ] ╠══════════════════════════════════════════╣
2026-06-13T12:12:24.635Z [INFO ] [config.AppConfig         ] ║ ID          : gateway_01
2026-06-13T12:12:24.636Z [INFO ] [config.AppConfig         ] ║ CoAP porta  : udp/5683
2026-06-13T12:12:24.636Z [INFO ] [config.AppConfig         ] ║ CoAP recurso: /dados/drone
2026-06-13T12:12:24.636Z [INFO ] [config.AppConfig         ] ║ MQTT broker : mosquitto:1883
2026-06-13T12:12:24.636Z [INFO ] [config.AppConfig         ] ║ MQTT telemetria: ambiente/estacao/estacao_01/telemetria
2026-06-13T12:12:24.636Z [INFO ] [config.AppConfig         ] ║ Datacenter  : http://192.168.1.200:8000/ingestao
2026-06-13T12:12:24.636Z [INFO ] [config.AppConfig         ] ╚══════════════════════════════════════════╝
2026-06-13T12:12:24.637Z [INFO ] [config.AppConfig         ] ╔══════════════════════════════════════════╗
2026-06-13T12:12:24.637Z [INFO ] [config.AppConfig         ] ║     Gateway IoT — Configuração           ║
2026-06-13T12:12:24.637Z [INFO ] [config.AppConfig         ] ╠══════════════════════════════════════════╣
2026-06-13T12:12:24.637Z [INFO ] [config.AppConfig         ] ║ ID          : gateway_01
2026-06-13T12:12:24.637Z [INFO ] [config.AppConfig         ] ║ CoAP porta  : udp/5683
2026-06-13T12:12:24.637Z [INFO ] [config.AppConfig         ] ║ CoAP recurso: /dados/drone
2026-06-13T12:12:24.637Z [INFO ] [config.AppConfig         ] ║ MQTT broker : mosquitto:1883
2026-06-13T12:12:24.637Z [INFO ] [config.AppConfig         ] ║ MQTT telemetria: ambiente/estacao/estacao_01/telemetria
2026-06-13T12:12:24.637Z [INFO ] [config.AppConfig         ] ║ Datacenter  : http://192.168.1.200:8000/ingestao
2026-06-13T12:12:24.637Z [INFO ] [config.AppConfig         ] ╚══════════════════════════════════════════╝
2026-06-13T12:12:24.639Z [INFO ] [forwarder.HttpForwarder  ] [HTTP] Forwarder iniciado | destino: http://localhost:18000/ingestao
2026-06-13T12:12:24.639Z [DEBUG] [forwarder.HttpForwarder  ] [HTTP] Worker de envio iniciado.
2026-06-13T12:12:24.646Z [DEBUG] [forwarder.HttpForwarder  ] [HTTP] OK | src=drone_01 seq=1 | 4ms | status=200
2026-06-13T12:12:24.648Z [DEBUG] [forwarder.HttpForwarder  ] [HTTP] OK | src=drone_01 seq=2 | 2ms | status=200
2026-06-13T12:12:24.651Z [DEBUG] [forwarder.HttpForwarder  ] [HTTP] OK | src=drone_01 seq=3 | 2ms | status=200
2026-06-13T12:12:30.154Z [INFO ] [forwarder.HttpForwarder  ] [HTTP] Forwarder encerrado.
2026-06-13T12:12:30.155Z [INFO ] [forwarder.HttpForwarder  ] ╔══════════════════════════════════════════╗
2026-06-13T12:12:30.155Z [INFO ] [forwarder.HttpForwarder  ] ║       Métricas HTTP Forwarder            ║
2026-06-13T12:12:30.155Z [INFO ] [forwarder.HttpForwarder  ] ╠══════════════════════════════════════════╣
2026-06-13T12:12:30.155Z [INFO ] [forwarder.HttpForwarder  ] ║ Enfileirados : 3
2026-06-13T12:12:30.155Z [INFO ] [forwarder.HttpForwarder  ] ║ Sucesso      : 3
2026-06-13T12:12:30.155Z [INFO ] [forwarder.HttpForwarder  ] ║ Erros        : 0
2026-06-13T12:12:30.155Z [INFO ] [forwarder.HttpForwarder  ] ║ Retries      : 0
2026-06-13T12:12:30.155Z [INFO ] [forwarder.HttpForwarder  ] ║ Descartados  : 0
2026-06-13T12:12:30.156Z [INFO ] [forwarder.HttpForwarder  ] ║ Taxa sucesso : 100.0%
2026-06-13T12:12:30.156Z [INFO ] [forwarder.HttpForwarder  ] ║ Lat. HTTP avg: 2.7 ms
2026-06-13T12:12:30.156Z [INFO ] [forwarder.HttpForwarder  ] ╚══════════════════════════════════════════╝
